Archive member included to satisfy reference by file (symbol)

d:/gnu arm embedded toolchain/10 2021.10/bin/../lib/gcc/arm-none-eabi/10.3.1/../../../../arm-none-eabi/lib/thumb/v7-m/nofp\libc_nano.a(lib_a-errno.o)
                              build/sysmem.o (__errno)
d:/gnu arm embedded toolchain/10 2021.10/bin/../lib/gcc/arm-none-eabi/10.3.1/../../../../arm-none-eabi/lib/thumb/v7-m/nofp\libc_nano.a(lib_a-exit.o)
                              d:/gnu arm embedded toolchain/10 2021.10/bin/../lib/gcc/arm-none-eabi/10.3.1/../../../../arm-none-eabi/lib/thumb/v7-m/nofp/crt0.o (exit)
d:/gnu arm embedded toolchain/10 2021.10/bin/../lib/gcc/arm-none-eabi/10.3.1/../../../../arm-none-eabi/lib/thumb/v7-m/nofp\libc_nano.a(lib_a-impure.o)
                              d:/gnu arm embedded toolchain/10 2021.10/bin/../lib/gcc/arm-none-eabi/10.3.1/../../../../arm-none-eabi/lib/thumb/v7-m/nofp\libc_nano.a(lib_a-exit.o) (_global_impure_ptr)
d:/gnu arm embedded toolchain/10 2021.10/bin/../lib/gcc/arm-none-eabi/10.3.1/../../../../arm-none-eabi/lib/thumb/v7-m/nofp\libc_nano.a(lib_a-init.o)
                              d:/gnu arm embedded toolchain/10 2021.10/bin/../lib/gcc/arm-none-eabi/10.3.1/../../../../arm-none-eabi/lib/thumb/v7-m/nofp/crt0.o (__libc_init_array)
d:/gnu arm embedded toolchain/10 2021.10/bin/../lib/gcc/arm-none-eabi/10.3.1/../../../../arm-none-eabi/lib/thumb/v7-m/nofp\libc_nano.a(lib_a-malloc.o)
                              build/user_lib.o (malloc)
d:/gnu arm embedded toolchain/10 2021.10/bin/../lib/gcc/arm-none-eabi/10.3.1/../../../../arm-none-eabi/lib/thumb/v7-m/nofp\libc_nano.a(lib_a-memcmp.o)
                              build/ex_05a_main.o (memcmp)
d:/gnu arm embedded toolchain/10 2021.10/bin/../lib/gcc/arm-none-eabi/10.3.1/../../../../arm-none-eabi/lib/thumb/v7-m/nofp\libc_nano.a(lib_a-memcpy-stub.o)
                              build/QuaternionEKF.o (memcpy)
d:/gnu arm embedded toolchain/10 2021.10/bin/../lib/gcc/arm-none-eabi/10.3.1/../../../../arm-none-eabi/lib/thumb/v7-m/nofp\libc_nano.a(lib_a-memset.o)
                              d:/gnu arm embedded toolchain/10 2021.10/bin/../lib/gcc/arm-none-eabi/10.3.1/../../../../arm-none-eabi/lib/thumb/v7-m/nofp/crt0.o (memset)
d:/gnu arm embedded toolchain/10 2021.10/bin/../lib/gcc/arm-none-eabi/10.3.1/../../../../arm-none-eabi/lib/thumb/v7-m/nofp\libc_nano.a(lib_a-nano-freer.o)
                              d:/gnu arm embedded toolchain/10 2021.10/bin/../lib/gcc/arm-none-eabi/10.3.1/../../../../arm-none-eabi/lib/thumb/v7-m/nofp\libc_nano.a(lib_a-malloc.o) (_free_r)
d:/gnu arm embedded toolchain/10 2021.10/bin/../lib/gcc/arm-none-eabi/10.3.1/../../../../arm-none-eabi/lib/thumb/v7-m/nofp\libc_nano.a(lib_a-nano-mallocr.o)
                              d:/gnu arm embedded toolchain/10 2021.10/bin/../lib/gcc/arm-none-eabi/10.3.1/../../../../arm-none-eabi/lib/thumb/v7-m/nofp\libc_nano.a(lib_a-malloc.o) (_malloc_r)
d:/gnu arm embedded toolchain/10 2021.10/bin/../lib/gcc/arm-none-eabi/10.3.1/../../../../arm-none-eabi/lib/thumb/v7-m/nofp\libc_nano.a(lib_a-sbrkr.o)
                              d:/gnu arm embedded toolchain/10 2021.10/bin/../lib/gcc/arm-none-eabi/10.3.1/../../../../arm-none-eabi/lib/thumb/v7-m/nofp\libc_nano.a(lib_a-nano-mallocr.o) (_sbrk_r)
d:/gnu arm embedded toolchain/10 2021.10/bin/../lib/gcc/arm-none-eabi/10.3.1/../../../../arm-none-eabi/lib/thumb/v7-m/nofp\libc_nano.a(lib_a-mlock.o)
                              d:/gnu arm embedded toolchain/10 2021.10/bin/../lib/gcc/arm-none-eabi/10.3.1/../../../../arm-none-eabi/lib/thumb/v7-m/nofp\libc_nano.a(lib_a-nano-freer.o) (__malloc_lock)
d:/gnu arm embedded toolchain/10 2021.10/bin/../lib/gcc/arm-none-eabi/10.3.1/../../../../arm-none-eabi/lib/thumb/v7-m/nofp\libc_nano.a(lib_a-reent.o)
                              d:/gnu arm embedded toolchain/10 2021.10/bin/../lib/gcc/arm-none-eabi/10.3.1/../../../../arm-none-eabi/lib/thumb/v7-m/nofp\libc_nano.a(lib_a-sbrkr.o) (errno)
d:/gnu arm embedded toolchain/10 2021.10/bin/../lib/gcc/arm-none-eabi/10.3.1/../../../../arm-none-eabi/lib/thumb/v7-m/nofp\libc_nano.a(lib_a-lock.o)
                              d:/gnu arm embedded toolchain/10 2021.10/bin/../lib/gcc/arm-none-eabi/10.3.1/../../../../arm-none-eabi/lib/thumb/v7-m/nofp\libc_nano.a(lib_a-mlock.o) (__retarget_lock_acquire_recursive)
d:/gnu arm embedded toolchain/10 2021.10/bin/../lib/gcc/arm-none-eabi/10.3.1/../../../../arm-none-eabi/lib/thumb/v7-m/nofp\libm.a(lib_a-s_cos.o)
                              build/IMU-UWB.o (cos)
d:/gnu arm embedded toolchain/10 2021.10/bin/../lib/gcc/arm-none-eabi/10.3.1/../../../../arm-none-eabi/lib/thumb/v7-m/nofp\libm.a(lib_a-s_sin.o)
                              build/IMU-UWB.o (sin)
d:/gnu arm embedded toolchain/10 2021.10/bin/../lib/gcc/arm-none-eabi/10.3.1/../../../../arm-none-eabi/lib/thumb/v7-m/nofp\libm.a(lib_a-sf_cos.o)
                              build/ins_task.o (cosf)
[...]
Memory Configuration

Name             Origin             Length             Attributes
RAM              0x20000000         0x00005000         xrw
FLASH            0x08000000         0x00010000         xr
*default*        0x00000000         0xffffffff

Linker script and memory map

LOAD d:/gnu arm embedded toolchain/10 2021.10/bin/../lib/gcc/arm-none-eabi/10.3.1/thumb/v7-m/nofp/crti.o
LOAD d:/gnu arm embedded toolchain/10 2021.10/bin/../lib/gcc/arm-none-eabi/10.3.1/thumb/v7-m/nofp/crtbegin.o
LOAD d:/gnu arm embedded toolchain/10 2021.10/bin/../lib/gcc/arm-none-eabi/10.3.1/../../../../arm-none-eabi/lib/thumb/v7-m/nofp/crt0.o
LOAD build/main.o
LOAD build/gpio.o
LOAD build/spi.o
LOAD build/stm32f1xx_it.o
LOAD build/stm32f1xx_hal_msp.o
LOAD build/stm32f1xx_hal_gpio_ex.o
LOAD build/stm32f1xx_hal_spi.o
LOAD build/stm32f1xx_hal.o
LOAD build/stm32f1xx_hal_rcc.o
LOAD build/stm32f1xx_hal_rcc_ex.o
LOAD build/stm32f1xx_hal_gpio.o
LOAD build/stm32f1xx_hal_dma.o
LOAD build/stm32f1xx_hal_cortex.o
LOAD build/stm32f1xx_hal_pwr.o
LOAD build/stm32f1xx_hal_flash.o
LOAD build/stm32f1xx_hal_flash_ex.o
LOAD build/stm32f1xx_hal_exti.o
LOAD build/stm32f1xx_hal_tim.o
LOAD build/stm32f1xx_hal_tim_ex.o
LOAD build/system_stm32f1xx.o
LOAD build/sysmem.o
LOAD build/syscalls.o
LOAD build/BMI088driver.o
LOAD build/BMI088Middleware.o
LOAD build/ins_task.o
LOAD build/dma.o
LOAD build/QuaternionEKF.o
LOAD build/user_lib.o
LOAD build/kalman_filter.o
LOAD build/pid.o
LOAD build/IMU-UWB.o
LOAD build/Filter.o
LOAD build/freertos.o
LOAD build/croutine.o
LOAD build/event_groups.o
LOAD build/list.o
LOAD build/queue.o
LOAD build/stream_buffer.o
LOAD build/tasks.o
LOAD build/timers.o
LOAD build/heap_4.o
LOAD build/port.o
LOAD build/cmsis_os.o
LOAD build/plane.o
LOAD build/tim.o
LOAD build/deca_device.o
LOAD build/deca_params_init.o
LOAD build/deca_mutex.o
LOAD build/deca_range_tables.o
LOAD build/deca_sleep.o
LOAD build/deca_spi.o
LOAD build/DWMport.o
LOAD build/ex_05a_main.o
LOAD build/trilateration.o
LOAD build/flash.o
LOAD build/usart.o
LOAD build/stm32f1xx_hal_uart.o
LOAD build/Movebase.o
LOAD build/data_pool.o
LOAD build/stm32f1xx_hal_timebase_tim.o
LOAD build/measure.o
LOAD build/startup_stm32f103xb.o
LOAD d:/gnu arm embedded toolchain/10 2021.10/bin/../lib/gcc/arm-none-eabi/10.3.1/../../../../arm-none-eabi/lib/thumb/v7-m/nofp\libc_nano.a
LOAD d:/gnu arm embedded toolchain/10 2021.10/bin/../lib/gcc/arm-none-eabi/10.3.1/../../../../arm-none-eabi/lib/thumb/v7-m/nofp\libm.a
LOAD d:/gnu arm embedded toolchain/10 2021.10/bin/../lib/gcc/arm-none-eabi/10.3.1/../../../../arm-none-eabi/lib/thumb/v7-m/nofp\libnosys.a
LOAD Middlewares/ST/ARM/DSP/Lib/libarm_cortexM3l_math.a
START GROUP
LOAD d:/gnu arm embedded toolchain/10 2021.10/bin/../lib/gcc/arm-none-eabi/10.3.1/thumb/v7-m/nofp\libgcc.a
LOAD d:/gnu arm embedded toolchain/10 2021.10/bin/../lib/gcc/arm-none-eabi/10.3.1/../../../../arm-none-eabi/lib/thumb/v7-m/nofp\libc_nano.a
END GROUP
START GROUP
LOAD d:/gnu arm embedded toolchain/10 2021.10/bin/../lib/gcc/arm-none-eabi/10.3.1/thumb/v7-m/nofp\libgcc.a
LOAD d:/gnu arm embedded toolchain/10 2021.10/bin/../lib/gcc/arm-none-eabi/10.3.1/../../../../arm-none-eabi/lib/thumb/v7-m/nofp\libc_nano.a
END GROUP
LOAD d:/gnu arm embedded toolchain/10 2021.10/bin/../lib/gcc/arm-none-eabi/10.3.1/thumb/v7-m/nofp/crtend.o
LOAD d:/gnu arm embedded toolchain/10 2021.10/bin/../lib/gcc/arm-none-eabi/10.3.1/thumb/v7-m/nofp/crtn.o
                0x20005000                _estack = (ORIGIN (RAM) + LENGTH (RAM))
                0x00000200                _Min_Heap_Size = 0x200
                0x00000400                _Min_Stack_Size = 0x400

.isr_vector     0x08000000      0x10c
                0x08000000                . = ALIGN (0x4)
 *(.isr_vector)
 .isr_vector    0x08000000      0x10c build/startup_stm32f103xb.o
                0x08000000                g_pfnVectors
                0x0800010c                . = ALIGN (0x4)

.text           0x08000110     0x8914
                0x08000110                . = ALIGN (0x4)
 *(.text)
 .text          0x08000110       0x40 d:/gnu arm embedded toolchain/10 2021.10/bin/../lib/gcc/arm-none-eabi/10.3.1/thumb/v7-m/nofp/crtbegin.o
 .text          0x08000150      0x21c d:/gnu arm embedded toolchain/10 2021.10/bin/../lib/gcc/arm-none-eabi/10.3.1/thumb/v7-m/nofp\libgcc.a(_arm_addsubsf3.o)
                0x08000150                __aeabi_frsub
                0x08000158                __subsf3
                0x08000158                __aeabi_fsub
                0x0800015c                __aeabi_fadd
                0x0800015c                __addsf3
                0x080002bc                __aeabi_ui2f
                0x080002bc                __floatunsisf
                0x080002c4                __aeabi_i2f
                0x080002c4                __floatsisf
                0x080002e0                __aeabi_ul2f
                0x080002e0                __floatundisf
                0x080002f0                __aeabi_l2f
                0x080002f0                __floatdisf
 .text          0x0800036c      0x2a0 d:/gnu arm embedded toolchain/10 2021.10/bin/../lib/gcc/arm-none-eabi/10.3.1/thumb/v7-m/nofp\libgcc.a(_arm_muldivsf3.o)
                0x0800036c                __mulsf3
                0x0800036c                __aeabi_fmul
                0x080004d4                __aeabi_fdiv
                0x080004d4                __divsf3
 .text          0x0800060c       0xec d:/gnu arm embedded toolchain/10 2021.10/bin/../lib/gcc/arm-none-eabi/10.3.1/thumb/v7-m/nofp\libgcc.a(_arm_cmpsf2.o)
                0x0800060c                __gesf2
                0x0800060c                __gtsf2
                0x08000614                __lesf2
                0x08000614                __ltsf2
                0x0800061c                __nesf2
                0x0800061c                __eqsf2
                0x0800061c                __cmpsf2
                0x0800067c                __aeabi_cfrcmple
                0x08000684                __aeabi_cfcmpeq
                0x08000684                __aeabi_cfcmple
                0x08000694                __aeabi_fcmpeq
                0x080006a8                __aeabi_fcmplt
                0x080006bc                __aeabi_fcmple
                0x080006d0                __aeabi_fcmpge
                0x080006e4                __aeabi_fcmpgt
 .text          0x080006f8       0x2c d:/gnu arm embedded toolchain/10 2021.10/bin/../lib/gcc/arm-none-eabi/10.3.1/thumb/v7-m/nofp\libgcc.a(_arm_unordsf2.o)
                0x080006f8                __unordsf2
                0x080006f8                __aeabi_fcmpun
 .text          0x08000724       0x4c d:/gnu arm embedded toolchain/10 2021.10/bin/../lib/gcc/arm-none-eabi/10.3.1/thumb/v7-m/nofp\libgcc.a(_arm_fixsfsi.o)
                0x08000724                __aeabi_f2iz
                0x08000724                __fixsfsi
 .text          0x08000770       0x40 d:/gnu arm embedded toolchain/10 2021.10/bin/../lib/gcc/arm-none-eabi/10.3.1/thumb/v7-m/nofp\libgcc.a(_arm_fixunssfsi.o)
                0x08000770                __fixunssfsi
                0x08000770                __aeabi_f2uiz
 *(.text*)
 .text.HAL_TIM_PeriodElapsedCallback
                0x080007b0       0xd8 build/main.o
                0x080007b0                HAL_TIM_PeriodElapsedCallback
 .text.Error_Handler
                0x08000888        0x4 build/main.o
                0x08000888                Error_Handler
 .text.SystemClock_Config
                0x0800088c       0x64 build/main.o
                0x0800088c                SystemClock_Config
 .text.main     0x080008f0       0x38 build/main.o
                0x080008f0                main
 .text.MX_GPIO_Init
                0x08000928      0x15c build/gpio.o
                0x08000928                MX_GPIO_Init
 .text.MX_SPI1_Init
                0x08000a84       0x44 build/spi.o
                0x08000a84                MX_SPI1_Init
 .text.MX_SPI2_Init
                0x08000ac8       0x48 build/spi.o
                0x08000ac8                MX_SPI2_Init
 .text.HAL_SPI_MspInit
                0x08000b10      0x148 build/spi.o
                0x08000b10                HAL_SPI_MspInit
 .text.NMI_Handler
                0x08000c58        0x2 build/stm32f1xx_it.o
                0x08000c58                NMI_Handler
 .text.HardFault_Handler
                0x08000c5a        0x2 build/stm32f1xx_it.o
                0x08000c5a                HardFault_Handler
 .text.MemManage_Handler
                0x08000c5c        0x2 build/stm32f1xx_it.o
                0x08000c5c                MemManage_Handler
 .text.BusFault_Handler
                0x08000c5e        0x2 build/stm32f1xx_it.o
                0x08000c5e                BusFault_Handler
 .text.UsageFault_Handler
                0x08000c60        0x2 build/stm32f1xx_it.o
                0x08000c60                UsageFault_Handler
 .text.DebugMon_Handler
                0x08000c62        0x2 build/stm32f1xx_it.o
                0x08000c62                DebugMon_Handler
 .text.EXTI3_IRQHandler
                0x08000c64        0xa build/stm32f1xx_it.o
                0x08000c64                EXTI3_IRQHandler
 *fill*         0x08000c6e        0x2 
 .text.DMA1_Channel4_IRQHandler
                0x08000c70       0x10 build/stm32f1xx_it.o
                0x08000c70                DMA1_Channel4_IRQHandler
 .text.DMA1_Channel5_IRQHandler
                0x08000c80       0x10 build/stm32f1xx_it.o
                0x08000c80                DMA1_Channel5_IRQHandler
 .text.TIM2_IRQHandler
                0x08000c90       0x10 build/stm32f1xx_it.o
                0x08000c90                TIM2_IRQHandler
 .text.TIM3_IRQHandler
                0x08000ca0       0x10 build/stm32f1xx_it.o
                0x08000ca0                TIM3_IRQHandler
 .text.TIM4_IRQHandler
                0x08000cb0       0x10 build/stm32f1xx_it.o
                0x08000cb0                TIM4_IRQHandler
 .text.EXTI15_10_IRQHandler
                0x08000cc0        0xc build/stm32f1xx_it.o
                0x08000cc0                EXTI15_10_IRQHandler
 .text.HAL_MspInit
                0x08000ccc       0x54 build/stm32f1xx_hal_msp.o
                0x08000ccc                HAL_MspInit
 .text.SPI_WaitFlagStateUntilTimeout
                0x08000d20       0xd4 build/stm32f1xx_hal_spi.o
 .text.SPI_EndRxTxTransaction
                0x08000df4       0x44 build/stm32f1xx_hal_spi.o
 .text.HAL_SPI_Init
                0x08000e38       0xb6 build/stm32f1xx_hal_spi.o
                0x08000e38                HAL_SPI_Init
 .text.HAL_SPI_TransmitReceive
                0x08000eee      0x254 build/stm32f1xx_hal_spi.o
                0x08000eee                HAL_SPI_TransmitReceive
 *fill*         0x08001142        0x2 
 .text.HAL_Init
                0x08001144       0x24 build/stm32f1xx_hal.o
                0x08001144                HAL_Init
 .text.HAL_IncTick
                0x08001168       0x18 build/stm32f1xx_hal.o
                0x08001168                HAL_IncTick
 .text.HAL_GetTick
                0x08001180        0xc build/stm32f1xx_hal.o
                0x08001180                HAL_GetTick
 .text.HAL_Delay
                0x0800118c       0x28 build/stm32f1xx_hal.o
                0x0800118c                HAL_Delay
 .text.RCC_Delay
                0x080011b4       0x2c build/stm32f1xx_hal_rcc.o
 .text.HAL_RCC_OscConfig
                0x080011e0      0x410 build/stm32f1xx_hal_rcc.o
                0x080011e0                HAL_RCC_OscConfig
 .text.HAL_RCC_GetSysClockFreq
                0x080015f0       0x54 build/stm32f1xx_hal_rcc.o
                0x080015f0                HAL_RCC_GetSysClockFreq
 .text.HAL_RCC_ClockConfig
                0x08001644      0x16c build/stm32f1xx_hal_rcc.o
                0x08001644                HAL_RCC_ClockConfig
 .text.HAL_RCC_GetHCLKFreq
                0x080017b0        0xc build/stm32f1xx_hal_rcc.o
                0x080017b0                HAL_RCC_GetHCLKFreq
 .text.HAL_RCC_GetPCLK1Freq
                0x080017bc       0x20 build/stm32f1xx_hal_rcc.o
                0x080017bc                HAL_RCC_GetPCLK1Freq
 .text.HAL_RCC_GetPCLK2Freq
                0x080017dc       0x20 build/stm32f1xx_hal_rcc.o
                0x080017dc                HAL_RCC_GetPCLK2Freq
 .text.HAL_RCC_GetClockConfig
                0x080017fc       0x3c build/stm32f1xx_hal_rcc.o
                0x080017fc                HAL_RCC_GetClockConfig
 .text.HAL_GPIO_Init
                0x08001838      0x224 build/stm32f1xx_hal_gpio.o
                0x08001838                HAL_GPIO_Init
 .text.HAL_GPIO_ReadPin
                0x08001a5c        0xe build/stm32f1xx_hal_gpio.o
                0x08001a5c                HAL_GPIO_ReadPin
 .text.HAL_GPIO_WritePin
                0x08001a6a        0xc build/stm32f1xx_hal_gpio.o
                0x08001a6a                HAL_GPIO_WritePin
 *fill*         0x08001a76        0x2 
 .text.HAL_GPIO_EXTI_IRQHandler
                0x08001a78       0x1c build/stm32f1xx_hal_gpio.o
                0x08001a78                HAL_GPIO_EXTI_IRQHandler
 .text.HAL_DMA_Init
                0x08001a94       0x6c build/stm32f1xx_hal_dma.o
                0x08001a94                HAL_DMA_Init
 .text.HAL_DMA_IRQHandler
                0x08001b00      0x144 build/stm32f1xx_hal_dma.o
                0x08001b00                HAL_DMA_IRQHandler
 .text.HAL_NVIC_SetPriorityGrouping
                0x08001c44       0x24 build/stm32f1xx_hal_cortex.o
                0x08001c44                HAL_NVIC_SetPriorityGrouping
 .text.HAL_NVIC_SetPriority
                0x08001c68       0x70 build/stm32f1xx_hal_cortex.o
                0x08001c68                HAL_NVIC_SetPriority
 .text.HAL_NVIC_EnableIRQ
                0x08001cd8       0x1c build/stm32f1xx_hal_cortex.o
                0x08001cd8                HAL_NVIC_EnableIRQ
 .text.TIM_TI1_ConfigInputStage
                0x08001cf4       0x24 build/stm32f1xx_hal_tim.o
 .text.TIM_TI2_ConfigInputStage
                0x08001d18       0x26 build/stm32f1xx_hal_tim.o
 .text.TIM_ITRx_SetConfig
                0x08001d3e       0x10 build/stm32f1xx_hal_tim.o
 *fill*         0x08001d4e        0x2 
 .text.HAL_TIM_Base_Start_IT
                0x08001d50       0x68 build/stm32f1xx_hal_tim.o
                0x08001d50                HAL_TIM_Base_Start_IT
 .text.HAL_TIM_OC_DelayElapsedCallback
                0x08001db8        0x2 build/stm32f1xx_hal_tim.o
                0x08001db8                HAL_TIM_OC_DelayElapsedCallback
 .text.HAL_TIM_PWM_PulseFinishedCallback
                0x08001dba        0x2 build/stm32f1xx_hal_tim.o
                0x08001dba                HAL_TIM_PWM_PulseFinishedCallback
 .text.HAL_TIM_TriggerCallback
                0x08001dbc        0x2 build/stm32f1xx_hal_tim.o
                0x08001dbc                HAL_TIM_TriggerCallback
 .text.HAL_TIM_IRQHandler
                0x08001dbe      0x15e build/stm32f1xx_hal_tim.o
                0x08001dbe                HAL_TIM_IRQHandler
 .text.TIM_Base_SetConfig
                0x08001f1c       0x84 build/stm32f1xx_hal_tim.o
                0x08001f1c                TIM_Base_SetConfig
 .text.HAL_TIM_Base_Init
                0x08001fa0       0x58 build/stm32f1xx_hal_tim.o
                0x08001fa0                HAL_TIM_Base_Init
 .text.TIM_ETR_SetConfig
                0x08001ff8       0x18 build/stm32f1xx_hal_tim.o
                0x08001ff8                TIM_ETR_SetConfig
 .text.HAL_TIM_ConfigClockSource
                0x08002010       0xfe build/stm32f1xx_hal_tim.o
                0x08002010                HAL_TIM_ConfigClockSource
 *fill*         0x0800210e        0x2 
 .text.HAL_TIMEx_MasterConfigSynchronization
                0x08002110       0x6c build/stm32f1xx_hal_tim_ex.o
                0x08002110                HAL_TIMEx_MasterConfigSynchronization
 .text.HAL_TIMEx_CommutCallback
                0x0800217c        0x2 build/stm32f1xx_hal_tim_ex.o
                0x0800217c                HAL_TIMEx_CommutCallback
 .text.HAL_TIMEx_BreakCallback
                0x0800217e        0x2 build/stm32f1xx_hal_tim_ex.o
                0x0800217e                HAL_TIMEx_BreakCallback
 .text.SystemInit
                0x08002180        0x2 build/system_stm32f1xx.o
                0x08002180                SystemInit
 *fill*         0x08002182        0x2 
 .text._sbrk    0x08002184       0x48 build/sysmem.o
                0x08002184                _sbrk
 .text.BMI088_write_single_reg
                0x080021cc       0x10 build/BMI088driver.o
 .text.BMI088_read_single_reg
                0x080021dc       0x16 build/BMI088driver.o
 .text.BMI088_read_muli_reg
                0x080021f2       0x24 build/BMI088driver.o
 *fill*         0x08002216        0x2 
 .text.bmi088_accel_init
                0x08002218      0x10c build/BMI088driver.o
                0x08002218                bmi088_accel_init
 .text.bmi088_gyro_init
                0x08002324       0xf0 build/BMI088driver.o
                0x08002324                bmi088_gyro_init
 .text.BMI088_init
                0x08002414       0x1a build/BMI088driver.o
                0x08002414                BMI088_init
 *fill*         0x0800242e        0x2 
 .text.BMI088_read
                0x08002430      0x150 build/BMI088driver.o
                0x08002430                BMI088_read
 .text.BMI088_GPIO_init
                0x08002580        0x2 build/BMI088Middleware.o
                0x08002580                BMI088_GPIO_init
 .text.BMI088_com_init
                0x08002582        0x2 build/BMI088Middleware.o
                0x08002582                BMI088_com_init
 .text.BMI088_delay_us
                0x08002584       0x38 build/BMI088Middleware.o
                0x08002584                BMI088_delay_us
 .text.BMI088_delay_ms
                0x080025bc       0x18 build/BMI088Middleware.o
                0x080025bc                BMI088_delay_ms
 .text.BMI088_ACCEL_NS_L
                0x080025d4       0x14 build/BMI088Middleware.o
                0x080025d4                BMI088_ACCEL_NS_L
 .text.BMI088_ACCEL_NS_H
                0x080025e8       0x14 build/BMI088Middleware.o
                0x080025e8                BMI088_ACCEL_NS_H
 .text.BMI088_GYRO_NS_L
                0x080025fc       0x14 build/BMI088Middleware.o
                0x080025fc                BMI088_GYRO_NS_L
 .text.BMI088_GYRO_NS_H
                0x08002610       0x14 build/BMI088Middleware.o
                0x08002610                BMI088_GYRO_NS_H
 .text.BMI088_read_write_byte
                0x08002624       0x2c build/BMI088Middleware.o
                0x08002624                BMI088_read_write_byte
 .text.InitQuaternion
                0x08002650       0xe0 build/ins_task.o
 .text.IMU_Param_Correction
                0x08002730      0x368 build/ins_task.o
 .text.INS_Init
                0x08002a98       0x90 build/ins_task.o
                0x08002a98                INS_Init
 .text.BodyFrameToEarthFrame
                0x08002b28      0x1cc build/ins_task.o
                0x08002b28                BodyFrameToEarthFrame
 .text.EarthFrameToBodyFrame
                0x08002cf4      0x1cc build/ins_task.o
                0x08002cf4                EarthFrameToBodyFrame
 .text.INS_Task
                0x08002ec0      0x1d4 build/ins_task.o
                0x08002ec0                INS_Task
 .text.MX_DMA_Init
                0x08003094       0x44 build/dma.o
                0x08003094                MX_DMA_Init
 .text.invSqrt  0x080030d8       0x3c build/QuaternionEKF.o
 .text.IMU_QuaternionEKF_F_Linearization_P_Fading
                0x08003114      0x1d0 build/QuaternionEKF.o
 .text.IMU_QuaternionEKF_Observe
                0x080032e4       0x38 build/QuaternionEKF.o
 .text.IMU_QuaternionEKF_xhatUpdate
                0x0800331c      0x484 build/QuaternionEKF.o
 .text.IMU_QuaternionEKF_SetH
                0x080037a0       0xcc build/QuaternionEKF.o
 .text.IMU_QuaternionEKF_Init
                0x0800386c       0xe0 build/QuaternionEKF.o
                0x0800386c                IMU_QuaternionEKF_Init
 .text.IMU_QuaternionEKF_Update
                0x0800394c      0x4f4 build/QuaternionEKF.o
                0x0800394c                IMU_QuaternionEKF_Update
 .text.Sqrt     0x08003e40       0x74 build/user_lib.o
                0x08003e40                Sqrt
 .text.Norm3d   0x08003eb4       0x64 build/user_lib.o
                0x08003eb4                Norm3d
 .text.Cross3d  0x08003f18       0x5e build/user_lib.o
                0x08003f18                Cross3d
 .text.Dot3d    0x08003f76       0x34 build/user_lib.o
                0x08003f76                Dot3d
 *fill*         0x08003faa        0x2 
 .text.H_K_R_Adjustment
                0x08003fac      0x100 build/kalman_filter.o
 .text.Kalman_Filter_Init
                0x080040ac      0x430 build/kalman_filter.o
                0x080040ac                Kalman_Filter_Init
 .text.Kalman_Filter_Measure
                0x080044dc       0x4c build/kalman_filter.o
                0x080044dc                Kalman_Filter_Measure
 .text.Kalman_Filter_xhatMinusUpdate
                0x08004528       0x76 build/kalman_filter.o
                0x08004528                Kalman_Filter_xhatMinusUpdate
 .text.Kalman_Filter_PminusUpdate
                0x0800459e       0x68 build/kalman_filter.o
                0x0800459e                Kalman_Filter_PminusUpdate
 .text.Kalman_Filter_SetK
                0x08004606       0xcc build/kalman_filter.o
                0x08004606                Kalman_Filter_SetK
 .text.Kalman_Filter_xhatUpdate
                0x080046d2       0x82 build/kalman_filter.o
                0x080046d2                Kalman_Filter_xhatUpdate
 .text.Kalman_Filter_P_Update
                0x08004754       0x64 build/kalman_filter.o
                0x08004754                Kalman_Filter_P_Update
 .text.Kalman_Filter_Update
                0x080047b8       0xf4 build/kalman_filter.o
                0x080047b8                Kalman_Filter_Update
 .text.PID_abs_limit
                0x080048ac       0x22 build/pid.o
                0x080048ac                PID_abs_limit
 .text.PID_parameter_init
                0x080048ce       0x32 build/pid.o
                0x080048ce                PID_parameter_init
 .text.PID_position_PID_calculation_by_error
                0x08004900       0xa2 build/pid.o
                0x08004900                PID_position_PID_calculation_by_error
 *fill*         0x080049a2        0x2 
 .text.StartDefaultTask
                0x080049a4       0x18 build/freertos.o
                0x080049a4                StartDefaultTask
 .text.vApplicationGetIdleTaskMemory
                0x080049bc       0x18 build/freertos.o
                0x080049bc                vApplicationGetIdleTaskMemory
 .text.MX_FREERTOS_Init
                0x080049d4       0x30 build/freertos.o
                0x080049d4                MX_FREERTOS_Init
 .text.vListInitialise
                0x08004a04       0x16 build/list.o
                0x08004a04                vListInitialise
 .text.vListInitialiseItem
                0x08004a1a        0x6 build/list.o
                0x08004a1a                vListInitialiseItem
 .text.vListInsertEnd
                0x08004a20       0x16 build/list.o
                0x08004a20                vListInsertEnd
 .text.vListInsert
                0x08004a36       0x32 build/list.o
                0x08004a36                vListInsert
 .text.uxListRemove
                0x08004a68       0x26 build/list.o
                0x08004a68                uxListRemove
 .text.prvCopyDataToQueue
                0x08004a8e       0x76 build/queue.o
 .text.prvCopyDataFromQueue
                0x08004b04       0x24 build/queue.o
 .text.xQueueGenericReset
                0x08004b28       0x84 build/queue.o
                0x08004b28                xQueueGenericReset
 .text.prvInitialiseNewQueue
                0x08004bac       0x1c build/queue.o
 .text.xQueueGenericCreate
                0x08004bc8       0x48 build/queue.o
                0x08004bc8                xQueueGenericCreate
 .text.xQueueGenericSendFromISR
                0x08004c10       0xce build/queue.o
                0x08004c10                xQueueGenericSendFromISR
 .text.xQueueReceiveFromISR
                0x08004cde       0xa8 build/queue.o
                0x08004cde                xQueueReceiveFromISR
 *fill*         0x08004d86        0x2 
 .text.prvResetNextTaskUnblockTime
                0x08004d88       0x2c build/tasks.o
 .text.prvInitialiseNewTask
                0x08004db4       0xa2 build/tasks.o
 *fill*         0x08004e56        0x2 
 .text.prvInitialiseTaskLists
                0x08004e58       0x68 build/tasks.o
 .text.prvAddNewTaskToReadyList
                0x08004ec0       0xa8 build/tasks.o
 .text.prvDeleteTCB
                0x08004f68       0x38 build/tasks.o
 .text.prvCheckTasksWaitingTermination
                0x08004fa0       0x4c build/tasks.o
 .text.prvIdleTask
                0x08004fec       0x28 build/tasks.o
 .text.prvAddCurrentTaskToDelayedList
                0x08005014       0x98 build/tasks.o
 .text.xTaskCreateStatic
                0x080050ac       0x76 build/tasks.o
                0x080050ac                xTaskCreateStatic
 .text.xTaskCreate
                0x08005122       0x68 build/tasks.o
                0x08005122                xTaskCreate
 *fill*         0x0800518a        0x2 
 .text.vTaskDelete
                0x0800518c       0xe0 build/tasks.o
                0x0800518c                vTaskDelete
 .text.vTaskStartScheduler
                0x0800526c       0x74 build/tasks.o
                0x0800526c                vTaskStartScheduler
 .text.vTaskSuspendAll
                0x080052e0       0x10 build/tasks.o
                0x080052e0                vTaskSuspendAll
 .text.xTaskIncrementTick
                0x080052f0      0x118 build/tasks.o
                0x080052f0                xTaskIncrementTick
 .text.xTaskResumeAll
                0x08005408       0xf8 build/tasks.o
                0x08005408                xTaskResumeAll
 .text.vTaskDelay
                0x08005500       0x4c build/tasks.o
                0x08005500                vTaskDelay
 .text.vTaskSwitchContext
                0x0800554c       0x98 build/tasks.o
                0x0800554c                vTaskSwitchContext
 .text.xTaskRemoveFromEventList
                0x080055e4       0x8c build/tasks.o
                0x080055e4                xTaskRemoveFromEventList
 .text.xTaskPriorityDisinherit
                0x08005670       0xb4 build/tasks.o
                0x08005670                xTaskPriorityDisinherit
 .text.prvHeapInit
                0x08005724       0x68 build/heap_4.o
 .text.prvInsertBlockIntoFreeList
                0x0800578c       0x60 build/heap_4.o
 .text.pvPortMalloc
                0x080057ec       0xfc build/heap_4.o
                0x080057ec                pvPortMalloc
 .text.vPortFree
                0x080058e8       0x7c build/heap_4.o
                0x080058e8                vPortFree
 .text.prvTaskExitError
                0x08005964       0x40 build/port.o
 .text.prvPortStartFirstTask
                0x080059a4       0x20 build/port.o
 .text.pxPortInitialiseStack
                0x080059c4       0x24 build/port.o
                0x080059c4                pxPortInitialiseStack
 *fill*         0x080059e8        0x8 
 .text.SVC_Handler
                0x080059f0       0x24 build/port.o
                0x080059f0                SVC_Handler
 .text.vPortEnterCritical
                0x08005a14       0x44 build/port.o
                0x08005a14                vPortEnterCritical
 .text.vPortExitCritical
                0x08005a58       0x2c build/port.o
                0x08005a58                vPortExitCritical
 *fill*         0x08005a84        0xc 
 .text.PendSV_Handler
                0x08005a90       0x44 build/port.o
                0x08005a90                PendSV_Handler
 .text.SysTick_Handler
                0x08005ad4       0x2c build/port.o
                0x08005ad4                SysTick_Handler
 .text.vPortSetupTimerInterrupt
                0x08005b00       0x28 build/port.o
                0x08005b00                vPortSetupTimerInterrupt
 .text.xPortStartScheduler
                0x08005b28       0xc0 build/port.o
                0x08005b28                xPortStartScheduler
 .text.vPortValidateInterruptPriority
                0x08005be8       0x5c build/port.o
                0x08005be8                vPortValidateInterruptPriority
 .text.makeFreeRtosPriority
                0x08005c44        0xc build/cmsis_os.o
 .text.osKernelStart
                0x08005c50        0xa build/cmsis_os.o
                0x08005c50                osKernelStart
 .text.osThreadCreate
                0x08005c5a       0x6a build/cmsis_os.o
                0x08005c5a                osThreadCreate
 .text.osThreadTerminate
                0x08005cc4        0xa build/cmsis_os.o
                0x08005cc4                osThreadTerminate
 .text.osDelay  0x08005cce        0xe build/cmsis_os.o
                0x08005cce                osDelay
 .text.StartINSTASK
                0x08005cdc       0x12 build/plane.o
                0x08005cdc                StartINSTASK
 *fill*         0x08005cee        0x2 
 .text.OSTASKInit
                0x08005cf0       0x5c build/plane.o
                0x08005cf0                OSTASKInit
 .text.PlaneInit
                0x08005d4c       0x34 build/plane.o
                0x08005d4c                PlaneInit
 .text.FSM_Plane
                0x08005d80       0x28 build/plane.o
                0x08005d80                FSM_Plane
 .text.FlyTask  0x08005da8        0xe build/plane.o
                0x08005da8                FlyTask
 *fill*         0x08005db6        0x2 
 .text.MX_TIM1_Init
                0x08005db8       0x74 build/tim.o
                0x08005db8                MX_TIM1_Init
 .text.MX_TIM2_Init
                0x08005e2c       0x78 build/tim.o
                0x08005e2c                MX_TIM2_Init
 .text.MX_TIM3_Init
                0x08005ea4       0x70 build/tim.o
                0x08005ea4                MX_TIM3_Init
 .text.HAL_TIM_Base_MspInit
                0x08005f14       0x90 build/tim.o
                0x08005f14                HAL_TIM_Base_MspInit
 .text.HAL_GPIO_EXTI_Callback
                0x08005fa4       0x34 build/DWMport.o
                0x08005fa4                HAL_GPIO_EXTI_Callback
 .text.KalmanFilter_Init
                0x08005fd8       0x28 build/trilateration.o
                0x08005fd8                KalmanFilter_Init
 .text.MX_USART3_UART_Init
                0x08006000       0x34 build/usart.o
                0x08006000                MX_USART3_UART_Init
 .text.HAL_UART_MspInit
                0x08006034       0x78 build/usart.o
                0x08006034                HAL_UART_MspInit
 .text.UART_EndRxTransfer
                0x080060ac       0x5c build/stm32f1xx_hal_uart.o
 .text.UART_SetConfig
                0x08006108       0x94 build/stm32f1xx_hal_uart.o
 .text.UART_WaitOnFlagUntilTimeout
                0x0800619c       0x8a build/stm32f1xx_hal_uart.o
 .text.HAL_UART_Init
                0x08006226       0x60 build/stm32f1xx_hal_uart.o
                0x08006226                HAL_UART_Init
 .text.HAL_UART_Transmit
                0x08006286       0xcc build/stm32f1xx_hal_uart.o
                0x08006286                HAL_UART_Transmit
 .text.ABS      0x08006352       0x16 build/Movebase.o
                0x08006352                ABS
 .text.AngleLimit
                0x08006368       0x68 build/Movebase.o
                0x08006368                AngleLimit
 .text.Fly_init
                0x080063d0       0xac build/Movebase.o
                0x080063d0                Fly_init
 .text.Angle_adjust
                0x0800647c      0x11c build/Movebase.o
                0x0800647c                Angle_adjust
 .text.StartFly
                0x08006598       0x90 build/Movebase.o
                0x08006598                StartFly
 .text.calculate_xor_checksum
                0x08006628       0x18 build/Movebase.o
                0x08006628                calculate_xor_checksum
 .text.Fly_FSM  0x08006640       0x98 build/Movebase.o
                0x08006640                Fly_FSM
 .text.DataPool_Init
                0x080066d8       0x4c build/data_pool.o
                0x080066d8                DataPool_Init
 .text.HAL_InitTick
                0x08006724       0xa0 build/stm32f1xx_hal_timebase_tim.o
                0x08006724                HAL_InitTick
 .text.HAL_TIM_IC_CaptureCallback
                0x080067c4       0x1c build/measure.o
                0x080067c4                HAL_TIM_IC_CaptureCallback
 .text.Reset_Handler
                0x080067e0       0x48 build/startup_stm32f103xb.o
                0x080067e0                Reset_Handler
 .text.Default_Handler
                0x08006828        0x2 build/startup_stm32f103xb.o
                0x08006828                RTC_Alarm_IRQHandler
                0x08006828                EXTI2_IRQHandler
                0x08006828                TIM1_CC_IRQHandler
                0x08006828                PVD_IRQHandler
                0x08006828                EXTI0_IRQHandler
                0x08006828                I2C2_EV_IRQHandler
                0x08006828                ADC1_2_IRQHandler
                0x08006828                SPI1_IRQHandler
                0x08006828                TAMPER_IRQHandler
                0x08006828                USART3_IRQHandler
                0x08006828                RTC_IRQHandler
                0x08006828                DMA1_Channel7_IRQHandler
                0x08006828                CAN1_RX1_IRQHandler
                0x08006828                I2C1_EV_IRQHandler
                0x08006828                DMA1_Channel6_IRQHandler
                0x08006828                RCC_IRQHandler
                0x08006828                TIM1_TRG_COM_IRQHandler
                0x08006828                DMA1_Channel1_IRQHandler
                0x08006828                Default_Handler
                0x08006828                EXTI9_5_IRQHandler
                0x08006828                SPI2_IRQHandler
                0x08006828                EXTI4_IRQHandler
                0x08006828                USB_LP_CAN1_RX0_IRQHandler
                0x08006828                USB_HP_CAN1_TX_IRQHandler
                0x08006828                DMA1_Channel3_IRQHandler
                0x08006828                TIM1_UP_IRQHandler
                0x08006828                WWDG_IRQHandler
                0x08006828                TIM1_BRK_IRQHandler
                0x08006828                EXTI1_IRQHandler
                0x08006828                USART2_IRQHandler
                0x08006828                I2C2_ER_IRQHandler
                0x08006828                DMA1_Channel2_IRQHandler
                0x08006828                CAN1_SCE_IRQHandler
                0x08006828                FLASH_IRQHandler
                0x08006828                USART1_IRQHandler
                0x08006828                I2C1_ER_IRQHandler
                0x08006828                USBWakeUp_IRQHandler
 *fill*         0x0800682a        0x2 
 .text.__errno  0x0800682c        0xc d:/gnu arm embedded toolchain/10 2021.10/bin/../lib/gcc/arm-none-eabi/10.3.1/../../../../arm-none-eabi/lib/thumb/v7-m/nofp\libc_nano.a(lib_a-errno.o)
                0x0800682c                __errno
 .text.__libc_init_array
                0x08006838       0x48 d:/gnu arm embedded toolchain/10 2021.10/bin/../lib/gcc/arm-none-eabi/10.3.1/../../../../arm-none-eabi/lib/thumb/v7-m/nofp\libc_nano.a(lib_a-init.o)
                0x08006838                __libc_init_array
 .text.malloc   0x08006880       0x10 d:/gnu arm embedded toolchain/10 2021.10/bin/../lib/gcc/arm-none-eabi/10.3.1/../../../../arm-none-eabi/lib/thumb/v7-m/nofp\libc_nano.a(lib_a-malloc.o)
                0x08006880                malloc
 .text.memcpy   0x08006890       0x1c d:/gnu arm embedded toolchain/10 2021.10/bin/../lib/gcc/arm-none-eabi/10.3.1/../../../../arm-none-eabi/lib/thumb/v7-m/nofp\libc_nano.a(lib_a-memcpy-stub.o)
                0x08006890                memcpy
 .text.memset   0x080068ac       0x10 d:/gnu arm embedded toolchain/10 2021.10/bin/../lib/gcc/arm-none-eabi/10.3.1/../../../../arm-none-eabi/lib/thumb/v7-m/nofp\libc_nano.a(lib_a-memset.o)
                0x080068ac                memset
 .text.sbrk_aligned
                0x080068bc       0x40 d:/gnu arm embedded toolchain/10 2021.10/bin/../lib/gcc/arm-none-eabi/10.3.1/../../../../arm-none-eabi/lib/thumb/v7-m/nofp\libc_nano.a(lib_a-nano-mallocr.o)
 .text._malloc_r
                0x080068fc       0xe8 d:/gnu arm embedded toolchain/10 2021.10/bin/../lib/gcc/arm-none-eabi/10.3.1/../../../../arm-none-eabi/lib/thumb/v7-m/nofp\libc_nano.a(lib_a-nano-mallocr.o)
                0x080068fc                _malloc_r
 .text._sbrk_r  0x080069e4       0x20 d:/gnu arm embedded toolchain/10 2021.10/bin/../lib/gcc/arm-none-eabi/10.3.1/../../../../arm-none-eabi/lib/thumb/v7-m/nofp\libc_nano.a(lib_a-sbrkr.o)
                0x080069e4                _sbrk_r
 .text.__malloc_lock
                0x08006a04        0xc d:/gnu arm embedded toolchain/10 2021.10/bin/../lib/gcc/arm-none-eabi/10.3.1/../../../../arm-none-eabi/lib/thumb/v7-m/nofp\libc_nano.a(lib_a-mlock.o)
                0x08006a04                __malloc_lock
 .text.__malloc_unlock
                0x08006a10        0xc d:/gnu arm embedded toolchain/10 2021.10/bin/../lib/gcc/arm-none-eabi/10.3.1/../../../../arm-none-eabi/lib/thumb/v7-m/nofp\libc_nano.a(lib_a-mlock.o)
                0x08006a10                __malloc_unlock
 .text.__retarget_lock_acquire_recursive
                0x08006a1c        0x2 d:/gnu arm embedded toolchain/10 2021.10/bin/../lib/gcc/arm-none-eabi/10.3.1/../../../../arm-none-eabi/lib/thumb/v7-m/nofp\libc_nano.a(lib_a-lock.o)
                0x08006a1c                __retarget_lock_acquire_recursive
 .text.__retarget_lock_release_recursive
                0x08006a1e        0x2 d:/gnu arm embedded toolchain/10 2021.10/bin/../lib/gcc/arm-none-eabi/10.3.1/../../../../arm-none-eabi/lib/thumb/v7-m/nofp\libc_nano.a(lib_a-lock.o)
                0x08006a1e                __retarget_lock_release_recursive
 .text.cosf     0x08006a20       0x70 d:/gnu arm embedded toolchain/10 2021.10/bin/../lib/gcc/arm-none-eabi/10.3.1/../../../../arm-none-eabi/lib/thumb/v7-m/nofp\libm.a(lib_a-sf_cos.o)
                0x08006a20                cosf
 .text.sinf     0x08006a90       0x74 d:/gnu arm embedded toolchain/10 2021.10/bin/../lib/gcc/arm-none-eabi/10.3.1/../../../../arm-none-eabi/lib/thumb/v7-m/nofp\libm.a(lib_a-sf_sin.o)
                0x08006a90                sinf
 .text.acosf    0x08006b04       0x40 d:/gnu arm embedded toolchain/10 2021.10/bin/../lib/gcc/arm-none-eabi/10.3.1/../../../../arm-none-eabi/lib/thumb/v7-m/nofp\libm.a(lib_a-wf_acos.o)
                0x08006b04                acosf
 .text.asinf    0x08006b44       0x40 d:/gnu arm embedded toolchain/10 2021.10/bin/../lib/gcc/arm-none-eabi/10.3.1/../../../../arm-none-eabi/lib/thumb/v7-m/nofp\libm.a(lib_a-wf_asin.o)
                0x08006b44                asinf
 .text.atan2f   0x08006b84        0x4 d:/gnu arm embedded toolchain/10 2021.10/bin/../lib/gcc/arm-none-eabi/10.3.1/../../../../arm-none-eabi/lib/thumb/v7-m/nofp\libm.a(lib_a-wf_atan2.o)
                0x08006b84                atan2f
 .text.__ieee754_acosf
                0x08006b88      0x2c8 d:/gnu arm embedded toolchain/10 2021.10/bin/../lib/gcc/arm-none-eabi/10.3.1/../../../../arm-none-eabi/lib/thumb/v7-m/nofp\libm.a(lib_a-ef_acos.o)
                0x08006b88                __ieee754_acosf
 .text.__ieee754_asinf
                0x08006e50      0x29c d:/gnu arm embedded toolchain/10 2021.10/bin/../lib/gcc/arm-none-eabi/10.3.1/../../../../arm-none-eabi/lib/thumb/v7-m/nofp\libm.a(lib_a-ef_asin.o)
                0x08006e50                __ieee754_asinf
 .text.__ieee754_atan2f
                0x080070ec      0x110 d:/gnu arm embedded toolchain/10 2021.10/bin/../lib/gcc/arm-none-eabi/10.3.1/../../../../arm-none-eabi/lib/thumb/v7-m/nofp\libm.a(lib_a-ef_atan2.o)
                0x080070ec                __ieee754_atan2f
 .text.__ieee754_rem_pio2f
                0x080071fc      0x2e4 d:/gnu arm embedded toolchain/10 2021.10/bin/../lib/gcc/arm-none-eabi/10.3.1/../../../../arm-none-eabi/lib/thumb/v7-m/nofp\libm.a(lib_a-ef_rem_pio2.o)
                0x080071fc                __ieee754_rem_pio2f
 .text.__ieee754_sqrtf
                0x080074e0       0xb0 d:/gnu arm embedded toolchain/10 2021.10/bin/../lib/gcc/arm-none-eabi/10.3.1/../../../../arm-none-eabi/lib/thumb/v7-m/nofp\libm.a(lib_a-ef_sqrt.o)
                0x080074e0                __ieee754_sqrtf
 .text.__kernel_cosf
                0x08007590      0x18c d:/gnu arm embedded toolchain/10 2021.10/bin/../lib/gcc/arm-none-eabi/10.3.1/../../../../arm-none-eabi/lib/thumb/v7-m/nofp\libm.a(lib_a-kf_cos.o)
                0x08007590                __kernel_cosf
 .text.__kernel_rem_pio2f
                0x0800771c      0x6e4 d:/gnu arm embedded toolchain/10 2021.10/bin/../lib/gcc/arm-none-eabi/10.3.1/../../../../arm-none-eabi/lib/thumb/v7-m/nofp\libm.a(lib_a-kf_rem_pio2.o)
                0x0800771c                __kernel_rem_pio2f
 .text.__kernel_sinf
                0x08007e00       0xe8 d:/gnu arm embedded toolchain/10 2021.10/bin/../lib/gcc/arm-none-eabi/10.3.1/../../../../arm-none-eabi/lib/thumb/v7-m/nofp\libm.a(lib_a-kf_sin.o)
                0x08007e00                __kernel_sinf
 .text.atanf    0x08007ee8      0x214 d:/gnu arm embedded toolchain/10 2021.10/bin/../lib/gcc/arm-none-eabi/10.3.1/../../../../arm-none-eabi/lib/thumb/v7-m/nofp\libm.a(lib_a-sf_atan.o)
                0x08007ee8                atanf
 .text.fabsf    0x080080fc        0x8 d:/gnu arm embedded toolchain/10 2021.10/bin/../lib/gcc/arm-none-eabi/10.3.1/../../../../arm-none-eabi/lib/thumb/v7-m/nofp\libm.a(lib_a-sf_fabs.o)
                0x080080fc                fabsf
 .text.floorf   0x08008104       0x80 d:/gnu arm embedded toolchain/10 2021.10/bin/../lib/gcc/arm-none-eabi/10.3.1/../../../../arm-none-eabi/lib/thumb/v7-m/nofp\libm.a(lib_a-sf_floor.o)
                0x08008104                floorf
 .text.nanf     0x08008184        0x8 d:/gnu arm embedded toolchain/10 2021.10/bin/../lib/gcc/arm-none-eabi/10.3.1/../../../../arm-none-eabi/lib/thumb/v7-m/nofp\libm.a(lib_a-sf_nan.o)
                0x08008184                nanf
 .text.scalbnf  0x0800818c       0xbc d:/gnu arm embedded toolchain/10 2021.10/bin/../lib/gcc/arm-none-eabi/10.3.1/../../../../arm-none-eabi/lib/thumb/v7-m/nofp\libm.a(lib_a-sf_scalbn.o)
                0x0800818c                scalbnf
 .text.arm_mat_trans_f32
                0x08008248       0xb0 Middlewares/ST/ARM/DSP/Lib/libarm_cortexM3l_math.a(arm_mat_trans_f32.o)
                0x08008248                arm_mat_trans_f32
 .text.arm_mat_sub_f32
                0x080082f8       0xe4 Middlewares/ST/ARM/DSP/Lib/libarm_cortexM3l_math.a(arm_mat_sub_f32.o)
                0x080082f8                arm_mat_sub_f32
 .text.arm_mat_mult_f32
                0x080083dc      0x168 Middlewares/ST/ARM/DSP/Lib/libarm_cortexM3l_math.a(arm_mat_mult_f32.o)
                0x080083dc                arm_mat_mult_f32
 .text.arm_mat_inverse_f32
                0x08008544      0x2a4 Middlewares/ST/ARM/DSP/Lib/libarm_cortexM3l_math.a(arm_mat_inverse_f32.o)
                0x08008544                arm_mat_inverse_f32
 .text.arm_mat_init_f32
                0x080087e8        0x8 Middlewares/ST/ARM/DSP/Lib/libarm_cortexM3l_math.a(arm_mat_init_f32.o)
                0x080087e8                arm_mat_init_f32
 .text.arm_mat_add_f32
                0x080087f0       0xe4 Middlewares/ST/ARM/DSP/Lib/libarm_cortexM3l_math.a(arm_mat_add_f32.o)
                0x080087f0                arm_mat_add_f32
 .text.arm_sin_f32
                0x080088d4       0x98 Middlewares/ST/ARM/DSP/Lib/libarm_cortexM3l_math.a(arm_sin_f32.o)
                0x080088d4                arm_sin_f32
 .text.arm_cos_f32
                0x0800896c       0xa0 Middlewares/ST/ARM/DSP/Lib/libarm_cortexM3l_math.a(arm_cos_f32.o)
                0x0800896c                arm_cos_f32
 *(.glue_7)
 .glue_7        0x08008a0c        0x0 linker stubs
 *(.glue_7t)
 .glue_7t       0x08008a0c        0x0 linker stubs
 *(.eh_frame)
 .eh_frame      0x08008a0c        0x0 d:/gnu arm embedded toolchain/10 2021.10/bin/../lib/gcc/arm-none-eabi/10.3.1/thumb/v7-m/nofp/crtbegin.o
 *(.init)
 .init          0x08008a0c        0x4 d:/gnu arm embedded toolchain/10 2021.10/bin/../lib/gcc/arm-none-eabi/10.3.1/thumb/v7-m/nofp/crti.o
                0x08008a0c                _init
 .init          0x08008a10        0x8 d:/gnu arm embedded toolchain/10 2021.10/bin/../lib/gcc/arm-none-eabi/10.3.1/thumb/v7-m/nofp/crtn.o
 *(.fini)
 .fini          0x08008a18        0x4 d:/gnu arm embedded toolchain/10 2021.10/bin/../lib/gcc/arm-none-eabi/10.3.1/thumb/v7-m/nofp/crti.o
                0x08008a18                _fini
 .fini          0x08008a1c        0x8 d:/gnu arm embedded toolchain/10 2021.10/bin/../lib/gcc/arm-none-eabi/10.3.1/thumb/v7-m/nofp/crtn.o
                0x08008a24                . = ALIGN (0x4)
                0x08008a24                _etext = .

.vfp11_veneer   0x08008a24        0x0
 .vfp11_veneer  0x08008a24        0x0 linker stubs

.v4_bx          0x08008a24        0x0
 .v4_bx         0x08008a24        0x0 linker stubs

.iplt           0x08008a24        0x0
 .iplt          0x08008a24        0x0 d:/gnu arm embedded toolchain/10 2021.10/bin/../lib/gcc/arm-none-eabi/10.3.1/thumb/v7-m/nofp/crtbegin.o

.rodata         0x08008a24      0xdac
                0x08008a24                . = ALIGN (0x4)
 *(.rodata)
 .rodata        0x08008a24        0x8 build/BMI088driver.o
 .rodata        0x08008a2c       0x1c build/freertos.o
 .rodata        0x08008a48       0x38 build/plane.o
 .rodata        0x08008a80       0x18 build/Movebase.o
 *(.rodata*)
 .rodata.aPLLMULFactorTable.1
                0x08008a98       0x10 build/stm32f1xx_hal_rcc.o
 .rodata.aPredivFactorTable.0
                0x08008aa8        0x2 build/stm32f1xx_hal_rcc.o
 *fill*         0x08008aaa        0x2 
 .rodata.AHBPrescTable
                0x08008aac       0x10 build/system_stm32f1xx.o
                0x08008aac                AHBPrescTable
 .rodata.APBPrescTable
                0x08008abc        0x8 build/system_stm32f1xx.o
                0x08008abc                APBPrescTable
 .rodata.write_BMI088_accel_reg_data_error
                0x08008ac4       0x12 build/BMI088driver.o
 *fill*         0x08008ad6        0x2 
 .rodata.write_BMI088_gyro_reg_data_error
                0x08008ad8       0x12 build/BMI088driver.o
 *fill*         0x08008aea        0x2 
 .rodata.xb     0x08008aec        0xc build/ins_task.o
                0x08008aec                xb
 .rodata.yb     0x08008af8        0xc build/ins_task.o
                0x08008af8                yb
 .rodata.zb     0x08008b04        0xc build/ins_task.o
                0x08008b04                zb
 .rodata.IMU_QuaternionEKF_F
                0x08008b10       0x90 build/QuaternionEKF.o
                0x08008b10                IMU_QuaternionEKF_F
 .rodata.str1.4
                0x08008ba0        0xc build/freertos.o
 .rodata.vTaskStartScheduler.str1.4
                0x08008bac        0x5 build/tasks.o
 *fill*         0x08008bb1        0x3 
 .rodata.str1.4
                0x08008bb4       0x10 build/plane.o
 .rodata.acosf.str1.4
                0x08008bc4       0x10 d:/gnu arm embedded toolchain/10 2021.10/bin/../lib/gcc/arm-none-eabi/10.3.1/../../../../arm-none-eabi/lib/thumb/v7-m/nofp\libm.a(lib_a-wf_acos.o)
                                  0x1 (size before relaxing)
 .rodata.asinf.str1.4
                0x08008bc4        0x1 d:/gnu arm embedded toolchain/10 2021.10/bin/../lib/gcc/arm-none-eabi/10.3.1/../../../../arm-none-eabi/lib/thumb/v7-m/nofp\libm.a(lib_a-wf_asin.o)
 .rodata.CSWTCH.8
                0x08008bc4        0xc d:/gnu arm embedded toolchain/10 2021.10/bin/../lib/gcc/arm-none-eabi/10.3.1/../../../../arm-none-eabi/lib/thumb/v7-m/nofp\libm.a(lib_a-ef_atan2.o)
 .rodata.CSWTCH.9
                0x08008bd0        0xc d:/gnu arm embedded toolchain/10 2021.10/bin/../lib/gcc/arm-none-eabi/10.3.1/../../../../arm-none-eabi/lib/thumb/v7-m/nofp\libm.a(lib_a-ef_atan2.o)
 .rodata.npio2_hw
                0x08008bdc       0x80 d:/gnu arm embedded toolchain/10 2021.10/bin/../lib/gcc/arm-none-eabi/10.3.1/../../../../arm-none-eabi/lib/thumb/v7-m/nofp\libm.a(lib_a-ef_rem_pio2.o)
 .rodata.two_over_pi
                0x08008c5c      0x318 d:/gnu arm embedded toolchain/10 2021.10/bin/../lib/gcc/arm-none-eabi/10.3.1/../../../../arm-none-eabi/lib/thumb/v7-m/nofp\libm.a(lib_a-ef_rem_pio2.o)
 .rodata.PIo2   0x08008f74       0x2c d:/gnu arm embedded toolchain/10 2021.10/bin/../lib/gcc/arm-none-eabi/10.3.1/../../../../arm-none-eabi/lib/thumb/v7-m/nofp\libm.a(lib_a-kf_rem_pio2.o)
 .rodata.init_jk
                0x08008fa0        0xc d:/gnu arm embedded toolchain/10 2021.10/bin/../lib/gcc/arm-none-eabi/10.3.1/../../../../arm-none-eabi/lib/thumb/v7-m/nofp\libm.a(lib_a-kf_rem_pio2.o)
 .rodata.atanhi
                0x08008fac       0x10 d:/gnu arm embedded toolchain/10 2021.10/bin/../lib/gcc/arm-none-eabi/10.3.1/../../../../arm-none-eabi/lib/thumb/v7-m/nofp\libm.a(lib_a-sf_atan.o)
 .rodata.atanlo
                0x08008fbc       0x10 d:/gnu arm embedded toolchain/10 2021.10/bin/../lib/gcc/arm-none-eabi/10.3.1/../../../../arm-none-eabi/lib/thumb/v7-m/nofp\libm.a(lib_a-sf_atan.o)
 .rodata.sinTable_f32
                0x08008fcc      0x804 Middlewares/ST/ARM/DSP/Lib/libarm_cortexM3l_math.a(arm_common_tables.o)
                0x08008fcc                sinTable_f32
                0x080097d0                . = ALIGN (0x4)

.rel.dyn        0x080097d0        0x0
 .rel.iplt      0x080097d0        0x0 d:/gnu arm embedded toolchain/10 2021.10/bin/../lib/gcc/arm-none-eabi/10.3.1/thumb/v7-m/nofp/crtbegin.o

.ARM.extab
 *(.ARM.extab* .gnu.linkonce.armextab.*)

.ARM            0x080097d0        0x0
                0x080097d0                __exidx_start = .
 *(.ARM.exidx*)
                0x080097d0                __exidx_end = .

.preinit_array  0x080097d0        0x0
                0x080097d0                PROVIDE (__preinit_array_start = .)
 *(.preinit_array*)
                0x080097d0                PROVIDE (__preinit_array_end = .)

.init_array     0x080097d0        0x4
                0x080097d0                PROVIDE (__init_array_start = .)
 *(SORT_BY_NAME(.init_array.*))
 *(.init_array*)
 .init_array    0x080097d0        0x4 d:/gnu arm embedded toolchain/10 2021.10/bin/../lib/gcc/arm-none-eabi/10.3.1/thumb/v7-m/nofp/crtbegin.o
                0x080097d4                PROVIDE (__init_array_end = .)

.fini_array     0x080097d4        0x4
                [!provide]                PROVIDE (__fini_array_start = .)
 *(SORT_BY_NAME(.fini_array.*))
 *(.fini_array*)
 .fini_array    0x080097d4        0x4 d:/gnu arm embedded toolchain/10 2021.10/bin/../lib/gcc/arm-none-eabi/10.3.1/thumb/v7-m/nofp/crtbegin.o
                [!provide]                PROVIDE (__fini_array_end = .)
                0x080097d8                _sidata = LOADADDR (.data)

.data           0x20000000      0x114 load address 0x080097d8
                0x20000000                . = ALIGN (0x4)
                0x20000000                _sdata = .
 *(.data)
 *(.data*)
 .data.uwTickFreq
                0x20000000        0x1 build/stm32f1xx_hal.o
                0x20000000                uwTickFreq
 *fill*         0x20000001        0x3 
 .data.uwTickPrio
                0x20000004        0x4 build/stm32f1xx_hal.o
                0x20000004                uwTickPrio
 .data.SystemCoreClock
                0x20000008        0x4 build/system_stm32f1xx.o
                0x20000008                SystemCoreClock
 .data.BMI088_ACCEL_SEN
                0x2000000c        0x4 build/BMI088driver.o
                0x2000000c                BMI088_ACCEL_SEN
 .data.BMI088_GYRO_SEN
                0x20000010        0x4 build/BMI088driver.o
                0x20000010                BMI088_GYRO_SEN
 .data.IMU_QuaternionEKF_P
                0x20000014       0x90 build/QuaternionEKF.o
                0x20000014                IMU_QuaternionEKF_P
 .data.uxCriticalNesting
                0x200000a4        0x4 build/port.o
 .data.command  0x200000a8        0x8 build/Movebase.o
                0x200000a8                command
 .data._impure_ptr
                0x200000b0        0x4 d:/gnu arm embedded toolchain/10 2021.10/bin/../lib/gcc/arm-none-eabi/10.3.1/../../../../arm-none-eabi/lib/thumb/v7-m/nofp\libc_nano.a(lib_a-impure.o)
                0x200000b0                _impure_ptr
 .data.impure_data
                0x200000b4       0x60 d:/gnu arm embedded toolchain/10 2021.10/bin/../lib/gcc/arm-none-eabi/10.3.1/../../../../arm-none-eabi/lib/thumb/v7-m/nofp\libc_nano.a(lib_a-impure.o)
                0x20000114                . = ALIGN (0x4)
                0x20000114                _edata = .

.igot.plt       0x20000114        0x0 load address 0x080098ec
 .igot.plt      0x20000114        0x0 d:/gnu arm embedded toolchain/10 2021.10/bin/../lib/gcc/arm-none-eabi/10.3.1/thumb/v7-m/nofp/crtbegin.o
                0x20000114                . = ALIGN (0x4)

.bss            0x20000118     0x3ae4 load address 0x080098ec
                0x20000118                _sbss = .
                0x20000118                __bss_start__ = _sbss
 *(.bss)
 .bss           0x20000118       0x1c d:/gnu arm embedded toolchain/10 2021.10/bin/../lib/gcc/arm-none-eabi/10.3.1/thumb/v7-m/nofp/crtbegin.o
 *(.bss*)
 .bss.second    0x20000134        0x1 build/main.o
                0x20000134                second
 *fill*         0x20000135        0x3 
 .bss.hdma_spi2_rx
                0x20000138       0x44 build/spi.o
                0x20000138                hdma_spi2_rx
 .bss.hdma_spi2_tx
                0x2000017c       0x44 build/spi.o
                0x2000017c                hdma_spi2_tx
 .bss.hspi1     0x200001c0       0x58 build/spi.o
                0x200001c0                hspi1
 .bss.hspi2     0x20000218       0x58 build/spi.o
                0x20000218                hspi2
 .bss.uwTick    0x20000270        0x4 build/stm32f1xx_hal.o
                0x20000270                uwTick
 .bss.__sbrk_heap_end
                0x20000274        0x4 build/sysmem.o
 .bss.BMI088    0x20000278       0x34 build/BMI088driver.o
                0x20000278                BMI088
 .bss.IMU_Param
                0x200002ac       0x1c build/ins_task.o
 .bss.INS       0x200002c8       0x7c build/ins_task.o
 .bss.TIMcount.14
                0x20000344        0x4 build/ins_task.o
 .bss.c_11.8    0x20000348        0x4 build/ins_task.o
 .bss.c_12.7    0x2000034c        0x4 build/ins_task.o
 .bss.c_13.6    0x20000350        0x4 build/ins_task.o
 .bss.c_21.5    0x20000354        0x4 build/ins_task.o
 .bss.c_22.4    0x20000358        0x4 build/ins_task.o
 .bss.c_23.3    0x2000035c        0x4 build/ins_task.o
 .bss.c_31.2    0x20000360        0x4 build/ins_task.o
 .bss.c_32.1    0x20000364        0x4 build/ins_task.o
 .bss.c_33.0    0x20000368        0x4 build/ins_task.o
 .bss.count.12  0x2000036c        0x4 build/ins_task.o
 .bss.dt        0x20000370        0x4 build/ins_task.o
 .bss.lastPitchOffset.10
                0x20000374        0x4 build/ins_task.o
 .bss.lastRollOffset.9
                0x20000378        0x4 build/ins_task.o
 .bss.lastYawOffset.11
                0x2000037c        0x4 build/ins_task.o
 .bss.last_count.13
                0x20000380        0x4 build/ins_task.o
 .bss.t         0x20000384        0x4 build/ins_task.o
 .bss.IMU_QuaternionEKF_H
                0x20000388       0x48 build/QuaternionEKF.o
                0x20000388                IMU_QuaternionEKF_H
 .bss.IMU_QuaternionEKF_K
                0x200003d0       0x48 build/QuaternionEKF.o
                0x200003d0                IMU_QuaternionEKF_K
 .bss.QEKF_INS  0x20000418      0x1e0 build/QuaternionEKF.o
                0x20000418                QEKF_INS
 .bss.accelInvNorm.0
                0x200005f8        0x4 build/QuaternionEKF.o
 .bss.doubleq0.12
                0x200005fc        0x4 build/QuaternionEKF.o
 .bss.doubleq1.11
                0x20000600        0x4 build/QuaternionEKF.o
 .bss.doubleq2.10
                0x20000604        0x4 build/QuaternionEKF.o
 .bss.doubleq3.9
                0x20000608        0x4 build/QuaternionEKF.o
 .bss.halfgxdt.3
                0x2000060c        0x4 build/QuaternionEKF.o
 .bss.halfgydt.2
                0x20000610        0x4 build/QuaternionEKF.o
 .bss.halfgzdt.1
                0x20000614        0x4 build/QuaternionEKF.o
 .bss.q0.16     0x20000618        0x4 build/QuaternionEKF.o
 .bss.q0.8      0x2000061c        0x4 build/QuaternionEKF.o
 .bss.q1.15     0x20000620        0x4 build/QuaternionEKF.o
 .bss.q1.7      0x20000624        0x4 build/QuaternionEKF.o
 .bss.q2.14     0x20000628        0x4 build/QuaternionEKF.o
 .bss.q2.6      0x2000062c        0x4 build/QuaternionEKF.o
 .bss.q3.13     0x20000630        0x4 build/QuaternionEKF.o
 .bss.q3.5      0x20000634        0x4 build/QuaternionEKF.o
 .bss.qInvNorm.4
                0x20000638        0x4 build/QuaternionEKF.o
 .bss.sizeof_double
                0x2000063c        0x2 build/kalman_filter.o
                0x2000063c                sizeof_double
 .bss.sizeof_float
                0x2000063e        0x2 build/kalman_filter.o
                0x2000063e                sizeof_float
 .bss.defaultTaskHandle
                0x20000640        0x4 build/freertos.o
                0x20000640                defaultTaskHandle
 .bss.xIdleStack
                0x20000644      0x200 build/freertos.o
 .bss.xIdleTaskTCBBuffer
                0x20000844       0x54 build/freertos.o
 .bss.pxCurrentTCB
                0x20000898        0x4 build/tasks.o
                0x20000898                pxCurrentTCB
 .bss.pxDelayedTaskList
                0x2000089c        0x4 build/tasks.o
 .bss.pxOverflowDelayedTaskList
                0x200008a0        0x4 build/tasks.o
 .bss.pxReadyTasksLists
                0x200008a4       0x8c build/tasks.o
 .bss.uxCurrentNumberOfTasks
                0x20000930        0x4 build/tasks.o
 .bss.uxDeletedTasksWaitingCleanUp
                0x20000934        0x4 build/tasks.o
 .bss.uxSchedulerSuspended
                0x20000938        0x4 build/tasks.o
 .bss.uxTaskNumber
                0x2000093c        0x4 build/tasks.o
 .bss.uxTopReadyPriority
                0x20000940        0x4 build/tasks.o
 .bss.xDelayedTaskList1
                0x20000944       0x14 build/tasks.o
 .bss.xDelayedTaskList2
                0x20000958       0x14 build/tasks.o
 .bss.xIdleTaskHandle
                0x2000096c        0x4 build/tasks.o
 .bss.xNextTaskUnblockTime
                0x20000970        0x4 build/tasks.o
 .bss.xNumOfOverflows
                0x20000974        0x4 build/tasks.o
 .bss.xPendedTicks
                0x20000978        0x4 build/tasks.o
 .bss.xPendingReadyList
                0x2000097c       0x14 build/tasks.o
 .bss.xSchedulerRunning
                0x20000990        0x4 build/tasks.o
 .bss.xSuspendedTaskList
                0x20000994       0x14 build/tasks.o
 .bss.xTasksWaitingTermination
                0x200009a8       0x14 build/tasks.o
 .bss.xTickCount
                0x200009bc        0x4 build/tasks.o
 .bss.xYieldPending
                0x200009c0        0x4 build/tasks.o
 .bss.pxEnd     0x200009c4        0x4 build/heap_4.o
 .bss.ucHeap    0x200009c8     0x2ee0 build/heap_4.o
 .bss.xBlockAllocatedBit
                0x200038a8        0x4 build/heap_4.o
 .bss.xFreeBytesRemaining
                0x200038ac        0x4 build/heap_4.o
 .bss.xMinimumEverFreeBytesRemaining
                0x200038b0        0x4 build/heap_4.o
 .bss.xNumberOfSuccessfulAllocations
                0x200038b4        0x4 build/heap_4.o
 .bss.xNumberOfSuccessfulFrees
                0x200038b8        0x4 build/heap_4.o
 .bss.xStart    0x200038bc        0x8 build/heap_4.o
 .bss.ucMaxSysCallPriority
                0x200038c4        0x1 build/port.o
 *fill*         0x200038c5        0x3 
 .bss.ulMaxPRIGROUPValue
                0x200038c8        0x4 build/port.o
 .bss.FlyTaskHandle
                0x200038cc        0x4 build/plane.o
                0x200038cc                FlyTaskHandle
 .bss.finish    0x200038d0        0x1 build/plane.o
                0x200038d0                finish
 *fill*         0x200038d1        0x3 
 .bss.insTaskHandle
                0x200038d4        0x4 build/plane.o
                0x200038d4                insTaskHandle
 .bss.htim1     0x200038d8       0x48 build/tim.o
                0x200038d8                htim1
 .bss.htim2     0x20003920       0x48 build/tim.o
                0x20003920                htim2
 .bss.htim3     0x20003968       0x48 build/tim.o
                0x20003968                htim3
 .bss.port_deca_isr
                0x200039b0        0x4 build/DWMport.o
                0x200039b0                port_deca_isr
 .bss.signalResetDone
                0x200039b4        0x4 build/DWMport.o
 .bss.uwbkx     0x200039b8       0x18 build/trilateration.o
                0x200039b8                uwbkx
 .bss.uwbky     0x200039d0       0x18 build/trilateration.o
                0x200039d0                uwbky
 .bss.huart3    0x200039e8       0x48 build/usart.o
                0x200039e8                huart3
 .bss.height_pid
                0x20003a30       0x38 build/Movebase.o
                0x20003a30                height_pid
 .bss.imu_data  0x20003a68       0x7c build/Movebase.o
                0x20003a68                imu_data
 .bss.pitch_pid
                0x20003ae4       0x38 build/Movebase.o
                0x20003ae4                pitch_pid
 .bss.point_pid
                0x20003b1c       0x38 build/Movebase.o
                0x20003b1c                point_pid
 .bss.recursiveTimes.0
                0x20003b54        0x1 build/Movebase.o
 *fill*         0x20003b55        0x3 
 .bss.roll_pid  0x20003b58       0x38 build/Movebase.o
                0x20003b58                roll_pid
 .bss.HIGH_RxPort
                0x20003b90        0x4 build/data_pool.o
                0x20003b90                HIGH_RxPort
 .bss.IMU_RxPort
                0x20003b94        0x4 build/data_pool.o
                0x20003b94                IMU_RxPort
 .bss.UART_TxPort
                0x20003b98        0x4 build/data_pool.o
                0x20003b98                UART_TxPort
 .bss.UWB_RxPort
                0x20003b9c        0x4 build/data_pool.o
                0x20003b9c                UWB_RxPort
 .bss.htim4     0x20003ba0       0x48 build/stm32f1xx_hal_timebase_tim.o
                0x20003ba0                htim4
 .bss.count_10  0x20003be8        0x1 build/measure.o
                0x20003be8                count_10
 *fill*         0x20003be9        0x3 
 .bss.__malloc_free_list
                0x20003bec        0x4 d:/gnu arm embedded toolchain/10 2021.10/bin/../lib/gcc/arm-none-eabi/10.3.1/../../../../arm-none-eabi/lib/thumb/v7-m/nofp\libc_nano.a(lib_a-nano-mallocr.o)
                0x20003bec                __malloc_free_list
 .bss.__malloc_sbrk_start
                0x20003bf0        0x4 d:/gnu arm embedded toolchain/10 2021.10/bin/../lib/gcc/arm-none-eabi/10.3.1/../../../../arm-none-eabi/lib/thumb/v7-m/nofp\libc_nano.a(lib_a-nano-mallocr.o)
                0x20003bf0                __malloc_sbrk_start
 .bss.errno     0x20003bf4        0x4 d:/gnu arm embedded toolchain/10 2021.10/bin/../lib/gcc/arm-none-eabi/10.3.1/../../../../arm-none-eabi/lib/thumb/v7-m/nofp\libc_nano.a(lib_a-reent.o)
                0x20003bf4                errno
 .bss.__lock___malloc_recursive_mutex
                0x20003bf8        0x1 d:/gnu arm embedded toolchain/10 2021.10/bin/../lib/gcc/arm-none-eabi/10.3.1/../../../../arm-none-eabi/lib/thumb/v7-m/nofp\libc_nano.a(lib_a-lock.o)
                0x20003bf8                __lock___malloc_recursive_mutex
 *(COMMON)
                0x20003bfc                . = ALIGN (0x4)
 *fill*         0x20003bf9        0x3 
                0x20003bfc                _ebss = .
                0x20003bfc                __bss_end__ = _ebss

._user_heap_stack
                0x20003bfc      0x604 load address 0x080098ec
                0x20003c00                . = ALIGN (0x8)
 *fill*         0x20003bfc        0x4 
                [!provide]                PROVIDE (end = .)
                0x20003c00                PROVIDE (_end = .)
                0x20003e00                . = (. + _Min_Heap_Size)
 *fill*         0x20003c00      0x200 
                0x20004200                . = (. + _Min_Stack_Size)
 *fill*         0x20003e00      0x400 
                0x20004200                . = ALIGN (0x8)

/DISCARD/
 libc.a(*)
 libm.a(*)
 libgcc.a(*)
OUTPUT(build/plane.elf elf32-littlearm)
LOAD linker stubs
LOAD d:/gnu arm embedded toolchain/10 2021.10/bin/../lib/gcc/arm-none-eabi/10.3.1/../../../../arm-none-eabi/lib/thumb/v7-m/nofp\libc.a
LOAD d:/gnu arm embedded toolchain/10 2021.10/bin/../lib/gcc/arm-none-eabi/10.3.1/../../../../arm-none-eabi/lib/thumb/v7-m/nofp\libm.a
LOAD d:/gnu arm embedded toolchain/10 2021.10/bin/../lib/gcc/arm-none-eabi/10.3.1/thumb/v7-m/nofp\libgcc.a

.ARM.attributes
                0x00000000       0x29
 .ARM.attributes
                0x00000000       0x1d d:/gnu arm embedded toolchain/10 2021.10/bin/../lib/gcc/arm-none-eabi/10.3.1/thumb/v7-m/nofp/crti.o
 .ARM.attributes
                0x0000001d       0x2d d:/gnu arm embedded toolchain/10 2021.10/bin/../lib/gcc/arm-none-eabi/10.3.1/thumb/v7-m/nofp/crtbegin.o
 .ARM.attributes
                0x0000004a       0x2d build/main.o
 .ARM.attributes
                0x00000077       0x2d build/gpio.o
 .ARM.attributes
                0x000000a4       0x2d build/spi.o
 .ARM.attributes
                0x000000d1       0x2d build/stm32f1xx_it.o
 .ARM.attributes
                0x000000fe       0x2d build/stm32f1xx_hal_msp.o
 .ARM.attributes
                0x0000012b       0x2d build/stm32f1xx_hal_spi.o
 .ARM.attributes
                0x00000158       0x2d build/stm32f1xx_hal.o
 .ARM.attributes
                0x00000185       0x2d build/stm32f1xx_hal_rcc.o
 .ARM.attributes
                0x000001b2       0x2d build/stm32f1xx_hal_gpio.o
 .ARM.attributes
                0x000001df       0x2d build/stm32f1xx_hal_dma.o
 .ARM.attributes
                0x0000020c       0x2d build/stm32f1xx_hal_cortex.o
 .ARM.attributes
                0x00000239       0x2d build/stm32f1xx_hal_tim.o
 .ARM.attributes
                0x00000266       0x2d build/stm32f1xx_hal_tim_ex.o
 .ARM.attributes
                0x00000293       0x2d build/system_stm32f1xx.o
 .ARM.attributes
                0x000002c0       0x2d build/sysmem.o
 .ARM.attributes
                0x000002ed       0x2d build/BMI088driver.o
 .ARM.attributes
                0x0000031a       0x2d build/BMI088Middleware.o
 .ARM.attributes
                0x00000347       0x2d build/ins_task.o
 .ARM.attributes
                0x00000374       0x2d build/dma.o
 .ARM.attributes
                0x000003a1       0x2d build/QuaternionEKF.o
 .ARM.attributes
                0x000003ce       0x2d build/user_lib.o
 .ARM.attributes
                0x000003fb       0x2d build/kalman_filter.o
 .ARM.attributes
                0x00000428       0x2d build/pid.o
 .ARM.attributes
                0x00000455       0x2d build/freertos.o
 .ARM.attributes
                0x00000482       0x2d build/list.o
 .ARM.attributes
                0x000004af       0x2d build/queue.o
 .ARM.attributes
                0x000004dc       0x2d build/tasks.o
 .ARM.attributes
                0x00000509       0x2d build/heap_4.o
 .ARM.attributes
                0x00000536       0x2d build/port.o
 .ARM.attributes
                0x00000563       0x2d build/cmsis_os.o
 .ARM.attributes
                0x00000590       0x2d build/plane.o
 .ARM.attributes
                0x000005bd       0x2d build/tim.o
 .ARM.attributes
                0x000005ea       0x2d build/DWMport.o
 .ARM.attributes
                0x00000617       0x2d build/trilateration.o
 .ARM.attributes
                0x00000644       0x2d build/usart.o
 .ARM.attributes
                0x00000671       0x2d build/stm32f1xx_hal_uart.o
 .ARM.attributes
                0x0000069e       0x2d build/Movebase.o
 .ARM.attributes
                0x000006cb       0x2d build/data_pool.o
 .ARM.attributes
                0x000006f8       0x2d build/stm32f1xx_hal_timebase_tim.o
 .ARM.attributes
                0x00000725       0x2d build/measure.o
 .ARM.attributes
                0x00000752       0x21 build/startup_stm32f103xb.o
 .ARM.attributes
                0x00000773       0x2d d:/gnu arm embedded toolchain/10 2021.10/bin/../lib/gcc/arm-none-eabi/10.3.1/../../../../arm-none-eabi/lib/thumb/v7-m/nofp\libc_nano.a(lib_a-errno.o)
 .ARM.attributes
                0x000007a0       0x2d d:/gnu arm embedded toolchain/10 2021.10/bin/../lib/gcc/arm-none-eabi/10.3.1/../../../../arm-none-eabi/lib/thumb/v7-m/nofp\libc_nano.a(lib_a-impure.o)
 .ARM.attributes
                0x000007cd       0x2d d:/gnu arm embedded toolchain/10 2021.10/bin/../lib/gcc/arm-none-eabi/10.3.1/../../../../arm-none-eabi/lib/thumb/v7-m/nofp\libc_nano.a(lib_a-init.o)
 .ARM.attributes
                0x000007fa       0x2d d:/gnu arm embedded toolchain/10 2021.10/bin/../lib/gcc/arm-none-eabi/10.3.1/../../../../arm-none-eabi/lib/thumb/v7-m/nofp\libc_nano.a(lib_a-malloc.o)
 .ARM.attributes
                0x00000827       0x2d d:/gnu arm embedded toolchain/10 2021.10/bin/../lib/gcc/arm-none-eabi/10.3.1/../../../../arm-none-eabi/lib/thumb/v7-m/nofp\libc_nano.a(lib_a-memcpy-stub.o)
 .ARM.attributes
                0x00000854       0x2d d:/gnu arm embedded toolchain/10 2021.10/bin/../lib/gcc/arm-none-eabi/10.3.1/../../../../arm-none-eabi/lib/thumb/v7-m/nofp\libc_nano.a(lib_a-memset.o)
 .ARM.attributes
                0x00000881       0x2d d:/gnu arm embedded toolchain/10 2021.10/bin/../lib/gcc/arm-none-eabi/10.3.1/../../../../arm-none-eabi/lib/thumb/v7-m/nofp\libc_nano.a(lib_a-nano-mallocr.o)
 .ARM.attributes
                0x000008ae       0x2d d:/gnu arm embedded toolchain/10 2021.10/bin/../lib/gcc/arm-none-eabi/10.3.1/../../../../arm-none-eabi/lib/thumb/v7-m/nofp\libc_nano.a(lib_a-sbrkr.o)
 .ARM.attributes
                0x000008db       0x2d d:/gnu arm embedded toolchain/10 2021.10/bin/../lib/gcc/arm-none-eabi/10.3.1/../../../../arm-none-eabi/lib/thumb/v7-m/nofp\libc_nano.a(lib_a-mlock.o)
 .ARM.attributes
                0x00000908       0x2d d:/gnu arm embedded toolchain/10 2021.10/bin/../lib/gcc/arm-none-eabi/10.3.1/../../../../arm-none-eabi/lib/thumb/v7-m/nofp\libc_nano.a(lib_a-reent.o)
 .ARM.attributes
                0x00000935       0x2d d:/gnu arm embedded toolchain/10 2021.10/bin/../lib/gcc/arm-none-eabi/10.3.1/../../../../arm-none-eabi/lib/thumb/v7-m/nofp\libc_nano.a(lib_a-lock.o)
 .ARM.attributes
                0x00000962       0x2d d:/gnu arm embedded toolchain/10 2021.10/bin/../lib/gcc/arm-none-eabi/10.3.1/../../../../arm-none-eabi/lib/thumb/v7-m/nofp\libm.a(lib_a-sf_cos.o)
 .ARM.attributes
                0x0000098f       0x2d d:/gnu arm embedded toolchain/10 2021.10/bin/../lib/gcc/arm-none-eabi/10.3.1/../../../../arm-none-eabi/lib/thumb/v7-m/nofp\libm.a(lib_a-sf_sin.o)
 .ARM.attributes
                0x000009bc       0x2d d:/gnu arm embedded toolchain/10 2021.10/bin/../lib/gcc/arm-none-eabi/10.3.1/../../../../arm-none-eabi/lib/thumb/v7-m/nofp\libm.a(lib_a-wf_acos.o)
 .ARM.attributes
                0x000009e9       0x2d d:/gnu arm embedded toolchain/10 2021.10/bin/../lib/gcc/arm-none-eabi/10.3.1/../../../../arm-none-eabi/lib/thumb/v7-m/nofp\libm.a(lib_a-wf_asin.o)
 .ARM.attributes
                0x00000a16       0x2d d:/gnu arm embedded toolchain/10 2021.10/bin/../lib/gcc/arm-none-eabi/10.3.1/../../../../arm-none-eabi/lib/thumb/v7-m/nofp\libm.a(lib_a-wf_atan2.o)
 .ARM.attributes
                0x00000a43       0x2d d:/gnu arm embedded toolchain/10 2021.10/bin/../lib/gcc/arm-none-eabi/10.3.1/../../../../arm-none-eabi/lib/thumb/v7-m/nofp\libm.a(lib_a-ef_acos.o)
 .ARM.attributes
                0x00000a70       0x2d d:/gnu arm embedded toolchain/10 2021.10/bin/../lib/gcc/arm-none-eabi/10.3.1/../../../../arm-none-eabi/lib/thumb/v7-m/nofp\libm.a(lib_a-ef_asin.o)
 .ARM.attributes
                0x00000a9d       0x2d d:/gnu arm embedded toolchain/10 2021.10/bin/../lib/gcc/arm-none-eabi/10.3.1/../../../../arm-none-eabi/lib/thumb/v7-m/nofp\libm.a(lib_a-ef_atan2.o)
 .ARM.attributes
                0x00000aca       0x2d d:/gnu arm embedded toolchain/10 2021.10/bin/../lib/gcc/arm-none-eabi/10.3.1/../../../../arm-none-eabi/lib/thumb/v7-m/nofp\libm.a(lib_a-ef_rem_pio2.o)
 .ARM.attributes
                0x00000af7       0x2d d:/gnu arm embedded toolchain/10 2021.10/bin/../lib/gcc/arm-none-eabi/10.3.1/../../../../arm-none-eabi/lib/thumb/v7-m/nofp\libm.a(lib_a-ef_sqrt.o)
 .ARM.attributes
                0x00000b24       0x2d d:/gnu arm embedded toolchain/10 2021.10/bin/../lib/gcc/arm-none-eabi/10.3.1/../../../../arm-none-eabi/lib/thumb/v7-m/nofp\libm.a(lib_a-kf_cos.o)
 .ARM.attributes
                0x00000b51       0x2d d:/gnu arm embedded toolchain/10 2021.10/bin/../lib/gcc/arm-none-eabi/10.3.1/../../../../arm-none-eabi/lib/thumb/v7-m/nofp\libm.a(lib_a-kf_rem_pio2.o)
 .ARM.attributes
                0x00000b7e       0x2d d:/gnu arm embedded toolchain/10 2021.10/bin/../lib/gcc/arm-none-eabi/10.3.1/../../../../arm-none-eabi/lib/thumb/v7-m/nofp\libm.a(lib_a-kf_sin.o)
 .ARM.attributes
                0x00000bab       0x2d d:/gnu arm embedded toolchain/10 2021.10/bin/../lib/gcc/arm-none-eabi/10.3.1/../../../../arm-none-eabi/lib/thumb/v7-m/nofp\libm.a(lib_a-sf_atan.o)
 .ARM.attributes
                0x00000bd8       0x2d d:/gnu arm embedded toolchain/10 2021.10/bin/../lib/gcc/arm-none-eabi/10.3.1/../../../../arm-none-eabi/lib/thumb/v7-m/nofp\libm.a(lib_a-sf_fabs.o)
 .ARM.attributes
                0x00000c05       0x2d d:/gnu arm embedded toolchain/10 2021.10/bin/../lib/gcc/arm-none-eabi/10.3.1/../../../../arm-none-eabi/lib/thumb/v7-m/nofp\libm.a(lib_a-sf_floor.o)
 .ARM.attributes
                0x00000c32       0x2d d:/gnu arm embedded toolchain/10 2021.10/bin/../lib/gcc/arm-none-eabi/10.3.1/../../../../arm-none-eabi/lib/thumb/v7-m/nofp\libm.a(lib_a-sf_nan.o)
 .ARM.attributes
                0x00000c5f       0x2d d:/gnu arm embedded toolchain/10 2021.10/bin/../lib/gcc/arm-none-eabi/10.3.1/../../../../arm-none-eabi/lib/thumb/v7-m/nofp\libm.a(lib_a-sf_scalbn.o)
 .ARM.attributes
                0x00000c8c       0x2d Middlewares/ST/ARM/DSP/Lib/libarm_cortexM3l_math.a(arm_mat_trans_f32.o)
 .ARM.attributes
                0x00000cb9       0x2d Middlewares/ST/ARM/DSP/Lib/libarm_cortexM3l_math.a(arm_mat_sub_f32.o)
 .ARM.attributes
                0x00000ce6       0x2d Middlewares/ST/ARM/DSP/Lib/libarm_cortexM3l_math.a(arm_mat_mult_f32.o)
 .ARM.attributes
                0x00000d13       0x2d Middlewares/ST/ARM/DSP/Lib/libarm_cortexM3l_math.a(arm_mat_inverse_f32.o)
 .ARM.attributes
                0x00000d40       0x2d Middlewares/ST/ARM/DSP/Lib/libarm_cortexM3l_math.a(arm_mat_init_f32.o)
 .ARM.attributes
                0x00000d6d       0x2d Middlewares/ST/ARM/DSP/Lib/libarm_cortexM3l_math.a(arm_mat_add_f32.o)
 .ARM.attributes
                0x00000d9a       0x2d Middlewares/ST/ARM/DSP/Lib/libarm_cortexM3l_math.a(arm_sin_f32.o)
 .ARM.attributes
                0x00000dc7       0x2d Middlewares/ST/ARM/DSP/Lib/libarm_cortexM3l_math.a(arm_cos_f32.o)
 .ARM.attributes
                0x00000df4       0x33 Middlewares/ST/ARM/DSP/Lib/libarm_cortexM3l_math.a(arm_common_tables.o)
 .ARM.attributes
                0x00000e27       0x1d d:/gnu arm embedded toolchain/10 2021.10/bin/../lib/gcc/arm-none-eabi/10.3.1/thumb/v7-m/nofp\libgcc.a(_arm_addsubsf3.o)
 .ARM.attributes
                0x00000e44       0x1d d:/gnu arm embedded toolchain/10 2021.10/bin/../lib/gcc/arm-none-eabi/10.3.1/thumb/v7-m/nofp\libgcc.a(_arm_muldivsf3.o)
 .ARM.attributes
                0x00000e61       0x1d d:/gnu arm embedded toolchain/10 2021.10/bin/../lib/gcc/arm-none-eabi/10.3.1/thumb/v7-m/nofp\libgcc.a(_arm_cmpsf2.o)
 .ARM.attributes
                0x00000e7e       0x1d d:/gnu arm embedded toolchain/10 2021.10/bin/../lib/gcc/arm-none-eabi/10.3.1/thumb/v7-m/nofp\libgcc.a(_arm_unordsf2.o)
 .ARM.attributes
                0x00000e9b       0x1d d:/gnu arm embedded toolchain/10 2021.10/bin/../lib/gcc/arm-none-eabi/10.3.1/thumb/v7-m/nofp\libgcc.a(_arm_fixsfsi.o)
 .ARM.attributes
                0x00000eb8       0x1d d:/gnu arm embedded toolchain/10 2021.10/bin/../lib/gcc/arm-none-eabi/10.3.1/thumb/v7-m/nofp\libgcc.a(_arm_fixunssfsi.o)
 .ARM.attributes
                0x00000ed5       0x1d d:/gnu arm embedded toolchain/10 2021.10/bin/../lib/gcc/arm-none-eabi/10.3.1/thumb/v7-m/nofp/crtn.o

.comment        0x00000000       0xbe
 .comment       0x00000000       0x49 build/main.o
                                 0x4a (size before relaxing)
 .comment       0x00000049       0x4a build/gpio.o
 .comment       0x00000049       0x4a build/spi.o
 .comment       0x00000049       0x4a build/stm32f1xx_it.o
 .comment       0x00000049       0x4a build/stm32f1xx_hal_msp.o
 .comment       0x00000049       0x4a build/stm32f1xx_hal_spi.o
 .comment       0x00000049       0x4a build/stm32f1xx_hal.o
 .comment       0x00000049       0x4a build/stm32f1xx_hal_rcc.o
 .comment       0x00000049       0x4a build/stm32f1xx_hal_gpio.o
 .comment       0x00000049       0x4a build/stm32f1xx_hal_dma.o
 .comment       0x00000049       0x4a build/stm32f1xx_hal_cortex.o
 .comment       0x00000049       0x4a build/stm32f1xx_hal_tim.o
 .comment       0x00000049       0x4a build/stm32f1xx_hal_tim_ex.o
 .comment       0x00000049       0x4a build/system_stm32f1xx.o
 .comment       0x00000049       0x4a build/sysmem.o
 .comment       0x00000049       0x4a build/BMI088driver.o
 .comment       0x00000049       0x4a build/BMI088Middleware.o
 .comment       0x00000049       0x4a build/ins_task.o
 .comment       0x00000049       0x4a build/dma.o
 .comment       0x00000049       0x4a build/QuaternionEKF.o
 .comment       0x00000049       0x4a build/user_lib.o
 .comment       0x00000049       0x4a build/kalman_filter.o
 .comment       0x00000049       0x4a build/pid.o
 .comment       0x00000049       0x4a build/freertos.o
 .comment       0x00000049       0x4a build/list.o
 .comment       0x00000049       0x4a build/queue.o
 .comment       0x00000049       0x4a build/tasks.o
 .comment       0x00000049       0x4a build/heap_4.o
 .comment       0x00000049       0x4a build/port.o
 .comment       0x00000049       0x4a build/cmsis_os.o
 .comment       0x00000049       0x4a build/plane.o
 .comment       0x00000049       0x4a build/tim.o
 .comment       0x00000049       0x4a build/DWMport.o
 .comment       0x00000049       0x4a build/trilateration.o
 .comment       0x00000049       0x4a build/usart.o
 .comment       0x00000049       0x4a build/stm32f1xx_hal_uart.o
 .comment       0x00000049       0x4a build/Movebase.o
 .comment       0x00000049       0x4a build/data_pool.o
 .comment       0x00000049       0x4a build/stm32f1xx_hal_timebase_tim.o
 .comment       0x00000049       0x4a build/measure.o
 .comment       0x00000049       0x75 Middlewares/ST/ARM/DSP/Lib/libarm_cortexM3l_math.a(arm_mat_trans_f32.o)
                                 0x76 (size before relaxing)
 .comment       0x000000be       0x76 Middlewares/ST/ARM/DSP/Lib/libarm_cortexM3l_math.a(arm_mat_sub_f32.o)
 .comment       0x000000be       0x76 Middlewares/ST/ARM/DSP/Lib/libarm_cortexM3l_math.a(arm_mat_mult_f32.o)
 .comment       0x000000be       0x76 Middlewares/ST/ARM/DSP/Lib/libarm_cortexM3l_math.a(arm_mat_inverse_f32.o)
 .comment       0x000000be       0x76 Middlewares/ST/ARM/DSP/Lib/libarm_cortexM3l_math.a(arm_mat_init_f32.o)
 .comment       0x000000be       0x76 Middlewares/ST/ARM/DSP/Lib/libarm_cortexM3l_math.a(arm_mat_add_f32.o)
 .comment       0x000000be       0x76 Middlewares/ST/ARM/DSP/Lib/libarm_cortexM3l_math.a(arm_sin_f32.o)
 .comment       0x000000be       0x76 Middlewares/ST/ARM/DSP/Lib/libarm_cortexM3l_math.a(arm_cos_f32.o)
 .comment       0x000000be       0x76 Middlewares/ST/ARM/DSP/Lib/libarm_cortexM3l_math.a(arm_common_tables.o)

.debug_info     0x00000000    0x32ace
 .debug_info    0x00000000      0xabc build/main.o
 .debug_info    0x00000abc      0x607 build/gpio.o
 .debug_info    0x000010c3      0xabf build/spi.o
 .debug_info    0x00001b82      0x8a8 build/stm32f1xx_it.o
 .debug_info    0x0000242a      0x3b0 build/stm32f1xx_hal_msp.o
 .debug_info    0x000027da     0x1df8 build/stm32f1xx_hal_spi.o
 .debug_info    0x000045d2      0x855 build/stm32f1xx_hal.o
 .debug_info    0x00004e27      0xaf0 build/stm32f1xx_hal_rcc.o
 .debug_info    0x00005917      0x6d7 build/stm32f1xx_hal_gpio.o
 .debug_info    0x00005fee      0x8c0 build/stm32f1xx_hal_dma.o
 .debug_info    0x000068ae      0xe2d build/stm32f1xx_hal_cortex.o
 .debug_info    0x000076db     0x4074 build/stm32f1xx_hal_tim.o
 .debug_info    0x0000b74f     0x1c39 build/stm32f1xx_hal_tim_ex.o
 .debug_info    0x0000d388      0x26e build/system_stm32f1xx.o
 .debug_info    0x0000d5f6      0x185 build/sysmem.o
 .debug_info    0x0000d77b      0xacf build/BMI088driver.o
 .debug_info    0x0000e24a      0x986 build/BMI088Middleware.o
 .debug_info    0x0000ebd0     0x26e4 build/ins_task.o
 .debug_info    0x000112b4      0x345 build/dma.o
 .debug_info    0x000115f9     0x15f3 build/QuaternionEKF.o
 .debug_info    0x00012bec      0x9b4 build/user_lib.o
 .debug_info    0x000135a0     0x128d build/kalman_filter.o
 .debug_info    0x0001482d      0x37c build/pid.o
 .debug_info    0x00014ba9      0x4b2 build/freertos.o
 .debug_info    0x0001505b      0x30f build/list.o
 .debug_info    0x0001536a     0x2407 build/queue.o
 .debug_info    0x00017771     0x2ad1 build/tasks.o
 .debug_info    0x0001a242      0x61a build/heap_4.o
 .debug_info    0x0001a85c      0x569 build/port.o
 .debug_info    0x0001adc5     0x2409 build/cmsis_os.o
 .debug_info    0x0001d1ce      0xd2b build/plane.o
 .debug_info    0x0001def9      0xd41 build/tim.o
 .debug_info    0x0001ec3a     0x14d7 build/DWMport.o
 .debug_info    0x00020111     0x2160 build/trilateration.o
 .debug_info    0x00022271      0x90b build/usart.o
 .debug_info    0x00022b7c     0x42a4 build/stm32f1xx_hal_uart.o
 .debug_info    0x00026e20     0x161c build/Movebase.o
 .debug_info    0x0002843c      0x1fc build/data_pool.o
 .debug_info    0x00028638      0xb07 build/stm32f1xx_hal_timebase_tim.o
 .debug_info    0x0002913f      0x99a build/measure.o
 .debug_info    0x00029ad9       0x22 build/startup_stm32f103xb.o
 .debug_info    0x00029afb      0xc1e Middlewares/ST/ARM/DSP/Lib/libarm_cortexM3l_math.a(arm_mat_trans_f32.o)
 .debug_info    0x0002a719      0xbf9 Middlewares/ST/ARM/DSP/Lib/libarm_cortexM3l_math.a(arm_mat_sub_f32.o)
 .debug_info    0x0002b312      0xcb5 Middlewares/ST/ARM/DSP/Lib/libarm_cortexM3l_math.a(arm_mat_mult_f32.o)
 .debug_info    0x0002bfc7      0xd78 Middlewares/ST/ARM/DSP/Lib/libarm_cortexM3l_math.a(arm_mat_inverse_f32.o)
 .debug_info    0x0002cd3f      0xb0c Middlewares/ST/ARM/DSP/Lib/libarm_cortexM3l_math.a(arm_mat_init_f32.o)
 .debug_info    0x0002d84b      0xbf9 Middlewares/ST/ARM/DSP/Lib/libarm_cortexM3l_math.a(arm_mat_add_f32.o)
 .debug_info    0x0002e444     0x1603 Middlewares/ST/ARM/DSP/Lib/libarm_cortexM3l_math.a(arm_sin_f32.o)
 .debug_info    0x0002fa47     0x1603 Middlewares/ST/ARM/DSP/Lib/libarm_cortexM3l_math.a(arm_cos_f32.o)
 .debug_info    0x0003104a     0x1a84 Middlewares/ST/ARM/DSP/Lib/libarm_cortexM3l_math.a(arm_common_tables.o)

.debug_abbrev   0x00000000     0x6d9f
 .debug_abbrev  0x00000000      0x24b build/main.o
 .debug_abbrev  0x0000024b      0x15c build/gpio.o
 .debug_abbrev  0x000003a7      0x1d4 build/spi.o
 .debug_abbrev  0x0000057b      0x1c3 build/stm32f1xx_it.o
 .debug_abbrev  0x0000073e      0x130 build/stm32f1xx_hal_msp.o
 .debug_abbrev  0x0000086e      0x28a build/stm32f1xx_hal_spi.o
 .debug_abbrev  0x00000af8      0x1f7 build/stm32f1xx_hal.o
 .debug_abbrev  0x00000cef      0x2b8 build/stm32f1xx_hal_rcc.o
 .debug_abbrev  0x00000fa7      0x222 build/stm32f1xx_hal_gpio.o
 .debug_abbrev  0x000011c9      0x244 build/stm32f1xx_hal_dma.o
 .debug_abbrev  0x0000140d      0x359 build/stm32f1xx_hal_cortex.o
 .debug_abbrev  0x00001766      0x29d build/stm32f1xx_hal_tim.o
 .debug_abbrev  0x00001a03      0x29f build/stm32f1xx_hal_tim_ex.o
 .debug_abbrev  0x00001ca2      0x140 build/system_stm32f1xx.o
 .debug_abbrev  0x00001de2       0xea build/sysmem.o
 .debug_abbrev  0x00001ecc      0x20c build/BMI088driver.o
 .debug_abbrev  0x000020d8      0x1fa build/BMI088Middleware.o
 .debug_abbrev  0x000022d2      0x357 build/ins_task.o
 .debug_abbrev  0x00002629      0x117 build/dma.o
 .debug_abbrev  0x00002740      0x2b5 build/QuaternionEKF.o
 .debug_abbrev  0x000029f5      0x1ca build/user_lib.o
 .debug_abbrev  0x00002bbf      0x21d build/kalman_filter.o
 .debug_abbrev  0x00002ddc      0x15b build/pid.o
 .debug_abbrev  0x00002f37      0x18f build/freertos.o
 .debug_abbrev  0x000030c6      0x124 build/list.o
 .debug_abbrev  0x000031ea      0x3c4 build/queue.o
 .debug_abbrev  0x000035ae      0x36b build/tasks.o
 .debug_abbrev  0x00003919      0x269 build/heap_4.o
 .debug_abbrev  0x00003b82      0x29d build/port.o
 .debug_abbrev  0x00003e1f      0x37d build/cmsis_os.o
 .debug_abbrev  0x0000419c      0x27a build/plane.o
 .debug_abbrev  0x00004416      0x1e2 build/tim.o
 .debug_abbrev  0x000045f8      0x481 build/DWMport.o
 .debug_abbrev  0x00004a79      0x318 build/trilateration.o
 .debug_abbrev  0x00004d91      0x1cc build/usart.o
 .debug_abbrev  0x00004f5d      0x334 build/stm32f1xx_hal_uart.o
 .debug_abbrev  0x00005291      0x316 build/Movebase.o
 .debug_abbrev  0x000055a7       0xfb build/data_pool.o
 .debug_abbrev  0x000056a2      0x202 build/stm32f1xx_hal_timebase_tim.o
 .debug_abbrev  0x000058a4      0x224 build/measure.o
 .debug_abbrev  0x00005ac8       0x12 build/startup_stm32f103xb.o
 .debug_abbrev  0x00005ada      0x216 Middlewares/ST/ARM/DSP/Lib/libarm_cortexM3l_math.a(arm_mat_trans_f32.o)
 .debug_abbrev  0x00005cf0      0x202 Middlewares/ST/ARM/DSP/Lib/libarm_cortexM3l_math.a(arm_mat_sub_f32.o)
 .debug_abbrev  0x00005ef2      0x225 Middlewares/ST/ARM/DSP/Lib/libarm_cortexM3l_math.a(arm_mat_mult_f32.o)
 .debug_abbrev  0x00006117      0x24c Middlewares/ST/ARM/DSP/Lib/libarm_cortexM3l_math.a(arm_mat_inverse_f32.o)
 .debug_abbrev  0x00006363      0x1e7 Middlewares/ST/ARM/DSP/Lib/libarm_cortexM3l_math.a(arm_mat_init_f32.o)
 .debug_abbrev  0x0000654a      0x202 Middlewares/ST/ARM/DSP/Lib/libarm_cortexM3l_math.a(arm_mat_add_f32.o)
 .debug_abbrev  0x0000674c      0x23b Middlewares/ST/ARM/DSP/Lib/libarm_cortexM3l_math.a(arm_sin_f32.o)
 .debug_abbrev  0x00006987      0x23b Middlewares/ST/ARM/DSP/Lib/libarm_cortexM3l_math.a(arm_cos_f32.o)
 .debug_abbrev  0x00006bc2      0x1dd Middlewares/ST/ARM/DSP/Lib/libarm_cortexM3l_math.a(arm_common_tables.o)

.debug_loc      0x00000000    0x1e8a1
 .debug_loc     0x00000000       0xc2 build/main.o
 .debug_loc     0x000000c2       0x39 build/gpio.o
 .debug_loc     0x000000fb      0x15c build/spi.o
 .debug_loc     0x00000257       0xe0 build/stm32f1xx_it.o
 .debug_loc     0x00000337       0x4d build/stm32f1xx_hal_msp.o
 .debug_loc     0x00000384     0x22e5 build/stm32f1xx_hal_spi.o
 .debug_loc     0x00002669      0x1e1 build/stm32f1xx_hal.o
 .debug_loc     0x0000284a      0x790 build/stm32f1xx_hal_rcc.o
 .debug_loc     0x00002fda      0x551 build/stm32f1xx_hal_gpio.o
 .debug_loc     0x0000352b      0x901 build/stm32f1xx_hal_dma.o
 .debug_loc     0x00003e2c      0x77f build/stm32f1xx_hal_cortex.o
 .debug_loc     0x000045ab     0x5c88 build/stm32f1xx_hal_tim.o
 .debug_loc     0x0000a233     0x20f3 build/stm32f1xx_hal_tim_ex.o
 .debug_loc     0x0000c326       0xff build/system_stm32f1xx.o
 .debug_loc     0x0000c425       0x84 build/sysmem.o
 .debug_loc     0x0000c4a9      0x435 build/BMI088driver.o
 .debug_loc     0x0000c8de      0x285 build/BMI088Middleware.o
 .debug_loc     0x0000cb63      0x91f build/ins_task.o
 .debug_loc     0x0000d482       0x38 build/dma.o
 .debug_loc     0x0000d4ba      0x63f build/QuaternionEKF.o
 .debug_loc     0x0000daf9      0x835 build/user_lib.o
 .debug_loc     0x0000e32e      0x3f9 build/kalman_filter.o
 .debug_loc     0x0000e727      0x117 build/pid.o
 .debug_loc     0x0000e83e       0x7d build/freertos.o
 .debug_loc     0x0000e8bb       0xe5 build/list.o
 .debug_loc     0x0000e9a0     0x1a84 build/queue.o
 .debug_loc     0x00010424     0x245f build/tasks.o
 .debug_loc     0x00012883      0x4e4 build/heap_4.o
 .debug_loc     0x00012d67      0x16c build/port.o
 .debug_loc     0x00012ed3     0x1a22 build/cmsis_os.o
 .debug_loc     0x000148f5      0x148 build/plane.o
 .debug_loc     0x00014a3d      0x1ee build/tim.o
 .debug_loc     0x00014c2b      0x64c build/DWMport.o
 .debug_loc     0x00015277     0x2618 build/trilateration.o
 .debug_loc     0x0001788f      0x108 build/usart.o
 .debug_loc     0x00017997     0x4d23 build/stm32f1xx_hal_uart.o
 .debug_loc     0x0001c6ba      0x4e5 build/Movebase.o
 .debug_loc     0x0001cb9f       0x20 build/data_pool.o
 .debug_loc     0x0001cbbf      0x152 build/stm32f1xx_hal_timebase_tim.o
 .debug_loc     0x0001cd11       0x20 build/measure.o
 .debug_loc     0x0001cd31      0x2f5 Middlewares/ST/ARM/DSP/Lib/libarm_cortexM3l_math.a(arm_mat_trans_f32.o)
 .debug_loc     0x0001d026      0x2ff Middlewares/ST/ARM/DSP/Lib/libarm_cortexM3l_math.a(arm_mat_sub_f32.o)
 .debug_loc     0x0001d325      0x5ed Middlewares/ST/ARM/DSP/Lib/libarm_cortexM3l_math.a(arm_mat_mult_f32.o)
 .debug_loc     0x0001d912      0xa74 Middlewares/ST/ARM/DSP/Lib/libarm_cortexM3l_math.a(arm_mat_inverse_f32.o)
 .debug_loc     0x0001e386      0x2ff Middlewares/ST/ARM/DSP/Lib/libarm_cortexM3l_math.a(arm_mat_add_f32.o)
 .debug_loc     0x0001e685      0x10e Middlewares/ST/ARM/DSP/Lib/libarm_cortexM3l_math.a(arm_sin_f32.o)
 .debug_loc     0x0001e793      0x10e Middlewares/ST/ARM/DSP/Lib/libarm_cortexM3l_math.a(arm_cos_f32.o)

.debug_aranges  0x00000000     0x1a20
 .debug_aranges
                0x00000000       0x38 build/main.o
 .debug_aranges
                0x00000038       0x20 build/gpio.o
 .debug_aranges
                0x00000058       0x38 build/spi.o
 .debug_aranges
                0x00000090       0x80 build/stm32f1xx_it.o
 .debug_aranges
                0x00000110       0x20 build/stm32f1xx_hal_msp.o
 .debug_aranges
                0x00000130      0x1d0 build/stm32f1xx_hal_spi.o
 .debug_aranges
                0x00000300       0xe0 build/stm32f1xx_hal.o
 .debug_aranges
                0x000003e0       0x90 build/stm32f1xx_hal_rcc.o
 .debug_aranges
                0x00000470       0x58 build/stm32f1xx_hal_gpio.o
 .debug_aranges
                0x000004c8       0x80 build/stm32f1xx_hal_dma.o
 .debug_aranges
                0x00000548       0x90 build/stm32f1xx_hal_cortex.o
 .debug_aranges
                0x000005d8      0x3d0 build/stm32f1xx_hal_tim.o
 .debug_aranges
                0x000009a8      0x168 build/stm32f1xx_hal_tim_ex.o
 .debug_aranges
                0x00000b10       0x28 build/system_stm32f1xx.o
 .debug_aranges
                0x00000b38       0x20 build/sysmem.o
 .debug_aranges
                0x00000b58       0x50 build/BMI088driver.o
 .debug_aranges
                0x00000ba8       0x60 build/BMI088Middleware.o
 .debug_aranges
                0x00000c08       0x60 build/ins_task.o
 .debug_aranges
                0x00000c68       0x20 build/dma.o
 .debug_aranges
                0x00000c88       0x50 build/QuaternionEKF.o
 .debug_aranges
                0x00000cd8       0x98 build/user_lib.o
 .debug_aranges
                0x00000d70       0x60 build/kalman_filter.o
 .debug_aranges
                0x00000dd0       0x30 build/pid.o
 .debug_aranges
                0x00000e00       0x30 build/freertos.o
 .debug_aranges
                0x00000e30       0x40 build/list.o
 .debug_aranges
                0x00000e70      0x108 build/queue.o
 .debug_aranges
                0x00000f78      0x1b8 build/tasks.o
 .debug_aranges
                0x00001130       0x58 build/heap_4.o
 .debug_aranges
                0x00001188       0x78 build/port.o
 .debug_aranges
                0x00001200      0x1d8 build/cmsis_os.o
 .debug_aranges
                0x000013d8       0x48 build/plane.o
 .debug_aranges
                0x00001420       0x40 build/tim.o
 .debug_aranges
                0x00001460       0xc8 build/DWMport.o
 .debug_aranges
                0x00001528       0xa0 build/trilateration.o
 .debug_aranges
                0x000015c8       0x30 build/usart.o
 .debug_aranges
                0x000015f8      0x208 build/stm32f1xx_hal_uart.o
 .debug_aranges
                0x00001800       0x60 build/Movebase.o
 .debug_aranges
                0x00001860       0x20 build/data_pool.o
 .debug_aranges
                0x00001880       0x30 build/stm32f1xx_hal_timebase_tim.o
 .debug_aranges
                0x000018b0       0x30 build/measure.o
 .debug_aranges
                0x000018e0       0x28 build/startup_stm32f103xb.o
 .debug_aranges
                0x00001908       0x20 Middlewares/ST/ARM/DSP/Lib/libarm_cortexM3l_math.a(arm_mat_trans_f32.o)
 .debug_aranges
                0x00001928       0x20 Middlewares/ST/ARM/DSP/Lib/libarm_cortexM3l_math.a(arm_mat_sub_f32.o)
 .debug_aranges
                0x00001948       0x20 Middlewares/ST/ARM/DSP/Lib/libarm_cortexM3l_math.a(arm_mat_mult_f32.o)
 .debug_aranges
                0x00001968       0x20 Middlewares/ST/ARM/DSP/Lib/libarm_cortexM3l_math.a(arm_mat_inverse_f32.o)
 .debug_aranges
                0x00001988       0x20 Middlewares/ST/ARM/DSP/Lib/libarm_cortexM3l_math.a(arm_mat_init_f32.o)
 .debug_aranges
                0x000019a8       0x20 Middlewares/ST/ARM/DSP/Lib/libarm_cortexM3l_math.a(arm_mat_add_f32.o)
 .debug_aranges
                0x000019c8       0x20 Middlewares/ST/ARM/DSP/Lib/libarm_cortexM3l_math.a(arm_sin_f32.o)
 .debug_aranges
                0x000019e8       0x20 Middlewares/ST/ARM/DSP/Lib/libarm_cortexM3l_math.a(arm_cos_f32.o)
 .debug_aranges
                0x00001a08       0x18 Middlewares/ST/ARM/DSP/Lib/libarm_cortexM3l_math.a(arm_common_tables.o)

.debug_ranges   0x00000000     0x19a0
 .debug_ranges  0x00000000       0x28 build/main.o
 .debug_ranges  0x00000028       0x10 build/gpio.o
 .debug_ranges  0x00000038       0x28 build/spi.o