Archive member included to satisfy reference by file (symbol)

d:/gnu arm embedded toolchain/10 2021.10/bin/../lib/gcc/arm-none-eabi/10.3.1/../../../../arm-none-eabi/lib/thumb/v7-m/nofp\libc_nano.a(lib_a-errno.o)
                              build/sysmem.o (__errno)
d:/gnu arm embedded toolchain/10 2021.10/bin/../lib/gcc/arm-none-eabi/10.3.1/../../../../arm-none-eabi/lib/thumb/v7-m/nofp\libc_nano.a(lib_a-exit.o)
                              d:/gnu arm embedded toolchain/10 2021.10/bin/../lib/gcc/arm-none-eabi/10.3.1/../../../../arm-none-eabi/lib/thumb/v7-m/nofp/crt0.o (exit)
d:/gnu arm embedded toolchain/10 2021.10/bin/../lib/gcc/arm-none-eabi/10.3.1/../../../../arm-none-eabi/lib/thumb/v7-m/nofp\libc_nano.a(lib_a-impure.o)
                              d:/gnu arm embedded toolchain/10 2021.10/bin/../lib/gcc/arm-none-eabi/10.3.1/../../../../arm-none-eabi/lib/thumb/v7-m/nofp\libc_nano.a(lib_a-exit.o) (_global_impure_ptr)
d:/gnu arm embedded toolchain/10 2021.10/bin/../lib/gcc/arm-none-eabi/10.3.1/../../../../arm-none-eabi/lib/thumb/v7-m/nofp\libc_nano.a(lib_a-init.o)
                              d:/gnu arm embedded toolchain/10 2021.10/bin/../lib/gcc/arm-none-eabi/10.3.1/../../../../arm-none-eabi/lib/thumb/v7-m/nofp/crt0.o (__libc_init_array)
d:/gnu arm embedded toolchain/10 2021.10/bin/../lib/gcc/arm-none-eabi/10.3.1/../../../../arm-none-eabi/lib/thumb/v7-m/nofp\libc_nano.a(lib_a-malloc.o)
                              build/user_lib.o (malloc)
d:/gnu arm embedded toolchain/10 2021.10/bin/../lib/gcc/arm-none-eabi/10.3.1/../../../../arm-none-eabi/lib/thumb/v7-m/nofp\libc_nano.a(lib_a-memcpy-stub.o)
                              build/QuaternionEKF.o (memcpy)
d:/gnu arm embedded toolchain/10 2021.10/bin/../lib/gcc/arm-none-eabi/10.3.1/../../../../arm-none-eabi/lib/thumb/v7-m/nofp\libc_nano.a(lib_a-memset.o)
                              d:/gnu arm embedded toolchain/10 2021.10/bin/../lib/gcc/arm-none-eabi/10.3.1/../../../../arm-none-eabi/lib/thumb/v7-m/nofp/crt0.o (memset)
d:/gnu arm embedded toolchain/10 2021.10/bin/../lib/gcc/arm-none-eabi/10.3.1/../../../../arm-none-eabi/lib/thumb/v7-m/nofp\libc_nano.a(lib_a-nano-freer.o)
                              d:/gnu arm embedded toolchain/10 2021.10/bin/../lib/gcc/arm-none-eabi/10.3.1/../../../../arm-none-eabi/lib/thumb/v7-m/nofp\libc_nano.a(lib_a-malloc.o) (_free_r)
d:/gnu arm embedded toolchain/10 2021.10/bin/../lib/gcc/arm-none-eabi/10.3.1/../../../../arm-none-eabi/lib/thumb/v7-m/nofp\libc_nano.a(lib_a-nano-mallocr.o)
                              d:/gnu arm embedded toolchain/10 2021.10/bin/../lib/gcc/arm-none-eabi/10.3.1/../../../../arm-none-eabi/lib/thumb/v7-m/nofp\libc_nano.a(lib_a-malloc.o) (_malloc_r)
d:/gnu arm embedded toolchain/10 2021.10/bin/../lib/gcc/arm-none-eabi/10.3.1/../../../../arm-none-eabi/lib/thumb/v7-m/nofp\libc_nano.a(lib_a-sbrkr.o)
                              d:/gnu arm embedded toolchain/10 2021.10/bin/../lib/gcc/arm-none-eabi/10.3.1/../../../../arm-none-eabi/lib/thumb/v7-m/nofp\libc_nano.a(lib_a-nano-mallocr.o) (_sbrk_r)
d:/gnu arm embedded toolchain/10 2021.10/bin/../lib/gcc/arm-none-eabi/10.3.1/../../../../arm-none-eabi/lib/thumb/v7-m/nofp\libc_nano.a(lib_a-mlock.o)
                              d:/gnu arm embedded toolchain/10 2021.10/bin/../lib/gcc/arm-none-eabi/10.3.1/../../../../arm-none-eabi/lib/thumb/v7-m/nofp\libc_nano.a(lib_a-nano-freer.o) (__malloc_lock)
d:/gnu arm embedded toolchain/10 2021.10/bin/../lib/gcc/arm-none-eabi/10.3.1/../../../../arm-none-eabi/lib/thumb/v7-m/nofp\libc_nano.a(lib_a-reent.o)
                              d:/gnu arm embedded toolchain/10 2021.10/bin/../lib/gcc/arm-none-eabi/10.3.1/../../../../arm-none-eabi/lib/thumb/v7-m/nofp\libc_nano.a(lib_a-sbrkr.o) (errno)
d:/gnu arm embedded toolchain/10 2021.10/bin/../lib/gcc/arm-none-eabi/10.3.1/../../../../arm-none-eabi/lib/thumb/v7-m/nofp\libc_nano.a(lib_a-lock.o)
                              d:/gnu arm embedded toolchain/10 2021.10/bin/../lib/gcc/arm-none-eabi/10.3.1/../../../../arm-none-eabi/lib/thumb/v7-m/nofp\libc_nano.a(lib_a-mlock.o) (__retarget_lock_acquire_recursive)
d:/gnu arm embedded toolchain/10 2021.10/bin/../lib/gcc/arm-none-eabi/10.3.1/../../../../arm-none-eabi/lib/thumb/v7-m/nofp\libm.a(lib_a-sf_cos.o)
                              build/ins_task.o (cosf)
d:/gnu arm embedded toolchain/10 2021.10/bin/../lib/gcc/arm-none-eabi/10.3.1/../../../../arm-none-eabi/lib/thumb/v7-m/nofp\libm.a(lib_a-sf_sin.o)
                              build/ins_task.o (sinf)
d:/gnu arm embedded toolchain/10 2021.10/bin/../lib/gcc/arm-none-eabi/10.3.1/../../../../arm-none-eabi/lib/thumb/v7-m/nofp\libm.a(lib_a-wf_acos.o)
                              build/ins_task.o (acosf)
d:/gnu arm embedded toolchain/10 2021.10/bin/../lib/gcc/arm-none-eabi/10.3.1/../../../../arm-none-eabi/lib/thumb/v7-m/nofp\libm.a(lib_a-wf_asin.o)
                              build/ins_task.o (asinf)
[...]
Memory Configuration

Name             Origin             Length             Attributes
RAM              0x20000000         0x00005000         xrw
FLASH            0x08000000         0x00010000         xr
*default*        0x00000000         0xffffffff

Linker script and memory map

LOAD d:/gnu arm embedded toolchain/10 2021.10/bin/../lib/gcc/arm-none-eabi/10.3.1/thumb/v7-m/nofp/crti.o
LOAD d:/gnu arm embedded toolchain/10 2021.10/bin/../lib/gcc/arm-none-eabi/10.3.1/thumb/v7-m/nofp/crtbegin.o
LOAD d:/gnu arm embedded toolchain/10 2021.10/bin/../lib/gcc/arm-none-eabi/10.3.1/../../../../arm-none-eabi/lib/thumb/v7-m/nofp/crt0.o
LOAD build/main.o
LOAD build/gpio.o
LOAD build/spi.o
LOAD build/stm32f1xx_it.o
LOAD build/stm32f1xx_hal_msp.o
LOAD build/stm32f1xx_hal_gpio_ex.o
LOAD build/stm32f1xx_hal_spi.o
LOAD build/stm32f1xx_hal.o
LOAD build/stm32f1xx_hal_rcc.o
LOAD build/stm32f1xx_hal_rcc_ex.o
LOAD build/stm32f1xx_hal_gpio.o
LOAD build/stm32f1xx_hal_dma.o
LOAD build/stm32f1xx_hal_cortex.o
LOAD build/stm32f1xx_hal_pwr.o
LOAD build/stm32f1xx_hal_flash.o
LOAD build/stm32f1xx_hal_flash_ex.o
LOAD build/stm32f1xx_hal_exti.o
LOAD build/stm32f1xx_hal_tim.o
LOAD build/stm32f1xx_hal_tim_ex.o
LOAD build/system_stm32f1xx.o
LOAD build/sysmem.o
LOAD build/syscalls.o
LOAD build/BMI088driver.o
LOAD build/BMI088Middleware.o
LOAD build/ins_task.o
LOAD build/dma.o
LOAD build/QuaternionEKF.o
LOAD build/user_lib.o
LOAD build/kalman_filter.o
LOAD build/Filter.o
LOAD build/freertos.o
LOAD build/stm32f1xx_hal_timebase_tim.o
LOAD build/croutine.o
LOAD build/event_groups.o
LOAD build/list.o
LOAD build/queue.o
LOAD build/stream_buffer.o
LOAD build/tasks.o
LOAD build/timers.o
LOAD build/heap_4.o
LOAD build/port.o
LOAD build/cmsis_os.o
LOAD build/plane.o
LOAD build/tim.o
LOAD build/startup_stm32f103xb.o
LOAD d:/gnu arm embedded toolchain/10 2021.10/bin/../lib/gcc/arm-none-eabi/10.3.1/../../../../arm-none-eabi/lib/thumb/v7-m/nofp\libc_nano.a
LOAD d:/gnu arm embedded toolchain/10 2021.10/bin/../lib/gcc/arm-none-eabi/10.3.1/../../../../arm-none-eabi/lib/thumb/v7-m/nofp\libm.a
LOAD d:/gnu arm embedded toolchain/10 2021.10/bin/../lib/gcc/arm-none-eabi/10.3.1/../../../../arm-none-eabi/lib/thumb/v7-m/nofp\libnosys.a
LOAD Middlewares/ST/ARM/DSP/Lib/libarm_cortexM3l_math.a
START GROUP
LOAD d:/gnu arm embedded toolchain/10 2021.10/bin/../lib/gcc/arm-none-eabi/10.3.1/thumb/v7-m/nofp\libgcc.a
LOAD d:/gnu arm embedded toolchain/10 2021.10/bin/../lib/gcc/arm-none-eabi/10.3.1/../../../../arm-none-eabi/lib/thumb/v7-m/nofp\libc_nano.a
END GROUP
START GROUP
LOAD d:/gnu arm embedded toolchain/10 2021.10/bin/../lib/gcc/arm-none-eabi/10.3.1/thumb/v7-m/nofp\libgcc.a
LOAD d:/gnu arm embedded toolchain/10 2021.10/bin/../lib/gcc/arm-none-eabi/10.3.1/../../../../arm-none-eabi/lib/thumb/v7-m/nofp\libc_nano.a
END GROUP
LOAD d:/gnu arm embedded toolchain/10 2021.10/bin/../lib/gcc/arm-none-eabi/10.3.1/thumb/v7-m/nofp/crtend.o
LOAD d:/gnu arm embedded toolchain/10 2021.10/bin/../lib/gcc/arm-none-eabi/10.3.1/thumb/v7-m/nofp/crtn.o
                0x20005000                _estack = (ORIGIN (RAM) + LENGTH (RAM))
                0x00000200                _Min_Heap_Size = 0x200
                0x00000400                _Min_Stack_Size = 0x400

.isr_vector     0x08000000      0x10c
                0x08000000                . = ALIGN (0x4)
 *(.isr_vector)
 .isr_vector    0x08000000      0x10c build/startup_stm32f103xb.o
                0x08000000                g_pfnVectors
                0x0800010c                . = ALIGN (0x4)

.text           0x08000110     0x778c
                0x08000110                . = ALIGN (0x4)
 *(.text)
 .text          0x08000110       0x40 d:/gnu arm embedded toolchain/10 2021.10/bin/../lib/gcc/arm-none-eabi/10.3.1/thumb/v7-m/nofp/crtbegin.o
 .text          0x08000150      0x21c d:/gnu arm embedded toolchain/10 2021.10/bin/../lib/gcc/arm-none-eabi/10.3.1/thumb/v7-m/nofp\libgcc.a(_arm_addsubsf3.o)
                0x08000150                __aeabi_frsub
                0x08000158                __subsf3
                0x08000158                __aeabi_fsub
                0x0800015c                __aeabi_fadd
                0x0800015c                __addsf3
                0x080002bc                __aeabi_ui2f
                0x080002bc                __floatunsisf
                0x080002c4                __aeabi_i2f
                0x080002c4                __floatsisf
                0x080002e0                __aeabi_ul2f
                0x080002e0                __floatundisf
                0x080002f0                __aeabi_l2f
                0x080002f0                __floatdisf
 .text          0x0800036c      0x2a0 d:/gnu arm embedded toolchain/10 2021.10/bin/../lib/gcc/arm-none-eabi/10.3.1/thumb/v7-m/nofp\libgcc.a(_arm_muldivsf3.o)
                0x0800036c                __mulsf3
                0x0800036c                __aeabi_fmul
                0x080004d4                __aeabi_fdiv
                0x080004d4                __divsf3
 .text          0x0800060c       0xec d:/gnu arm embedded toolchain/10 2021.10/bin/../lib/gcc/arm-none-eabi/10.3.1/thumb/v7-m/nofp\libgcc.a(_arm_cmpsf2.o)
                0x0800060c                __gesf2
                0x0800060c                __gtsf2
                0x08000614                __lesf2
                0x08000614                __ltsf2
                0x0800061c                __nesf2
                0x0800061c                __eqsf2
                0x0800061c                __cmpsf2
                0x0800067c                __aeabi_cfrcmple
                0x08000684                __aeabi_cfcmpeq
                0x08000684                __aeabi_cfcmple
                0x08000694                __aeabi_fcmpeq
                0x080006a8                __aeabi_fcmplt
                0x080006bc                __aeabi_fcmple
                0x080006d0                __aeabi_fcmpge
                0x080006e4                __aeabi_fcmpgt
 .text          0x080006f8       0x2c d:/gnu arm embedded toolchain/10 2021.10/bin/../lib/gcc/arm-none-eabi/10.3.1/thumb/v7-m/nofp\libgcc.a(_arm_unordsf2.o)
                0x080006f8                __unordsf2
                0x080006f8                __aeabi_fcmpun
 .text          0x08000724       0x4c d:/gnu arm embedded toolchain/10 2021.10/bin/../lib/gcc/arm-none-eabi/10.3.1/thumb/v7-m/nofp\libgcc.a(_arm_fixsfsi.o)
                0x08000724                __aeabi_f2iz
                0x08000724                __fixsfsi
 .text          0x08000770       0x40 d:/gnu arm embedded toolchain/10 2021.10/bin/../lib/gcc/arm-none-eabi/10.3.1/thumb/v7-m/nofp\libgcc.a(_arm_fixunssfsi.o)
                0x08000770                __fixunssfsi
                0x08000770                __aeabi_f2uiz
 *(.text*)
 .text.HAL_TIM_PeriodElapsedCallback
                0x080007b0       0x18 build/main.o
                0x080007b0                HAL_TIM_PeriodElapsedCallback
 .text.Error_Handler
                0x080007c8        0x4 build/main.o
                0x080007c8                Error_Handler
 .text.SystemClock_Config
                0x080007cc       0x64 build/main.o
                0x080007cc                SystemClock_Config
 .text.main     0x08000830       0x2c build/main.o
                0x08000830                main
 .text.MX_GPIO_Init
                0x0800085c       0xd8 build/gpio.o
                0x0800085c                MX_GPIO_Init
 .text.MX_SPI1_Init
                0x08000934       0x40 build/spi.o
                0x08000934                MX_SPI1_Init
 .text.MX_SPI2_Init
                0x08000974       0x48 build/spi.o
                0x08000974                MX_SPI2_Init
 .text.HAL_SPI_MspInit
                0x080009bc      0x148 build/spi.o
                0x080009bc                HAL_SPI_MspInit
 .text.NMI_Handler
                0x08000b04        0x2 build/stm32f1xx_it.o
                0x08000b04                NMI_Handler
 .text.HardFault_Handler
                0x08000b06        0x2 build/stm32f1xx_it.o
                0x08000b06                HardFault_Handler
 .text.MemManage_Handler
                0x08000b08        0x2 build/stm32f1xx_it.o
                0x08000b08                MemManage_Handler
 .text.BusFault_Handler
                0x08000b0a        0x2 build/stm32f1xx_it.o
                0x08000b0a                BusFault_Handler
 .text.UsageFault_Handler
                0x08000b0c        0x2 build/stm32f1xx_it.o
                0x08000b0c                UsageFault_Handler
 .text.DebugMon_Handler
                0x08000b0e        0x2 build/stm32f1xx_it.o
                0x08000b0e                DebugMon_Handler
 .text.EXTI3_IRQHandler
                0x08000b10        0xa build/stm32f1xx_it.o
                0x08000b10                EXTI3_IRQHandler
 *fill*         0x08000b1a        0x2 
 .text.DMA1_Channel4_IRQHandler
                0x08000b1c       0x10 build/stm32f1xx_it.o
                0x08000b1c                DMA1_Channel4_IRQHandler
 .text.DMA1_Channel5_IRQHandler
                0x08000b2c       0x10 build/stm32f1xx_it.o
                0x08000b2c                DMA1_Channel5_IRQHandler
 .text.TIM2_IRQHandler
                0x08000b3c       0x10 build/stm32f1xx_it.o
                0x08000b3c                TIM2_IRQHandler
 .text.TIM4_IRQHandler
                0x08000b4c       0x10 build/stm32f1xx_it.o
                0x08000b4c                TIM4_IRQHandler
 .text.EXTI15_10_IRQHandler
                0x08000b5c        0xc build/stm32f1xx_it.o
                0x08000b5c                EXTI15_10_IRQHandler
 .text.HAL_MspInit
                0x08000b68       0x54 build/stm32f1xx_hal_msp.o
                0x08000b68                HAL_MspInit
 .text.SPI_WaitFlagStateUntilTimeout
                0x08000bbc       0xd4 build/stm32f1xx_hal_spi.o
 .text.SPI_EndRxTxTransaction
                0x08000c90       0x44 build/stm32f1xx_hal_spi.o
 .text.HAL_SPI_Init
                0x08000cd4       0xb6 build/stm32f1xx_hal_spi.o
                0x08000cd4                HAL_SPI_Init
 .text.HAL_SPI_TransmitReceive
                0x08000d8a      0x254 build/stm32f1xx_hal_spi.o
                0x08000d8a                HAL_SPI_TransmitReceive
 *fill*         0x08000fde        0x2 
 .text.HAL_Init
                0x08000fe0       0x24 build/stm32f1xx_hal.o
                0x08000fe0                HAL_Init
 .text.HAL_IncTick
                0x08001004       0x18 build/stm32f1xx_hal.o
                0x08001004                HAL_IncTick
 .text.HAL_GetTick
                0x0800101c        0xc build/stm32f1xx_hal.o
                0x0800101c                HAL_GetTick
 .text.HAL_Delay
                0x08001028       0x28 build/stm32f1xx_hal.o
                0x08001028                HAL_Delay
 .text.RCC_Delay
                0x08001050       0x2c build/stm32f1xx_hal_rcc.o
 .text.HAL_RCC_OscConfig
                0x0800107c      0x410 build/stm32f1xx_hal_rcc.o
                0x0800107c                HAL_RCC_OscConfig
 .text.HAL_RCC_GetSysClockFreq
                0x0800148c       0x54 build/stm32f1xx_hal_rcc.o
                0x0800148c                HAL_RCC_GetSysClockFreq
 .text.HAL_RCC_ClockConfig
                0x080014e0      0x16c build/stm32f1xx_hal_rcc.o
                0x080014e0                HAL_RCC_ClockConfig
 .text.HAL_RCC_GetHCLKFreq
                0x0800164c        0xc build/stm32f1xx_hal_rcc.o
                0x0800164c                HAL_RCC_GetHCLKFreq
 .text.HAL_RCC_GetPCLK1Freq
                0x08001658       0x20 build/stm32f1xx_hal_rcc.o
                0x08001658                HAL_RCC_GetPCLK1Freq
 .text.HAL_RCC_GetClockConfig
                0x08001678       0x3c build/stm32f1xx_hal_rcc.o
                0x08001678                HAL_RCC_GetClockConfig
 .text.HAL_GPIO_Init
                0x080016b4      0x224 build/stm32f1xx_hal_gpio.o
                0x080016b4                HAL_GPIO_Init
 .text.HAL_GPIO_WritePin
                0x080018d8        0xc build/stm32f1xx_hal_gpio.o
                0x080018d8                HAL_GPIO_WritePin
 .text.HAL_GPIO_EXTI_Callback
                0x080018e4        0x2 build/stm32f1xx_hal_gpio.o
                0x080018e4                HAL_GPIO_EXTI_Callback
 *fill*         0x080018e6        0x2 
 .text.HAL_GPIO_EXTI_IRQHandler
                0x080018e8       0x1c build/stm32f1xx_hal_gpio.o
                0x080018e8                HAL_GPIO_EXTI_IRQHandler
 .text.HAL_DMA_Init
                0x08001904       0x6c build/stm32f1xx_hal_dma.o
                0x08001904                HAL_DMA_Init
 .text.HAL_DMA_IRQHandler
                0x08001970      0x144 build/stm32f1xx_hal_dma.o
                0x08001970                HAL_DMA_IRQHandler
 .text.HAL_NVIC_SetPriorityGrouping
                0x08001ab4       0x24 build/stm32f1xx_hal_cortex.o
                0x08001ab4                HAL_NVIC_SetPriorityGrouping
 .text.HAL_NVIC_SetPriority
                0x08001ad8       0x70 build/stm32f1xx_hal_cortex.o
                0x08001ad8                HAL_NVIC_SetPriority
 .text.HAL_NVIC_EnableIRQ
                0x08001b48       0x1c build/stm32f1xx_hal_cortex.o
                0x08001b48                HAL_NVIC_EnableIRQ
 .text.TIM_TI1_ConfigInputStage
                0x08001b64       0x24 build/stm32f1xx_hal_tim.o
 .text.TIM_TI2_ConfigInputStage
                0x08001b88       0x26 build/stm32f1xx_hal_tim.o
 .text.TIM_ITRx_SetConfig
                0x08001bae       0x10 build/stm32f1xx_hal_tim.o
 *fill*         0x08001bbe        0x2 
 .text.HAL_TIM_Base_Start_IT
                0x08001bc0       0x68 build/stm32f1xx_hal_tim.o
                0x08001bc0                HAL_TIM_Base_Start_IT
 .text.HAL_TIM_OC_DelayElapsedCallback
                0x08001c28        0x2 build/stm32f1xx_hal_tim.o
                0x08001c28                HAL_TIM_OC_DelayElapsedCallback
 .text.HAL_TIM_IC_CaptureCallback
                0x08001c2a        0x2 build/stm32f1xx_hal_tim.o
                0x08001c2a                HAL_TIM_IC_CaptureCallback
 .text.HAL_TIM_PWM_PulseFinishedCallback
                0x08001c2c        0x2 build/stm32f1xx_hal_tim.o
                0x08001c2c                HAL_TIM_PWM_PulseFinishedCallback
 .text.HAL_TIM_TriggerCallback
                0x08001c2e        0x2 build/stm32f1xx_hal_tim.o
                0x08001c2e                HAL_TIM_TriggerCallback
 .text.HAL_TIM_IRQHandler
                0x08001c30      0x15e build/stm32f1xx_hal_tim.o
                0x08001c30                HAL_TIM_IRQHandler
 *fill*         0x08001d8e        0x2 
 .text.TIM_Base_SetConfig
                0x08001d90       0x84 build/stm32f1xx_hal_tim.o
                0x08001d90                TIM_Base_SetConfig
 .text.HAL_TIM_Base_Init
                0x08001e14       0x58 build/stm32f1xx_hal_tim.o
                0x08001e14                HAL_TIM_Base_Init
 .text.TIM_ETR_SetConfig
                0x08001e6c       0x18 build/stm32f1xx_hal_tim.o
                0x08001e6c                TIM_ETR_SetConfig
 .text.HAL_TIM_ConfigClockSource
                0x08001e84       0xfe build/stm32f1xx_hal_tim.o
                0x08001e84                HAL_TIM_ConfigClockSource
 *fill*         0x08001f82        0x2 
 .text.HAL_TIMEx_MasterConfigSynchronization
                0x08001f84       0x6c build/stm32f1xx_hal_tim_ex.o
                0x08001f84                HAL_TIMEx_MasterConfigSynchronization
 .text.HAL_TIMEx_CommutCallback
                0x08001ff0        0x2 build/stm32f1xx_hal_tim_ex.o
                0x08001ff0                HAL_TIMEx_CommutCallback
 .text.HAL_TIMEx_BreakCallback
                0x08001ff2        0x2 build/stm32f1xx_hal_tim_ex.o
                0x08001ff2                HAL_TIMEx_BreakCallback
 .text.SystemInit
                0x08001ff4        0x2 build/system_stm32f1xx.o
                0x08001ff4                SystemInit
 *fill*         0x08001ff6        0x2 
 .text._sbrk    0x08001ff8       0x48 build/sysmem.o
                0x08001ff8                _sbrk
 .text.BMI088_write_single_reg
                0x08002040       0x10 build/BMI088driver.o
 .text.BMI088_read_single_reg
                0x08002050       0x16 build/BMI088driver.o
 .text.BMI088_read_muli_reg
                0x08002066       0x24 build/BMI088driver.o
 *fill*         0x0800208a        0x2 
 .text.bmi088_accel_init
                0x0800208c      0x10c build/BMI088driver.o
                0x0800208c                bmi088_accel_init
 .text.bmi088_gyro_init
                0x08002198       0xf0 build/BMI088driver.o
                0x08002198                bmi088_gyro_init
 .text.BMI088_init
                0x08002288       0x1a build/BMI088driver.o
                0x08002288                BMI088_init
 *fill*         0x080022a2        0x2 
 .text.BMI088_read
                0x080022a4      0x150 build/BMI088driver.o
                0x080022a4                BMI088_read
 .text.BMI088_GPIO_init
                0x080023f4        0x2 build/BMI088Middleware.o
                0x080023f4                BMI088_GPIO_init
 .text.BMI088_com_init
                0x080023f6        0x2 build/BMI088Middleware.o
                0x080023f6                BMI088_com_init
 .text.BMI088_delay_us
                0x080023f8       0x38 build/BMI088Middleware.o
                0x080023f8                BMI088_delay_us
 .text.BMI088_delay_ms
                0x08002430       0x18 build/BMI088Middleware.o
                0x08002430                BMI088_delay_ms
 .text.BMI088_ACCEL_NS_L
                0x08002448       0x14 build/BMI088Middleware.o
                0x08002448                BMI088_ACCEL_NS_L
 .text.BMI088_ACCEL_NS_H
                0x0800245c       0x14 build/BMI088Middleware.o
                0x0800245c                BMI088_ACCEL_NS_H
 .text.BMI088_GYRO_NS_L
                0x08002470       0x14 build/BMI088Middleware.o
                0x08002470                BMI088_GYRO_NS_L
 .text.BMI088_GYRO_NS_H
                0x08002484       0x14 build/BMI088Middleware.o
                0x08002484                BMI088_GYRO_NS_H
 .text.BMI088_read_write_byte
                0x08002498       0x2c build/BMI088Middleware.o
                0x08002498                BMI088_read_write_byte
 .text.InitQuaternion
                0x080024c4       0xe0 build/ins_task.o
 .text.IMU_Param_Correction
                0x080025a4      0x368 build/ins_task.o
 .text.INS_Init
                0x0800290c       0x90 build/ins_task.o
                0x0800290c                INS_Init
 .text.BodyFrameToEarthFrame
                0x0800299c      0x1cc build/ins_task.o
                0x0800299c                BodyFrameToEarthFrame
 .text.EarthFrameToBodyFrame
                0x08002b68      0x1cc build/ins_task.o
                0x08002b68                EarthFrameToBodyFrame
 .text.INS_Task
                0x08002d34      0x1c0 build/ins_task.o
                0x08002d34                INS_Task
 .text.MX_DMA_Init
                0x08002ef4       0x44 build/dma.o
                0x08002ef4                MX_DMA_Init
 .text.invSqrt  0x08002f38       0x3c build/QuaternionEKF.o
 .text.IMU_QuaternionEKF_F_Linearization_P_Fading
                0x08002f74      0x1d0 build/QuaternionEKF.o
 .text.IMU_QuaternionEKF_Observe
                0x08003144       0x38 build/QuaternionEKF.o
 .text.IMU_QuaternionEKF_xhatUpdate
                0x0800317c      0x484 build/QuaternionEKF.o
 .text.IMU_QuaternionEKF_SetH
                0x08003600       0xcc build/QuaternionEKF.o
 .text.IMU_QuaternionEKF_Init
                0x080036cc       0xe0 build/QuaternionEKF.o
                0x080036cc                IMU_QuaternionEKF_Init
 .text.IMU_QuaternionEKF_Update
                0x080037ac      0x4f4 build/QuaternionEKF.o
                0x080037ac                IMU_QuaternionEKF_Update
 .text.Sqrt     0x08003ca0       0x74 build/user_lib.o
                0x08003ca0                Sqrt
 .text.Norm3d   0x08003d14       0x64 build/user_lib.o
                0x08003d14                Norm3d
 .text.Cross3d  0x08003d78       0x5e build/user_lib.o
                0x08003d78                Cross3d
 .text.Dot3d    0x08003dd6       0x34 build/user_lib.o
                0x08003dd6                Dot3d
 *fill*         0x08003e0a        0x2 
 .text.H_K_R_Adjustment
                0x08003e0c      0x100 build/kalman_filter.o
 .text.Kalman_Filter_Init
                0x08003f0c      0x430 build/kalman_filter.o
                0x08003f0c                Kalman_Filter_Init
 .text.Kalman_Filter_Measure
                0x0800433c       0x4c build/kalman_filter.o
                0x0800433c                Kalman_Filter_Measure
 .text.Kalman_Filter_xhatMinusUpdate
                0x08004388       0x76 build/kalman_filter.o
                0x08004388                Kalman_Filter_xhatMinusUpdate
 .text.Kalman_Filter_PminusUpdate
                0x080043fe       0x68 build/kalman_filter.o
                0x080043fe                Kalman_Filter_PminusUpdate
 .text.Kalman_Filter_SetK
                0x08004466       0xcc build/kalman_filter.o
                0x08004466                Kalman_Filter_SetK
 .text.Kalman_Filter_xhatUpdate
                0x08004532       0x82 build/kalman_filter.o
                0x08004532                Kalman_Filter_xhatUpdate
 .text.Kalman_Filter_P_Update
                0x080045b4       0x64 build/kalman_filter.o
                0x080045b4                Kalman_Filter_P_Update
 .text.Kalman_Filter_Update
                0x08004618       0xf4 build/kalman_filter.o
                0x08004618                Kalman_Filter_Update
 .text.StartDefaultTask
                0x0800470c        0xa build/freertos.o
                0x0800470c                StartDefaultTask
 *fill*         0x08004716        0x2 
 .text.vApplicationGetIdleTaskMemory
                0x08004718       0x18 build/freertos.o
                0x08004718                vApplicationGetIdleTaskMemory
 .text.MX_FREERTOS_Init
                0x08004730       0x30 build/freertos.o
                0x08004730                MX_FREERTOS_Init
 .text.HAL_InitTick
                0x08004760       0xa0 build/stm32f1xx_hal_timebase_tim.o
                0x08004760                HAL_InitTick
 .text.vListInitialise
                0x08004800       0x16 build/list.o
                0x08004800                vListInitialise
 .text.vListInitialiseItem
                0x08004816        0x6 build/list.o
                0x08004816                vListInitialiseItem
 .text.vListInsertEnd
                0x0800481c       0x16 build/list.o
                0x0800481c                vListInsertEnd
 .text.vListInsert
                0x08004832       0x32 build/list.o
                0x08004832                vListInsert
 .text.uxListRemove
                0x08004864       0x26 build/list.o
                0x08004864                uxListRemove
 *fill*         0x0800488a        0x2 
 .text.prvResetNextTaskUnblockTime
                0x0800488c       0x2c build/tasks.o
 .text.prvInitialiseNewTask
                0x080048b8       0xa2 build/tasks.o
 *fill*         0x0800495a        0x2 
 .text.prvInitialiseTaskLists
                0x0800495c       0x68 build/tasks.o
 .text.prvAddNewTaskToReadyList
                0x080049c4       0xa8 build/tasks.o
 .text.prvDeleteTCB
                0x08004a6c       0x38 build/tasks.o
 .text.prvCheckTasksWaitingTermination
                0x08004aa4       0x4c build/tasks.o
 .text.prvIdleTask
                0x08004af0       0x28 build/tasks.o
 .text.prvAddCurrentTaskToDelayedList
                0x08004b18       0x98 build/tasks.o
 .text.xTaskCreateStatic
                0x08004bb0       0x76 build/tasks.o
                0x08004bb0                xTaskCreateStatic
 .text.xTaskCreate
                0x08004c26       0x68 build/tasks.o
                0x08004c26                xTaskCreate
 *fill*         0x08004c8e        0x2 
 .text.vTaskStartScheduler
                0x08004c90       0x74 build/tasks.o
                0x08004c90                vTaskStartScheduler
 .text.vTaskSuspendAll
                0x08004d04       0x10 build/tasks.o
                0x08004d04                vTaskSuspendAll
 .text.xTaskIncrementTick
                0x08004d14      0x118 build/tasks.o
                0x08004d14                xTaskIncrementTick
 .text.xTaskResumeAll
                0x08004e2c       0xf8 build/tasks.o
                0x08004e2c                xTaskResumeAll
 .text.vTaskDelay
                0x08004f24       0x4c build/tasks.o
                0x08004f24                vTaskDelay
 .text.vTaskSwitchContext
                0x08004f70       0x98 build/tasks.o
                0x08004f70                vTaskSwitchContext
 .text.prvHeapInit
                0x08005008       0x68 build/heap_4.o
 .text.prvInsertBlockIntoFreeList
                0x08005070       0x60 build/heap_4.o
 .text.pvPortMalloc
                0x080050d0       0xfc build/heap_4.o
                0x080050d0                pvPortMalloc
 .text.vPortFree
                0x080051cc       0x7c build/heap_4.o
                0x080051cc                vPortFree
 .text.prvTaskExitError
                0x08005248       0x40 build/port.o
 .text.prvPortStartFirstTask
                0x08005288       0x20 build/port.o
 .text.pxPortInitialiseStack
                0x080052a8       0x24 build/port.o
                0x080052a8                pxPortInitialiseStack
 *fill*         0x080052cc        0x4 
 .text.SVC_Handler
                0x080052d0       0x24 build/port.o
                0x080052d0                SVC_Handler
 .text.vPortEnterCritical
                0x080052f4       0x44 build/port.o
                0x080052f4                vPortEnterCritical
 .text.vPortExitCritical
                0x08005338       0x2c build/port.o
                0x08005338                vPortExitCritical
 *fill*         0x08005364        0xc 
 .text.PendSV_Handler
                0x08005370       0x44 build/port.o
                0x08005370                PendSV_Handler
 .text.SysTick_Handler
                0x080053b4       0x2c build/port.o
                0x080053b4                SysTick_Handler
 .text.vPortSetupTimerInterrupt
                0x080053e0       0x28 build/port.o
                0x080053e0                vPortSetupTimerInterrupt
 .text.xPortStartScheduler
                0x08005408       0xc0 build/port.o
                0x08005408                xPortStartScheduler
 .text.makeFreeRtosPriority
                0x080054c8        0xc build/cmsis_os.o
 .text.osKernelStart
                0x080054d4        0xa build/cmsis_os.o
                0x080054d4                osKernelStart
 .text.osThreadCreate
                0x080054de       0x6a build/cmsis_os.o
                0x080054de                osThreadCreate
 .text.osDelay  0x08005548        0xe build/cmsis_os.o
                0x08005548                osDelay
 .text.StartINSTASK
                0x08005556       0x12 build/plane.o
                0x08005556                StartINSTASK
 .text.OSTASKInit
                0x08005568       0x30 build/plane.o
                0x08005568                OSTASKInit
 .text.PlaneInit
                0x08005598        0xc build/plane.o
                0x08005598                PlaneInit
 .text.MX_TIM2_Init
                0x080055a4       0x78 build/tim.o
                0x080055a4                MX_TIM2_Init
 .text.HAL_TIM_Base_MspInit
                0x0800561c       0x3a build/tim.o
                0x0800561c                HAL_TIM_Base_MspInit
 *fill*         0x08005656        0x2 
 .text.Reset_Handler
                0x08005658       0x48 build/startup_stm32f103xb.o
                0x08005658                Reset_Handler
 .text.Default_Handler
                0x080056a0        0x2 build/startup_stm32f103xb.o
                0x080056a0                RTC_Alarm_IRQHandler
                0x080056a0                EXTI2_IRQHandler
                0x080056a0                TIM1_CC_IRQHandler
                0x080056a0                PVD_IRQHandler
                0x080056a0                EXTI0_IRQHandler
                0x080056a0                I2C2_EV_IRQHandler
                0x080056a0                ADC1_2_IRQHandler
                0x080056a0                SPI1_IRQHandler
                0x080056a0                TAMPER_IRQHandler
                0x080056a0                USART3_IRQHandler
                0x080056a0                RTC_IRQHandler
                0x080056a0                DMA1_Channel7_IRQHandler
                0x080056a0                CAN1_RX1_IRQHandler
                0x080056a0                I2C1_EV_IRQHandler
                0x080056a0                DMA1_Channel6_IRQHandler
                0x080056a0                TIM3_IRQHandler
                0x080056a0                RCC_IRQHandler
                0x080056a0                TIM1_TRG_COM_IRQHandler
                0x080056a0                DMA1_Channel1_IRQHandler
                0x080056a0                Default_Handler
                0x080056a0                EXTI9_5_IRQHandler
                0x080056a0                SPI2_IRQHandler
                0x080056a0                EXTI4_IRQHandler
                0x080056a0                USB_LP_CAN1_RX0_IRQHandler
                0x080056a0                USB_HP_CAN1_TX_IRQHandler
                0x080056a0                DMA1_Channel3_IRQHandler
                0x080056a0                TIM1_UP_IRQHandler
                0x080056a0                WWDG_IRQHandler
                0x080056a0                TIM1_BRK_IRQHandler
                0x080056a0                EXTI1_IRQHandler
                0x080056a0                USART2_IRQHandler
                0x080056a0                I2C2_ER_IRQHandler
                0x080056a0                DMA1_Channel2_IRQHandler
                0x080056a0                CAN1_SCE_IRQHandler
                0x080056a0                FLASH_IRQHandler
                0x080056a0                USART1_IRQHandler
                0x080056a0                I2C1_ER_IRQHandler
                0x080056a0                USBWakeUp_IRQHandler
 *fill*         0x080056a2        0x2 
 .text.__errno  0x080056a4        0xc d:/gnu arm embedded toolchain/10 2021.10/bin/../lib/gcc/arm-none-eabi/10.3.1/../../../../arm-none-eabi/lib/thumb/v7-m/nofp\libc_nano.a(lib_a-errno.o)
                0x080056a4                __errno
 .text.__libc_init_array
                0x080056b0       0x48 d:/gnu arm embedded toolchain/10 2021.10/bin/../lib/gcc/arm-none-eabi/10.3.1/../../../../arm-none-eabi/lib/thumb/v7-m/nofp\libc_nano.a(lib_a-init.o)
                0x080056b0                __libc_init_array
 .text.malloc   0x080056f8       0x10 d:/gnu arm embedded toolchain/10 2021.10/bin/../lib/gcc/arm-none-eabi/10.3.1/../../../../arm-none-eabi/lib/thumb/v7-m/nofp\libc_nano.a(lib_a-malloc.o)
                0x080056f8                malloc
 .text.memcpy   0x08005708       0x1c d:/gnu arm embedded toolchain/10 2021.10/bin/../lib/gcc/arm-none-eabi/10.3.1/../../../../arm-none-eabi/lib/thumb/v7-m/nofp\libc_nano.a(lib_a-memcpy-stub.o)
                0x08005708                memcpy
 .text.memset   0x08005724       0x10 d:/gnu arm embedded toolchain/10 2021.10/bin/../lib/gcc/arm-none-eabi/10.3.1/../../../../arm-none-eabi/lib/thumb/v7-m/nofp\libc_nano.a(lib_a-memset.o)
                0x08005724                memset
 .text.sbrk_aligned
                0x08005734       0x40 d:/gnu arm embedded toolchain/10 2021.10/bin/../lib/gcc/arm-none-eabi/10.3.1/../../../../arm-none-eabi/lib/thumb/v7-m/nofp\libc_nano.a(lib_a-nano-mallocr.o)
 .text._malloc_r
                0x08005774       0xe8 d:/gnu arm embedded toolchain/10 2021.10/bin/../lib/gcc/arm-none-eabi/10.3.1/../../../../arm-none-eabi/lib/thumb/v7-m/nofp\libc_nano.a(lib_a-nano-mallocr.o)
                0x08005774                _malloc_r
 .text._sbrk_r  0x0800585c       0x20 d:/gnu arm embedded toolchain/10 2021.10/bin/../lib/gcc/arm-none-eabi/10.3.1/../../../../arm-none-eabi/lib/thumb/v7-m/nofp\libc_nano.a(lib_a-sbrkr.o)
                0x0800585c                _sbrk_r
 .text.__malloc_lock
                0x0800587c        0xc d:/gnu arm embedded toolchain/10 2021.10/bin/../lib/gcc/arm-none-eabi/10.3.1/../../../../arm-none-eabi/lib/thumb/v7-m/nofp\libc_nano.a(lib_a-mlock.o)
                0x0800587c                __malloc_lock
 .text.__malloc_unlock
                0x08005888        0xc d:/gnu arm embedded toolchain/10 2021.10/bin/../lib/gcc/arm-none-eabi/10.3.1/../../../../arm-none-eabi/lib/thumb/v7-m/nofp\libc_nano.a(lib_a-mlock.o)
                0x08005888                __malloc_unlock
 .text.__retarget_lock_acquire_recursive
                0x08005894        0x2 d:/gnu arm embedded toolchain/10 2021.10/bin/../lib/gcc/arm-none-eabi/10.3.1/../../../../arm-none-eabi/lib/thumb/v7-m/nofp\libc_nano.a(lib_a-lock.o)
                0x08005894                __retarget_lock_acquire_recursive
 .text.__retarget_lock_release_recursive
                0x08005896        0x2 d:/gnu arm embedded toolchain/10 2021.10/bin/../lib/gcc/arm-none-eabi/10.3.1/../../../../arm-none-eabi/lib/thumb/v7-m/nofp\libc_nano.a(lib_a-lock.o)
                0x08005896                __retarget_lock_release_recursive
 .text.cosf     0x08005898       0x70 d:/gnu arm embedded toolchain/10 2021.10/bin/../lib/gcc/arm-none-eabi/10.3.1/../../../../arm-none-eabi/lib/thumb/v7-m/nofp\libm.a(lib_a-sf_cos.o)
                0x08005898                cosf
 .text.sinf     0x08005908       0x74 d:/gnu arm embedded toolchain/10 2021.10/bin/../lib/gcc/arm-none-eabi/10.3.1/../../../../arm-none-eabi/lib/thumb/v7-m/nofp\libm.a(lib_a-sf_sin.o)
                0x08005908                sinf
 .text.acosf    0x0800597c       0x40 d:/gnu arm embedded toolchain/10 2021.10/bin/../lib/gcc/arm-none-eabi/10.3.1/../../../../arm-none-eabi/lib/thumb/v7-m/nofp\libm.a(lib_a-wf_acos.o)
                0x0800597c                acosf
 .text.asinf    0x080059bc       0x40 d:/gnu arm embedded toolchain/10 2021.10/bin/../lib/gcc/arm-none-eabi/10.3.1/../../../../arm-none-eabi/lib/thumb/v7-m/nofp\libm.a(lib_a-wf_asin.o)
                0x080059bc                asinf
 .text.atan2f   0x080059fc        0x4 d:/gnu arm embedded toolchain/10 2021.10/bin/../lib/gcc/arm-none-eabi/10.3.1/../../../../arm-none-eabi/lib/thumb/v7-m/nofp\libm.a(lib_a-wf_atan2.o)
                0x080059fc                atan2f
 .text.__ieee754_acosf
                0x08005a00      0x2c8 d:/gnu arm embedded toolchain/10 2021.10/bin/../lib/gcc/arm-none-eabi/10.3.1/../../../../arm-none-eabi/lib/thumb/v7-m/nofp\libm.a(lib_a-ef_acos.o)
                0x08005a00                __ieee754_acosf
 .text.__ieee754_asinf
                0x08005cc8      0x29c d:/gnu arm embedded toolchain/10 2021.10/bin/../lib/gcc/arm-none-eabi/10.3.1/../../../../arm-none-eabi/lib/thumb/v7-m/nofp\libm.a(lib_a-ef_asin.o)
                0x08005cc8                __ieee754_asinf
 .text.__ieee754_atan2f
                0x08005f64      0x110 d:/gnu arm embedded toolchain/10 2021.10/bin/../lib/gcc/arm-none-eabi/10.3.1/../../../../arm-none-eabi/lib/thumb/v7-m/nofp\libm.a(lib_a-ef_atan2.o)
                0x08005f64                __ieee754_atan2f
 .text.__ieee754_rem_pio2f
                0x08006074      0x2e4 d:/gnu arm embedded toolchain/10 2021.10/bin/../lib/gcc/arm-none-eabi/10.3.1/../../../../arm-none-eabi/lib/thumb/v7-m/nofp\libm.a(lib_a-ef_rem_pio2.o)
                0x08006074                __ieee754_rem_pio2f
 .text.__ieee754_sqrtf
                0x08006358       0xb0 d:/gnu arm embedded toolchain/10 2021.10/bin/../lib/gcc/arm-none-eabi/10.3.1/../../../../arm-none-eabi/lib/thumb/v7-m/nofp\libm.a(lib_a-ef_sqrt.o)
                0x08006358                __ieee754_sqrtf
 .text.__kernel_cosf
                0x08006408      0x18c d:/gnu arm embedded toolchain/10 2021.10/bin/../lib/gcc/arm-none-eabi/10.3.1/../../../../arm-none-eabi/lib/thumb/v7-m/nofp\libm.a(lib_a-kf_cos.o)
                0x08006408                __kernel_cosf
 .text.__kernel_rem_pio2f
                0x08006594      0x6e4 d:/gnu arm embedded toolchain/10 2021.10/bin/../lib/gcc/arm-none-eabi/10.3.1/../../../../arm-none-eabi/lib/thumb/v7-m/nofp\libm.a(lib_a-kf_rem_pio2.o)
                0x08006594                __kernel_rem_pio2f
 .text.__kernel_sinf
                0x08006c78       0xe8 d:/gnu arm embedded toolchain/10 2021.10/bin/../lib/gcc/arm-none-eabi/10.3.1/../../../../arm-none-eabi/lib/thumb/v7-m/nofp\libm.a(lib_a-kf_sin.o)
                0x08006c78                __kernel_sinf
 .text.atanf    0x08006d60      0x214 d:/gnu arm embedded toolchain/10 2021.10/bin/../lib/gcc/arm-none-eabi/10.3.1/../../../../arm-none-eabi/lib/thumb/v7-m/nofp\libm.a(lib_a-sf_atan.o)
                0x08006d60                atanf
 .text.fabsf    0x08006f74        0x8 d:/gnu arm embedded toolchain/10 2021.10/bin/../lib/gcc/arm-none-eabi/10.3.1/../../../../arm-none-eabi/lib/thumb/v7-m/nofp\libm.a(lib_a-sf_fabs.o)
                0x08006f74                fabsf
 .text.floorf   0x08006f7c       0x80 d:/gnu arm embedded toolchain/10 2021.10/bin/../lib/gcc/arm-none-eabi/10.3.1/../../../../arm-none-eabi/lib/thumb/v7-m/nofp\libm.a(lib_a-sf_floor.o)
                0x08006f7c                floorf
 .text.nanf     0x08006ffc        0x8 d:/gnu arm embedded toolchain/10 2021.10/bin/../lib/gcc/arm-none-eabi/10.3.1/../../../../arm-none-eabi/lib/thumb/v7-m/nofp\libm.a(lib_a-sf_nan.o)
                0x08006ffc                nanf
 .text.scalbnf  0x08007004       0xbc d:/gnu arm embedded toolchain/10 2021.10/bin/../lib/gcc/arm-none-eabi/10.3.1/../../../../arm-none-eabi/lib/thumb/v7-m/nofp\libm.a(lib_a-sf_scalbn.o)
                0x08007004                scalbnf
 .text.arm_mat_trans_f32
                0x080070c0       0xb0 Middlewares/ST/ARM/DSP/Lib/libarm_cortexM3l_math.a(arm_mat_trans_f32.o)
                0x080070c0                arm_mat_trans_f32
 .text.arm_mat_sub_f32
                0x08007170       0xe4 Middlewares/ST/ARM/DSP/Lib/libarm_cortexM3l_math.a(arm_mat_sub_f32.o)
                0x08007170                arm_mat_sub_f32
 .text.arm_mat_mult_f32
                0x08007254      0x168 Middlewares/ST/ARM/DSP/Lib/libarm_cortexM3l_math.a(arm_mat_mult_f32.o)
                0x08007254                arm_mat_mult_f32
 .text.arm_mat_inverse_f32
                0x080073bc      0x2a4 Middlewares/ST/ARM/DSP/Lib/libarm_cortexM3l_math.a(arm_mat_inverse_f32.o)
                0x080073bc                arm_mat_inverse_f32
 .text.arm_mat_init_f32
                0x08007660        0x8 Middlewares/ST/ARM/DSP/Lib/libarm_cortexM3l_math.a(arm_mat_init_f32.o)
                0x08007660                arm_mat_init_f32
 .text.arm_mat_add_f32
                0x08007668       0xe4 Middlewares/ST/ARM/DSP/Lib/libarm_cortexM3l_math.a(arm_mat_add_f32.o)
                0x08007668                arm_mat_add_f32
 .text.arm_sin_f32
                0x0800774c       0x98 Middlewares/ST/ARM/DSP/Lib/libarm_cortexM3l_math.a(arm_sin_f32.o)
                0x0800774c                arm_sin_f32
 .text.arm_cos_f32
                0x080077e4       0xa0 Middlewares/ST/ARM/DSP/Lib/libarm_cortexM3l_math.a(arm_cos_f32.o)
                0x080077e4                arm_cos_f32
 *(.glue_7)
 .glue_7        0x08007884        0x0 linker stubs
 *(.glue_7t)
 .glue_7t       0x08007884        0x0 linker stubs
 *(.eh_frame)
 .eh_frame      0x08007884        0x0 d:/gnu arm embedded toolchain/10 2021.10/bin/../lib/gcc/arm-none-eabi/10.3.1/thumb/v7-m/nofp/crtbegin.o
 *(.init)
 .init          0x08007884        0x4 d:/gnu arm embedded toolchain/10 2021.10/bin/../lib/gcc/arm-none-eabi/10.3.1/thumb/v7-m/nofp/crti.o
                0x08007884                _init
 .init          0x08007888        0x8 d:/gnu arm embedded toolchain/10 2021.10/bin/../lib/gcc/arm-none-eabi/10.3.1/thumb/v7-m/nofp/crtn.o
 *(.fini)
 .fini          0x08007890        0x4 d:/gnu arm embedded toolchain/10 2021.10/bin/../lib/gcc/arm-none-eabi/10.3.1/thumb/v7-m/nofp/crti.o
                0x08007890                _fini
 .fini          0x08007894        0x8 d:/gnu arm embedded toolchain/10 2021.10/bin/../lib/gcc/arm-none-eabi/10.3.1/thumb/v7-m/nofp/crtn.o
                0x0800789c                . = ALIGN (0x4)
                0x0800789c                _etext = .

.vfp11_veneer   0x0800789c        0x0
 .vfp11_veneer  0x0800789c        0x0 linker stubs

.v4_bx          0x0800789c        0x0
 .v4_bx         0x0800789c        0x0 linker stubs

.iplt           0x0800789c        0x0
 .iplt          0x0800789c        0x0 d:/gnu arm embedded toolchain/10 2021.10/bin/../lib/gcc/arm-none-eabi/10.3.1/thumb/v7-m/nofp/crtbegin.o

.rodata         0x0800789c      0xd70
                0x0800789c                . = ALIGN (0x4)
 *(.rodata)
 .rodata        0x0800789c        0x8 build/BMI088driver.o
 .rodata        0x080078a4       0x1c build/freertos.o
 .rodata        0x080078c0       0x1c build/plane.o
 *(.rodata*)
 .rodata.aPLLMULFactorTable.1
                0x080078dc       0x10 build/stm32f1xx_hal_rcc.o
 .rodata.aPredivFactorTable.0
                0x080078ec        0x2 build/stm32f1xx_hal_rcc.o
 *fill*         0x080078ee        0x2 
 .rodata.AHBPrescTable
                0x080078f0       0x10 build/system_stm32f1xx.o
                0x080078f0                AHBPrescTable
 .rodata.APBPrescTable
                0x08007900        0x8 build/system_stm32f1xx.o
                0x08007900                APBPrescTable
 .rodata.write_BMI088_accel_reg_data_error
                0x08007908       0x12 build/BMI088driver.o
 *fill*         0x0800791a        0x2 
 .rodata.write_BMI088_gyro_reg_data_error
                0x0800791c       0x12 build/BMI088driver.o
 *fill*         0x0800792e        0x2 
 .rodata.xb     0x08007930        0xc build/ins_task.o
                0x08007930                xb
 .rodata.yb     0x0800793c        0xc build/ins_task.o
                0x0800793c                yb
 .rodata.zb     0x08007948        0xc build/ins_task.o
                0x08007948                zb
 .rodata.IMU_QuaternionEKF_F
                0x08007954       0x90 build/QuaternionEKF.o
                0x08007954                IMU_QuaternionEKF_F
 .rodata.str1.4
                0x080079e4        0xc build/freertos.o
 .rodata.vTaskStartScheduler.str1.4
                0x080079f0        0x5 build/tasks.o
 *fill*         0x080079f5        0x3 
 .rodata.str1.4
                0x080079f8        0x8 build/plane.o
 .rodata.acosf.str1.4
                0x08007a00        0x8 d:/gnu arm embedded toolchain/10 2021.10/bin/../lib/gcc/arm-none-eabi/10.3.1/../../../../arm-none-eabi/lib/thumb/v7-m/nofp\libm.a(lib_a-wf_acos.o)
                                  0x1 (size before relaxing)
 .rodata.asinf.str1.4
                0x08007a00        0x1 d:/gnu arm embedded toolchain/10 2021.10/bin/../lib/gcc/arm-none-eabi/10.3.1/../../../../arm-none-eabi/lib/thumb/v7-m/nofp\libm.a(lib_a-wf_asin.o)
 .rodata.CSWTCH.8
                0x08007a00        0xc d:/gnu arm embedded toolchain/10 2021.10/bin/../lib/gcc/arm-none-eabi/10.3.1/../../../../arm-none-eabi/lib/thumb/v7-m/nofp\libm.a(lib_a-ef_atan2.o)
 .rodata.CSWTCH.9
                0x08007a0c        0xc d:/gnu arm embedded toolchain/10 2021.10/bin/../lib/gcc/arm-none-eabi/10.3.1/../../../../arm-none-eabi/lib/thumb/v7-m/nofp\libm.a(lib_a-ef_atan2.o)
 .rodata.npio2_hw
                0x08007a18       0x80 d:/gnu arm embedded toolchain/10 2021.10/bin/../lib/gcc/arm-none-eabi/10.3.1/../../../../arm-none-eabi/lib/thumb/v7-m/nofp\libm.a(lib_a-ef_rem_pio2.o)
 .rodata.two_over_pi
                0x08007a98      0x318 d:/gnu arm embedded toolchain/10 2021.10/bin/../lib/gcc/arm-none-eabi/10.3.1/../../../../arm-none-eabi/lib/thumb/v7-m/nofp\libm.a(lib_a-ef_rem_pio2.o)
 .rodata.PIo2   0x08007db0       0x2c d:/gnu arm embedded toolchain/10 2021.10/bin/../lib/gcc/arm-none-eabi/10.3.1/../../../../arm-none-eabi/lib/thumb/v7-m/nofp\libm.a(lib_a-kf_rem_pio2.o)
 .rodata.init_jk
                0x08007ddc        0xc d:/gnu arm embedded toolchain/10 2021.10/bin/../lib/gcc/arm-none-eabi/10.3.1/../../../../arm-none-eabi/lib/thumb/v7-m/nofp\libm.a(lib_a-kf_rem_pio2.o)
 .rodata.atanhi
                0x08007de8       0x10 d:/gnu arm embedded toolchain/10 2021.10/bin/../lib/gcc/arm-none-eabi/10.3.1/../../../../arm-none-eabi/lib/thumb/v7-m/nofp\libm.a(lib_a-sf_atan.o)
 .rodata.atanlo
                0x08007df8       0x10 d:/gnu arm embedded toolchain/10 2021.10/bin/../lib/gcc/arm-none-eabi/10.3.1/../../../../arm-none-eabi/lib/thumb/v7-m/nofp\libm.a(lib_a-sf_atan.o)
 .rodata.sinTable_f32
                0x08007e08      0x804 Middlewares/ST/ARM/DSP/Lib/libarm_cortexM3l_math.a(arm_common_tables.o)
                0x08007e08                sinTable_f32
                0x0800860c                . = ALIGN (0x4)

.rel.dyn        0x0800860c        0x0
 .rel.iplt      0x0800860c        0x0 d:/gnu arm embedded toolchain/10 2021.10/bin/../lib/gcc/arm-none-eabi/10.3.1/thumb/v7-m/nofp/crtbegin.o

.ARM.extab
 *(.ARM.extab* .gnu.linkonce.armextab.*)

.ARM            0x0800860c        0x0
                0x0800860c                __exidx_start = .
 *(.ARM.exidx*)
                0x0800860c                __exidx_end = .

.preinit_array  0x0800860c        0x0
                0x0800860c                PROVIDE (__preinit_array_start = .)
 *(.preinit_array*)
                0x0800860c                PROVIDE (__preinit_array_end = .)

.init_array     0x0800860c        0x4
                0x0800860c                PROVIDE (__init_array_start = .)
 *(SORT_BY_NAME(.init_array.*))
 *(.init_array*)
 .init_array    0x0800860c        0x4 d:/gnu arm embedded toolchain/10 2021.10/bin/../lib/gcc/arm-none-eabi/10.3.1/thumb/v7-m/nofp/crtbegin.o
                0x08008610                PROVIDE (__init_array_end = .)

.fini_array     0x08008610        0x4
                [!provide]                PROVIDE (__fini_array_start = .)
 *(SORT_BY_NAME(.fini_array.*))
 *(.fini_array*)
 .fini_array    0x08008610        0x4 d:/gnu arm embedded toolchain/10 2021.10/bin/../lib/gcc/arm-none-eabi/10.3.1/thumb/v7-m/nofp/crtbegin.o
                [!provide]                PROVIDE (__fini_array_end = .)
                0x08008614                _sidata = LOADADDR (.data)

.data           0x20000000      0x10c load address 0x08008614
                0x20000000                . = ALIGN (0x4)
                0x20000000                _sdata = .
 *(.data)
 *(.data*)
 .data.uwTickFreq
                0x20000000        0x1 build/stm32f1xx_hal.o
                0x20000000                uwTickFreq
 *fill*         0x20000001        0x3 
 .data.uwTickPrio
                0x20000004        0x4 build/stm32f1xx_hal.o
                0x20000004                uwTickPrio
 .data.SystemCoreClock
                0x20000008        0x4 build/system_stm32f1xx.o
                0x20000008                SystemCoreClock
 .data.BMI088_ACCEL_SEN
                0x2000000c        0x4 build/BMI088driver.o
                0x2000000c                BMI088_ACCEL_SEN
 .data.BMI088_GYRO_SEN
                0x20000010        0x4 build/BMI088driver.o
                0x20000010                BMI088_GYRO_SEN
 .data.IMU_QuaternionEKF_P
                0x20000014       0x90 build/QuaternionEKF.o
                0x20000014                IMU_QuaternionEKF_P
 .data.uxCriticalNesting
                0x200000a4        0x4 build/port.o
 .data._impure_ptr
                0x200000a8        0x4 d:/gnu arm embedded toolchain/10 2021.10/bin/../lib/gcc/arm-none-eabi/10.3.1/../../../../arm-none-eabi/lib/thumb/v7-m/nofp\libc_nano.a(lib_a-impure.o)
                0x200000a8                _impure_ptr
 .data.impure_data
                0x200000ac       0x60 d:/gnu arm embedded toolchain/10 2021.10/bin/../lib/gcc/arm-none-eabi/10.3.1/../../../../arm-none-eabi/lib/thumb/v7-m/nofp\libc_nano.a(lib_a-impure.o)
                0x2000010c                . = ALIGN (0x4)
                0x2000010c                _edata = .

.igot.plt       0x2000010c        0x0 load address 0x08008720
 .igot.plt      0x2000010c        0x0 d:/gnu arm embedded toolchain/10 2021.10/bin/../lib/gcc/arm-none-eabi/10.3.1/thumb/v7-m/nofp/crtbegin.o
                0x2000010c                . = ALIGN (0x4)

.bss            0x20000110     0x20e8 load address 0x08008720
                0x20000110                _sbss = .
                0x20000110                __bss_start__ = _sbss
 *(.bss)
 .bss           0x20000110       0x1c d:/gnu arm embedded toolchain/10 2021.10/bin/../lib/gcc/arm-none-eabi/10.3.1/thumb/v7-m/nofp/crtbegin.o
 *(.bss*)
 .bss.hdma_spi2_rx
                0x2000012c       0x44 build/spi.o
                0x2000012c                hdma_spi2_rx
 .bss.hdma_spi2_tx
                0x20000170       0x44 build/spi.o
                0x20000170                hdma_spi2_tx
 .bss.hspi1     0x200001b4       0x58 build/spi.o
                0x200001b4                hspi1
 .bss.hspi2     0x2000020c       0x58 build/spi.o
                0x2000020c                hspi2
 .bss.uwTick    0x20000264        0x4 build/stm32f1xx_hal.o
                0x20000264                uwTick
 .bss.__sbrk_heap_end
                0x20000268        0x4 build/sysmem.o
 .bss.BMI088    0x2000026c       0x34 build/BMI088driver.o
                0x2000026c                BMI088
 .bss.IMU_Param
                0x200002a0       0x1c build/ins_task.o
 .bss.INS       0x200002bc       0x7c build/ins_task.o
 .bss.TIMcount.14
                0x20000338        0x4 build/ins_task.o
 .bss.c_11.8    0x2000033c        0x4 build/ins_task.o
 .bss.c_12.7    0x20000340        0x4 build/ins_task.o
 .bss.c_13.6    0x20000344        0x4 build/ins_task.o
 .bss.c_21.5    0x20000348        0x4 build/ins_task.o
 .bss.c_22.4    0x2000034c        0x4 build/ins_task.o
 .bss.c_23.3    0x20000350        0x4 build/ins_task.o
 .bss.c_31.2    0x20000354        0x4 build/ins_task.o
 .bss.c_32.1    0x20000358        0x4 build/ins_task.o
 .bss.c_33.0    0x2000035c        0x4 build/ins_task.o
 .bss.count.12  0x20000360        0x4 build/ins_task.o
 .bss.dt        0x20000364        0x4 build/ins_task.o
 .bss.lastPitchOffset.10
                0x20000368        0x4 build/ins_task.o
 .bss.lastRollOffset.9
                0x2000036c        0x4 build/ins_task.o
 .bss.lastYawOffset.11
                0x20000370        0x4 build/ins_task.o
 .bss.last_count.13
                0x20000374        0x4 build/ins_task.o
 .bss.t         0x20000378        0x4 build/ins_task.o
 .bss.IMU_QuaternionEKF_H
                0x2000037c       0x48 build/QuaternionEKF.o
                0x2000037c                IMU_QuaternionEKF_H
 .bss.IMU_QuaternionEKF_K
                0x200003c4       0x48 build/QuaternionEKF.o
                0x200003c4                IMU_QuaternionEKF_K
 *fill*         0x2000040c        0x4 
 .bss.QEKF_INS  0x20000410      0x1e0 build/QuaternionEKF.o
                0x20000410                QEKF_INS
 .bss.accelInvNorm.0
                0x200005f0        0x4 build/QuaternionEKF.o
 .bss.doubleq0.12
                0x200005f4        0x4 build/QuaternionEKF.o
 .bss.doubleq1.11
                0x200005f8        0x4 build/QuaternionEKF.o
 .bss.doubleq2.10
                0x200005fc        0x4 build/QuaternionEKF.o
 .bss.doubleq3.9
                0x20000600        0x4 build/QuaternionEKF.o
 .bss.halfgxdt.3
                0x20000604        0x4 build/QuaternionEKF.o
 .bss.halfgydt.2
                0x20000608        0x4 build/QuaternionEKF.o
 .bss.halfgzdt.1
                0x2000060c        0x4 build/QuaternionEKF.o
 .bss.q0.16     0x20000610        0x4 build/QuaternionEKF.o
 .bss.q0.8      0x20000614        0x4 build/QuaternionEKF.o
 .bss.q1.15     0x20000618        0x4 build/QuaternionEKF.o
 .bss.q1.7      0x2000061c        0x4 build/QuaternionEKF.o
 .bss.q2.14     0x20000620        0x4 build/QuaternionEKF.o
 .bss.q2.6      0x20000624        0x4 build/QuaternionEKF.o
 .bss.q3.13     0x20000628        0x4 build/QuaternionEKF.o
 .bss.q3.5      0x2000062c        0x4 build/QuaternionEKF.o
 .bss.qInvNorm.4
                0x20000630        0x4 build/QuaternionEKF.o
 .bss.sizeof_double
                0x20000634        0x2 build/kalman_filter.o
                0x20000634                sizeof_double
 .bss.sizeof_float
                0x20000636        0x2 build/kalman_filter.o
                0x20000636                sizeof_float
 .bss.defaultTaskHandle
                0x20000638        0x4 build/freertos.o
                0x20000638                defaultTaskHandle
 .bss.xIdleStack
                0x2000063c      0x200 build/freertos.o
 .bss.xIdleTaskTCBBuffer
                0x2000083c       0x54 build/freertos.o
 .bss.htim4     0x20000890       0x48 build/stm32f1xx_hal_timebase_tim.o
                0x20000890                htim4
 .bss.pxCurrentTCB
                0x200008d8        0x4 build/tasks.o
                0x200008d8                pxCurrentTCB
 .bss.pxDelayedTaskList
                0x200008dc        0x4 build/tasks.o
 .bss.pxOverflowDelayedTaskList
                0x200008e0        0x4 build/tasks.o
 .bss.pxReadyTasksLists
                0x200008e4       0x8c build/tasks.o
 .bss.uxCurrentNumberOfTasks
                0x20000970        0x4 build/tasks.o
 .bss.uxDeletedTasksWaitingCleanUp
                0x20000974        0x4 build/tasks.o
 .bss.uxSchedulerSuspended
                0x20000978        0x4 build/tasks.o
 .bss.uxTaskNumber
                0x2000097c        0x4 build/tasks.o
 .bss.uxTopReadyPriority
                0x20000980        0x4 build/tasks.o
 .bss.xDelayedTaskList1
                0x20000984       0x14 build/tasks.o
 .bss.xDelayedTaskList2
                0x20000998       0x14 build/tasks.o
 .bss.xIdleTaskHandle
                0x200009ac        0x4 build/tasks.o
 .bss.xNextTaskUnblockTime
                0x200009b0        0x4 build/tasks.o
 .bss.xNumOfOverflows
                0x200009b4        0x4 build/tasks.o
 .bss.xPendedTicks
                0x200009b8        0x4 build/tasks.o
 .bss.xPendingReadyList
                0x200009bc       0x14 build/tasks.o
 .bss.xSchedulerRunning
                0x200009d0        0x4 build/tasks.o
 .bss.xSuspendedTaskList
                0x200009d4       0x14 build/tasks.o
 .bss.xTasksWaitingTermination
                0x200009e8       0x14 build/tasks.o
 .bss.xTickCount
                0x200009fc        0x4 build/tasks.o
 .bss.xYieldPending
                0x20000a00        0x4 build/tasks.o
 .bss.pxEnd     0x20000a04        0x4 build/heap_4.o
 .bss.ucHeap    0x20000a08     0x1770 build/heap_4.o
 .bss.xBlockAllocatedBit
                0x20002178        0x4 build/heap_4.o
 .bss.xFreeBytesRemaining
                0x2000217c        0x4 build/heap_4.o
 .bss.xMinimumEverFreeBytesRemaining
                0x20002180        0x4 build/heap_4.o
 .bss.xNumberOfSuccessfulAllocations
                0x20002184        0x4 build/heap_4.o
 .bss.xNumberOfSuccessfulFrees
                0x20002188        0x4 build/heap_4.o
 .bss.xStart    0x2000218c        0x8 build/heap_4.o
 .bss.ucMaxSysCallPriority
                0x20002194        0x1 build/port.o
 *fill*         0x20002195        0x3 
 .bss.ulMaxPRIGROUPValue
                0x20002198        0x4 build/port.o
 .bss.insTaskHandle
                0x2000219c        0x4 build/plane.o
                0x2000219c                insTaskHandle
 .bss.htim2     0x200021a0       0x48 build/tim.o
                0x200021a0                htim2
 .bss.__malloc_free_list
                0x200021e8        0x4 d:/gnu arm embedded toolchain/10 2021.10/bin/../lib/gcc/arm-none-eabi/10.3.1/../../../../arm-none-eabi/lib/thumb/v7-m/nofp\libc_nano.a(lib_a-nano-mallocr.o)
                0x200021e8                __malloc_free_list
 .bss.__malloc_sbrk_start
                0x200021ec        0x4 d:/gnu arm embedded toolchain/10 2021.10/bin/../lib/gcc/arm-none-eabi/10.3.1/../../../../arm-none-eabi/lib/thumb/v7-m/nofp\libc_nano.a(lib_a-nano-mallocr.o)
                0x200021ec                __malloc_sbrk_start
 .bss.errno     0x200021f0        0x4 d:/gnu arm embedded toolchain/10 2021.10/bin/../lib/gcc/arm-none-eabi/10.3.1/../../../../arm-none-eabi/lib/thumb/v7-m/nofp\libc_nano.a(lib_a-reent.o)
                0x200021f0                errno
 .bss.__lock___malloc_recursive_mutex
                0x200021f4        0x1 d:/gnu arm embedded toolchain/10 2021.10/bin/../lib/gcc/arm-none-eabi/10.3.1/../../../../arm-none-eabi/lib/thumb/v7-m/nofp\libc_nano.a(lib_a-lock.o)
                0x200021f4                __lock___malloc_recursive_mutex
 *(COMMON)
                0x200021f8                . = ALIGN (0x4)
 *fill*         0x200021f5        0x3 
                0x200021f8                _ebss = .
                0x200021f8                __bss_end__ = _ebss

._user_heap_stack
                0x200021f8      0x600 load address 0x08008720
                0x200021f8                . = ALIGN (0x8)
                [!provide]                PROVIDE (end = .)
                0x200021f8                PROVIDE (_end = .)
                0x200023f8                . = (. + _Min_Heap_Size)
 *fill*         0x200021f8      0x200 
                0x200027f8                . = (. + _Min_Stack_Size)
 *fill*         0x200023f8      0x400 
                0x200027f8                . = ALIGN (0x8)

/DISCARD/
 libc.a(*)
 libm.a(*)
 libgcc.a(*)
OUTPUT(build/plane.elf elf32-littlearm)
LOAD linker stubs
LOAD d:/gnu arm embedded toolchain/10 2021.10/bin/../lib/gcc/arm-none-eabi/10.3.1/../../../../arm-none-eabi/lib/thumb/v7-m/nofp\libc.a
LOAD d:/gnu arm embedded toolchain/10 2021.10/bin/../lib/gcc/arm-none-eabi/10.3.1/../../../../arm-none-eabi/lib/thumb/v7-m/nofp\libm.a
LOAD d:/gnu arm embedded toolchain/10 2021.10/bin/../lib/gcc/arm-none-eabi/10.3.1/thumb/v7-m/nofp\libgcc.a

.ARM.attributes
                0x00000000       0x29
 .ARM.attributes
                0x00000000       0x1d d:/gnu arm embedded toolchain/10 2021.10/bin/../lib/gcc/arm-none-eabi/10.3.1/thumb/v7-m/nofp/crti.o
 .ARM.attributes
                0x0000001d       0x2d d:/gnu arm embedded toolchain/10 2021.10/bin/../lib/gcc/arm-none-eabi/10.3.1/thumb/v7-m/nofp/crtbegin.o
 .ARM.attributes
                0x0000004a       0x2d build/main.o
 .ARM.attributes
                0x00000077       0x2d build/gpio.o
 .ARM.attributes
                0x000000a4       0x2d build/spi.o
 .ARM.attributes
                0x000000d1       0x2d build/stm32f1xx_it.o
 .ARM.attributes
                0x000000fe       0x2d build/stm32f1xx_hal_msp.o
 .ARM.attributes
                0x0000012b       0x2d build/stm32f1xx_hal_spi.o
 .ARM.attributes
                0x00000158       0x2d build/stm32f1xx_hal.o
 .ARM.attributes
                0x00000185       0x2d build/stm32f1xx_hal_rcc.o
 .ARM.attributes
                0x000001b2       0x2d build/stm32f1xx_hal_gpio.o
 .ARM.attributes
                0x000001df       0x2d build/stm32f1xx_hal_dma.o
 .ARM.attributes
                0x0000020c       0x2d build/stm32f1xx_hal_cortex.o
 .ARM.attributes
                0x00000239       0x2d build/stm32f1xx_hal_tim.o
 .ARM.attributes
                0x00000266       0x2d build/stm32f1xx_hal_tim_ex.o
 .ARM.attributes
                0x00000293       0x2d build/system_stm32f1xx.o
 .ARM.attributes
                0x000002c0       0x2d build/sysmem.o
 .ARM.attributes
                0x000002ed       0x2d build/BMI088driver.o
 .ARM.attributes
                0x0000031a       0x2d build/BMI088Middleware.o
 .ARM.attributes
                0x00000347       0x2d build/ins_task.o
 .ARM.attributes
                0x00000374       0x2d build/dma.o
 .ARM.attributes
                0x000003a1       0x2d build/QuaternionEKF.o
 .ARM.attributes
                0x000003ce       0x2d build/user_lib.o
 .ARM.attributes
                0x000003fb       0x2d build/kalman_filter.o
 .ARM.attributes
                0x00000428       0x2d build/freertos.o
 .ARM.attributes
                0x00000455       0x2d build/stm32f1xx_hal_timebase_tim.o
 .ARM.attributes
                0x00000482       0x2d build/list.o
 .ARM.attributes
                0x000004af       0x2d build/tasks.o
 .ARM.attributes
                0x000004dc       0x2d build/heap_4.o
 .ARM.attributes
                0x00000509       0x2d build/port.o
 .ARM.attributes
                0x00000536       0x2d build/cmsis_os.o
 .ARM.attributes
                0x00000563       0x2d build/plane.o
 .ARM.attributes
                0x00000590       0x2d build/tim.o
 .ARM.attributes
                0x000005bd       0x21 build/startup_stm32f103xb.o
 .ARM.attributes
                0x000005de       0x2d d:/gnu arm embedded toolchain/10 2021.10/bin/../lib/gcc/arm-none-eabi/10.3.1/../../../../arm-none-eabi/lib/thumb/v7-m/nofp\libc_nano.a(lib_a-errno.o)
 .ARM.attributes
                0x0000060b       0x2d d:/gnu arm embedded toolchain/10 2021.10/bin/../lib/gcc/arm-none-eabi/10.3.1/../../../../arm-none-eabi/lib/thumb/v7-m/nofp\libc_nano.a(lib_a-impure.o)
 .ARM.attributes
                0x00000638       0x2d d:/gnu arm embedded toolchain/10 2021.10/bin/../lib/gcc/arm-none-eabi/10.3.1/../../../../arm-none-eabi/lib/thumb/v7-m/nofp\libc_nano.a(lib_a-init.o)
 .ARM.attributes
                0x00000665       0x2d d:/gnu arm embedded toolchain/10 2021.10/bin/../lib/gcc/arm-none-eabi/10.3.1/../../../../arm-none-eabi/lib/thumb/v7-m/nofp\libc_nano.a(lib_a-malloc.o)
 .ARM.attributes
                0x00000692       0x2d d:/gnu arm embedded toolchain/10 2021.10/bin/../lib/gcc/arm-none-eabi/10.3.1/../../../../arm-none-eabi/lib/thumb/v7-m/nofp\libc_nano.a(lib_a-memcpy-stub.o)
 .ARM.attributes
                0x000006bf       0x2d d:/gnu arm embedded toolchain/10 2021.10/bin/../lib/gcc/arm-none-eabi/10.3.1/../../../../arm-none-eabi/lib/thumb/v7-m/nofp\libc_nano.a(lib_a-memset.o)
 .ARM.attributes
                0x000006ec       0x2d d:/gnu arm embedded toolchain/10 2021.10/bin/../lib/gcc/arm-none-eabi/10.3.1/../../../../arm-none-eabi/lib/thumb/v7-m/nofp\libc_nano.a(lib_a-nano-mallocr.o)
 .ARM.attributes
                0x00000719       0x2d d:/gnu arm embedded toolchain/10 2021.10/bin/../lib/gcc/arm-none-eabi/10.3.1/../../../../arm-none-eabi/lib/thumb/v7-m/nofp\libc_nano.a(lib_a-sbrkr.o)
 .ARM.attributes
                0x00000746       0x2d d:/gnu arm embedded toolchain/10 2021.10/bin/../lib/gcc/arm-none-eabi/10.3.1/../../../../arm-none-eabi/lib/thumb/v7-m/nofp\libc_nano.a(lib_a-mlock.o)
 .ARM.attributes
                0x00000773       0x2d d:/gnu arm embedded toolchain/10 2021.10/bin/../lib/gcc/arm-none-eabi/10.3.1/../../../../arm-none-eabi/lib/thumb/v7-m/nofp\libc_nano.a(lib_a-reent.o)
 .ARM.attributes
                0x000007a0       0x2d d:/gnu arm embedded toolchain/10 2021.10/bin/../lib/gcc/arm-none-eabi/10.3.1/../../../../arm-none-eabi/lib/thumb/v7-m/nofp\libc_nano.a(lib_a-lock.o)
 .ARM.attributes
                0x000007cd       0x2d d:/gnu arm embedded toolchain/10 2021.10/bin/../lib/gcc/arm-none-eabi/10.3.1/../../../../arm-none-eabi/lib/thumb/v7-m/nofp\libm.a(lib_a-sf_cos.o)
 .ARM.attributes
                0x000007fa       0x2d d:/gnu arm embedded toolchain/10 2021.10/bin/../lib/gcc/arm-none-eabi/10.3.1/../../../../arm-none-eabi/lib/thumb/v7-m/nofp\libm.a(lib_a-sf_sin.o)
 .ARM.attributes
                0x00000827       0x2d d:/gnu arm embedded toolchain/10 2021.10/bin/../lib/gcc/arm-none-eabi/10.3.1/../../../../arm-none-eabi/lib/thumb/v7-m/nofp\libm.a(lib_a-wf_acos.o)
 .ARM.attributes
                0x00000854       0x2d d:/gnu arm embedded toolchain/10 2021.10/bin/../lib/gcc/arm-none-eabi/10.3.1/../../../../arm-none-eabi/lib/thumb/v7-m/nofp\libm.a(lib_a-wf_asin.o)
 .ARM.attributes
                0x00000881       0x2d d:/gnu arm embedded toolchain/10 2021.10/bin/../lib/gcc/arm-none-eabi/10.3.1/../../../../arm-none-eabi/lib/thumb/v7-m/nofp\libm.a(lib_a-wf_atan2.o)
 .ARM.attributes
                0x000008ae       0x2d d:/gnu arm embedded toolchain/10 2021.10/bin/../lib/gcc/arm-none-eabi/10.3.1/../../../../arm-none-eabi/lib/thumb/v7-m/nofp\libm.a(lib_a-ef_acos.o)
 .ARM.attributes
                0x000008db       0x2d d:/gnu arm embedded toolchain/10 2021.10/bin/../lib/gcc/arm-none-eabi/10.3.1/../../../../arm-none-eabi/lib/thumb/v7-m/nofp\libm.a(lib_a-ef_asin.o)
 .ARM.attributes
                0x00000908       0x2d d:/gnu arm embedded toolchain/10 2021.10/bin/../lib/gcc/arm-none-eabi/10.3.1/../../../../arm-none-eabi/lib/thumb/v7-m/nofp\libm.a(lib_a-ef_atan2.o)
 .ARM.attributes
                0x00000935       0x2d d:/gnu arm embedded toolchain/10 2021.10/bin/../lib/gcc/arm-none-eabi/10.3.1/../../../../arm-none-eabi/lib/thumb/v7-m/nofp\libm.a(lib_a-ef_rem_pio2.o)
 .ARM.attributes
                0x00000962       0x2d d:/gnu arm embedded toolchain/10 2021.10/bin/../lib/gcc/arm-none-eabi/10.3.1/../../../../arm-none-eabi/lib/thumb/v7-m/nofp\libm.a(lib_a-ef_sqrt.o)
 .ARM.attributes
                0x0000098f       0x2d d:/gnu arm embedded toolchain/10 2021.10/bin/../lib/gcc/arm-none-eabi/10.3.1/../../../../arm-none-eabi/lib/thumb/v7-m/nofp\libm.a(lib_a-kf_cos.o)
 .ARM.attributes
                0x000009bc       0x2d d:/gnu arm embedded toolchain/10 2021.10/bin/../lib/gcc/arm-none-eabi/10.3.1/../../../../arm-none-eabi/lib/thumb/v7-m/nofp\libm.a(lib_a-kf_rem_pio2.o)
 .ARM.attributes
                0x000009e9       0x2d d:/gnu arm embedded toolchain/10 2021.10/bin/../lib/gcc/arm-none-eabi/10.3.1/../../../../arm-none-eabi/lib/thumb/v7-m/nofp\libm.a(lib_a-kf_sin.o)
 .ARM.attributes
                0x00000a16       0x2d d:/gnu arm embedded toolchain/10 2021.10/bin/../lib/gcc/arm-none-eabi/10.3.1/../../../../arm-none-eabi/lib/thumb/v7-m/nofp\libm.a(lib_a-sf_atan.o)
 .ARM.attributes
                0x00000a43       0x2d d:/gnu arm embedded toolchain/10 2021.10/bin/../lib/gcc/arm-none-eabi/10.3.1/../../../../arm-none-eabi/lib/thumb/v7-m/nofp\libm.a(lib_a-sf_fabs.o)
 .ARM.attributes
                0x00000a70       0x2d d:/gnu arm embedded toolchain/10 2021.10/bin/../lib/gcc/arm-none-eabi/10.3.1/../../../../arm-none-eabi/lib/thumb/v7-m/nofp\libm.a(lib_a-sf_floor.o)
 .ARM.attributes
                0x00000a9d       0x2d d:/gnu arm embedded toolchain/10 2021.10/bin/../lib/gcc/arm-none-eabi/10.3.1/../../../../arm-none-eabi/lib/thumb/v7-m/nofp\libm.a(lib_a-sf_nan.o)
 .ARM.attributes
                0x00000aca       0x2d d:/gnu arm embedded toolchain/10 2021.10/bin/../lib/gcc/arm-none-eabi/10.3.1/../../../../arm-none-eabi/lib/thumb/v7-m/nofp\libm.a(lib_a-sf_scalbn.o)
 .ARM.attributes
                0x00000af7       0x2d Middlewares/ST/ARM/DSP/Lib/libarm_cortexM3l_math.a(arm_mat_trans_f32.o)
 .ARM.attributes
                0x00000b24       0x2d Middlewares/ST/ARM/DSP/Lib/libarm_cortexM3l_math.a(arm_mat_sub_f32.o)
 .ARM.attributes
                0x00000b51       0x2d Middlewares/ST/ARM/DSP/Lib/libarm_cortexM3l_math.a(arm_mat_mult_f32.o)
 .ARM.attributes
                0x00000b7e       0x2d Middlewares/ST/ARM/DSP/Lib/libarm_cortexM3l_math.a(arm_mat_inverse_f32.o)
 .ARM.attributes
                0x00000bab       0x2d Middlewares/ST/ARM/DSP/Lib/libarm_cortexM3l_math.a(arm_mat_init_f32.o)
 .ARM.attributes
                0x00000bd8       0x2d Middlewares/ST/ARM/DSP/Lib/libarm_cortexM3l_math.a(arm_mat_add_f32.o)
 .ARM.attributes
                0x00000c05       0x2d Middlewares/ST/ARM/DSP/Lib/libarm_cortexM3l_math.a(arm_sin_f32.o)
 .ARM.attributes
                0x00000c32       0x2d Middlewares/ST/ARM/DSP/Lib/libarm_cortexM3l_math.a(arm_cos_f32.o)
 .ARM.attributes
                0x00000c5f       0x33 Middlewares/ST/ARM/DSP/Lib/libarm_cortexM3l_math.a(arm_common_tables.o)
 .ARM.attributes
                0x00000c92       0x1d d:/gnu arm embedded toolchain/10 2021.10/bin/../lib/gcc/arm-none-eabi/10.3.1/thumb/v7-m/nofp\libgcc.a(_arm_addsubsf3.o)
 .ARM.attributes
                0x00000caf       0x1d d:/gnu arm embedded toolchain/10 2021.10/bin/../lib/gcc/arm-none-eabi/10.3.1/thumb/v7-m/nofp\libgcc.a(_arm_muldivsf3.o)
 .ARM.attributes
                0x00000ccc       0x1d d:/gnu arm embedded toolchain/10 2021.10/bin/../lib/gcc/arm-none-eabi/10.3.1/thumb/v7-m/nofp\libgcc.a(_arm_cmpsf2.o)
 .ARM.attributes
                0x00000ce9       0x1d d:/gnu arm embedded toolchain/10 2021.10/bin/../lib/gcc/arm-none-eabi/10.3.1/thumb/v7-m/nofp\libgcc.a(_arm_unordsf2.o)
 .ARM.attributes
                0x00000d06       0x1d d:/gnu arm embedded toolchain/10 2021.10/bin/../lib/gcc/arm-none-eabi/10.3.1/thumb/v7-m/nofp\libgcc.a(_arm_fixsfsi.o)
 .ARM.attributes
                0x00000d23       0x1d d:/gnu arm embedded toolchain/10 2021.10/bin/../lib/gcc/arm-none-eabi/10.3.1/thumb/v7-m/nofp\libgcc.a(_arm_fixunssfsi.o)
 .ARM.attributes
                0x00000d40       0x1d d:/gnu arm embedded toolchain/10 2021.10/bin/../lib/gcc/arm-none-eabi/10.3.1/thumb/v7-m/nofp/crtn.o

.comment        0x00000000       0xbe
 .comment       0x00000000       0x49 build/main.o
                                 0x4a (size before relaxing)
 .comment       0x00000049       0x4a build/gpio.o
 .comment       0x00000049       0x4a build/spi.o
 .comment       0x00000049       0x4a build/stm32f1xx_it.o
 .comment       0x00000049       0x4a build/stm32f1xx_hal_msp.o
 .comment       0x00000049       0x4a build/stm32f1xx_hal_spi.o
 .comment       0x00000049       0x4a build/stm32f1xx_hal.o
 .comment       0x00000049       0x4a build/stm32f1xx_hal_rcc.o
 .comment       0x00000049       0x4a build/stm32f1xx_hal_gpio.o
 .comment       0x00000049       0x4a build/stm32f1xx_hal_dma.o
 .comment       0x00000049       0x4a build/stm32f1xx_hal_cortex.o
 .comment       0x00000049       0x4a build/stm32f1xx_hal_tim.o
 .comment       0x00000049       0x4a build/stm32f1xx_hal_tim_ex.o
 .comment       0x00000049       0x4a build/system_stm32f1xx.o
 .comment       0x00000049       0x4a build/sysmem.o
 .comment       0x00000049       0x4a build/BMI088driver.o
 .comment       0x00000049       0x4a build/BMI088Middleware.o
 .comment       0x00000049       0x4a build/ins_task.o
 .comment       0x00000049       0x4a build/dma.o
 .comment       0x00000049       0x4a build/QuaternionEKF.o
 .comment       0x00000049       0x4a build/user_lib.o
 .comment       0x00000049       0x4a build/kalman_filter.o
 .comment       0x00000049       0x4a build/freertos.o
 .comment       0x00000049       0x4a build/stm32f1xx_hal_timebase_tim.o
 .comment       0x00000049       0x4a build/list.o
 .comment       0x00000049       0x4a build/tasks.o
 .comment       0x00000049       0x4a build/heap_4.o
 .comment       0x00000049       0x4a build/port.o
 .comment       0x00000049       0x4a build/cmsis_os.o
 .comment       0x00000049       0x4a build/plane.o
 .comment       0x00000049       0x4a build/tim.o
 .comment       0x00000049       0x75 Middlewares/ST/ARM/DSP/Lib/libarm_cortexM3l_math.a(arm_mat_trans_f32.o)
                                 0x76 (size before relaxing)
 .comment       0x000000be       0x76 Middlewares/ST/ARM/DSP/Lib/libarm_cortexM3l_math.a(arm_mat_sub_f32.o)
 .comment       0x000000be       0x76 Middlewares/ST/ARM/DSP/Lib/libarm_cortexM3l_math.a(arm_mat_mult_f32.o)
 .comment       0x000000be       0x76 Middlewares/ST/ARM/DSP/Lib/libarm_cortexM3l_math.a(arm_mat_inverse_f32.o)
 .comment       0x000000be       0x76 Middlewares/ST/ARM/DSP/Lib/libarm_cortexM3l_math.a(arm_mat_init_f32.o)
 .comment       0x000000be       0x76 Middlewares/ST/ARM/DSP/Lib/libarm_cortexM3l_math.a(arm_mat_add_f32.o)
 .comment       0x000000be       0x76 Middlewares/ST/ARM/DSP/Lib/libarm_cortexM3l_math.a(arm_sin_f32.o)
 .comment       0x000000be       0x76 Middlewares/ST/ARM/DSP/Lib/libarm_cortexM3l_math.a(arm_cos_f32.o)
 .comment       0x000000be       0x76 Middlewares/ST/ARM/DSP/Lib/libarm_cortexM3l_math.a(arm_common_tables.o)

.debug_info     0x00000000    0x25393
 .debug_info    0x00000000      0xa87 build/main.o
 .debug_info    0x00000a87      0x549 build/gpio.o
 .debug_info    0x00000fd0      0xabf build/spi.o
 .debug_info    0x00001a8f      0x874 build/stm32f1xx_it.o
 .debug_info    0x00002303      0x3b0 build/stm32f1xx_hal_msp.o
 .debug_info    0x000026b3     0x1df8 build/stm32f1xx_hal_spi.o
 .debug_info    0x000044ab      0x855 build/stm32f1xx_hal.o
 .debug_info    0x00004d00      0xaf0 build/stm32f1xx_hal_rcc.o
 .debug_info    0x000057f0      0x6d7 build/stm32f1xx_hal_gpio.o
 .debug_info    0x00005ec7      0x8c0 build/stm32f1xx_hal_dma.o
 .debug_info    0x00006787      0xe2d build/stm32f1xx_hal_cortex.o
 .debug_info    0x000075b4     0x4074 build/stm32f1xx_hal_tim.o
 .debug_info    0x0000b628     0x1c39 build/stm32f1xx_hal_tim_ex.o
 .debug_info    0x0000d261      0x26e build/system_stm32f1xx.o
 .debug_info    0x0000d4cf      0x185 build/sysmem.o
 .debug_info    0x0000d654      0xacf build/BMI088driver.o
 .debug_info    0x0000e123      0x986 build/BMI088Middleware.o
 .debug_info    0x0000eaa9     0x2683 build/ins_task.o
 .debug_info    0x0001112c      0x345 build/dma.o
 .debug_info    0x00011471     0x15f3 build/QuaternionEKF.o
 .debug_info    0x00012a64      0x9b4 build/user_lib.o
 .debug_info    0x00013418     0x128d build/kalman_filter.o
 .debug_info    0x000146a5      0x49a build/freertos.o
 .debug_info    0x00014b3f      0xb07 build/stm32f1xx_hal_timebase_tim.o
 .debug_info    0x00015646      0x30f build/list.o
 .debug_info    0x00015955     0x2ad1 build/tasks.o
 .debug_info    0x00018426      0x61a build/heap_4.o
 .debug_info    0x00018a40      0x569 build/port.o
 .debug_info    0x00018fa9     0x2409 build/cmsis_os.o
 .debug_info    0x0001b3b2      0x4ac build/plane.o
 .debug_info    0x0001b85e      0xb40 build/tim.o
 .debug_info    0x0001c39e       0x22 build/startup_stm32f103xb.o
 .debug_info    0x0001c3c0      0xc1e Middlewares/ST/ARM/DSP/Lib/libarm_cortexM3l_math.a(arm_mat_trans_f32.o)
 .debug_info    0x0001cfde      0xbf9 Middlewares/ST/ARM/DSP/Lib/libarm_cortexM3l_math.a(arm_mat_sub_f32.o)
 .debug_info    0x0001dbd7      0xcb5 Middlewares/ST/ARM/DSP/Lib/libarm_cortexM3l_math.a(arm_mat_mult_f32.o)
 .debug_info    0x0001e88c      0xd78 Middlewares/ST/ARM/DSP/Lib/libarm_cortexM3l_math.a(arm_mat_inverse_f32.o)
 .debug_info    0x0001f604      0xb0c Middlewares/ST/ARM/DSP/Lib/libarm_cortexM3l_math.a(arm_mat_init_f32.o)
 .debug_info    0x00020110      0xbf9 Middlewares/ST/ARM/DSP/Lib/libarm_cortexM3l_math.a(arm_mat_add_f32.o)
 .debug_info    0x00020d09     0x1603 Middlewares/ST/ARM/DSP/Lib/libarm_cortexM3l_math.a(arm_sin_f32.o)
 .debug_info    0x0002230c     0x1603 Middlewares/ST/ARM/DSP/Lib/libarm_cortexM3l_math.a(arm_cos_f32.o)
 .debug_info    0x0002390f     0x1a84 Middlewares/ST/ARM/DSP/Lib/libarm_cortexM3l_math.a(arm_common_tables.o)

.debug_abbrev   0x00000000     0x54a3
 .debug_abbrev  0x00000000      0x238 build/main.o
 .debug_abbrev  0x00000238      0x15c build/gpio.o
 .debug_abbrev  0x00000394      0x1d4 build/spi.o
 .debug_abbrev  0x00000568      0x1a7 build/stm32f1xx_it.o
 .debug_abbrev  0x0000070f      0x130 build/stm32f1xx_hal_msp.o
 .debug_abbrev  0x0000083f      0x28a build/stm32f1xx_hal_spi.o
 .debug_abbrev  0x00000ac9      0x1f7 build/stm32f1xx_hal.o
 .debug_abbrev  0x00000cc0      0x2b8 build/stm32f1xx_hal_rcc.o
 .debug_abbrev  0x00000f78      0x222 build/stm32f1xx_hal_gpio.o
 .debug_abbrev  0x0000119a      0x244 build/stm32f1xx_hal_dma.o
 .debug_abbrev  0x000013de      0x359 build/stm32f1xx_hal_cortex.o
 .debug_abbrev  0x00001737      0x29d build/stm32f1xx_hal_tim.o
 .debug_abbrev  0x000019d4      0x29f build/stm32f1xx_hal_tim_ex.o
 .debug_abbrev  0x00001c73      0x140 build/system_stm32f1xx.o
 .debug_abbrev  0x00001db3       0xea build/sysmem.o
 .debug_abbrev  0x00001e9d      0x20c build/BMI088driver.o
 .debug_abbrev  0x000020a9      0x1fa build/BMI088Middleware.o
 .debug_abbrev  0x000022a3      0x33d build/ins_task.o
 .debug_abbrev  0x000025e0      0x117 build/dma.o
 .debug_abbrev  0x000026f7      0x2b5 build/QuaternionEKF.o
 .debug_abbrev  0x000029ac      0x1ca build/user_lib.o
 .debug_abbrev  0x00002b76      0x21d build/kalman_filter.o
 .debug_abbrev  0x00002d93      0x184 build/freertos.o
 .debug_abbrev  0x00002f17      0x202 build/stm32f1xx_hal_timebase_tim.o
 .debug_abbrev  0x00003119      0x124 build/list.o
 .debug_abbrev  0x0000323d      0x36b build/tasks.o
 .debug_abbrev  0x000035a8      0x269 build/heap_4.o
 .debug_abbrev  0x00003811      0x29d build/port.o
 .debug_abbrev  0x00003aae      0x37d build/cmsis_os.o
 .debug_abbrev  0x00003e2b      0x1bf build/plane.o
 .debug_abbrev  0x00003fea      0x1e2 build/tim.o
 .debug_abbrev  0x000041cc       0x12 build/startup_stm32f103xb.o
 .debug_abbrev  0x000041de      0x216 Middlewares/ST/ARM/DSP/Lib/libarm_cortexM3l_math.a(arm_mat_trans_f32.o)
 .debug_abbrev  0x000043f4      0x202 Middlewares/ST/ARM/DSP/Lib/libarm_cortexM3l_math.a(arm_mat_sub_f32.o)
 .debug_abbrev  0x000045f6      0x225 Middlewares/ST/ARM/DSP/Lib/libarm_cortexM3l_math.a(arm_mat_mult_f32.o)
 .debug_abbrev  0x0000481b      0x24c Middlewares/ST/ARM/DSP/Lib/libarm_cortexM3l_math.a(arm_mat_inverse_f32.o)
 .debug_abbrev  0x00004a67      0x1e7 Middlewares/ST/ARM/DSP/Lib/libarm_cortexM3l_math.a(arm_mat_init_f32.o)
 .debug_abbrev  0x00004c4e      0x202 Middlewares/ST/ARM/DSP/Lib/libarm_cortexM3l_math.a(arm_mat_add_f32.o)
 .debug_abbrev  0x00004e50      0x23b Middlewares/ST/ARM/DSP/Lib/libarm_cortexM3l_math.a(arm_sin_f32.o)
 .debug_abbrev  0x0000508b      0x23b Middlewares/ST/ARM/DSP/Lib/libarm_cortexM3l_math.a(arm_cos_f32.o)
 .debug_abbrev  0x000052c6      0x1dd Middlewares/ST/ARM/DSP/Lib/libarm_cortexM3l_math.a(arm_common_tables.o)

.debug_loc      0x00000000    0x14ba1
 .debug_loc     0x00000000       0xc8 build/main.o
 .debug_loc     0x000000c8       0x38 build/gpio.o
 .debug_loc     0x00000100      0x15c build/spi.o
 .debug_loc     0x0000025c       0xc0 build/stm32f1xx_it.o
 .debug_loc     0x0000031c       0x4d build/stm32f1xx_hal_msp.o
 .debug_loc     0x00000369     0x22e5 build/stm32f1xx_hal_spi.o
 .debug_loc     0x0000264e      0x1e1 build/stm32f1xx_hal.o
 .debug_loc     0x0000282f      0x790 build/stm32f1xx_hal_rcc.o
 .debug_loc     0x00002fbf      0x551 build/stm32f1xx_hal_gpio.o
 .debug_loc     0x00003510      0x901 build/stm32f1xx_hal_dma.o
 .debug_loc     0x00003e11      0x77f build/stm32f1xx_hal_cortex.o
 .debug_loc     0x00004590     0x5c88 build/stm32f1xx_hal_tim.o
 .debug_loc     0x0000a218     0x20f3 build/stm32f1xx_hal_tim_ex.o
 .debug_loc     0x0000c30b       0xff build/system_stm32f1xx.o
 .debug_loc     0x0000c40a       0x84 build/sysmem.o
 .debug_loc     0x0000c48e      0x435 build/BMI088driver.o
 .debug_loc     0x0000c8c3      0x285 build/BMI088Middleware.o
 .debug_loc     0x0000cb48      0x91f build/ins_task.o
 .debug_loc     0x0000d467       0x38 build/dma.o
 .debug_loc     0x0000d49f      0x63f build/QuaternionEKF.o
 .debug_loc     0x0000dade      0x835 build/user_lib.o
 .debug_loc     0x0000e313      0x3f9 build/kalman_filter.o
 .debug_loc     0x0000e70c       0x7d build/freertos.o
 .debug_loc     0x0000e789      0x152 build/stm32f1xx_hal_timebase_tim.o
 .debug_loc     0x0000e8db       0xe5 build/list.o
 .debug_loc     0x0000e9c0     0x245f build/tasks.o
 .debug_loc     0x00010e1f      0x4e4 build/heap_4.o
 .debug_loc     0x00011303      0x16c build/port.o
 .debug_loc     0x0001146f     0x1a22 build/cmsis_os.o
 .debug_loc     0x00012e91       0x9d build/plane.o
 .debug_loc     0x00012f2e      0x103 build/tim.o
 .debug_loc     0x00013031      0x2f5 Middlewares/ST/ARM/DSP/Lib/libarm_cortexM3l_math.a(arm_mat_trans_f32.o)
 .debug_loc     0x00013326      0x2ff Middlewares/ST/ARM/DSP/Lib/libarm_cortexM3l_math.a(arm_mat_sub_f32.o)
 .debug_loc     0x00013625      0x5ed Middlewares/ST/ARM/DSP/Lib/libarm_cortexM3l_math.a(arm_mat_mult_f32.o)
 .debug_loc     0x00013c12      0xa74 Middlewares/ST/ARM/DSP/Lib/libarm_cortexM3l_math.a(arm_mat_inverse_f32.o)
 .debug_loc     0x00014686      0x2ff Middlewares/ST/ARM/DSP/Lib/libarm_cortexM3l_math.a(arm_mat_add_f32.o)
 .debug_loc     0x00014985      0x10e Middlewares/ST/ARM/DSP/Lib/libarm_cortexM3l_math.a(arm_sin_f32.o)
 .debug_loc     0x00014a93      0x10e Middlewares/ST/ARM/DSP/Lib/libarm_cortexM3l_math.a(arm_cos_f32.o)

.debug_aranges  0x00000000     0x1468
 .debug_aranges
                0x00000000       0x38 build/main.o
 .debug_aranges
                0x00000038       0x20 build/gpio.o
 .debug_aranges
                0x00000058       0x38 build/spi.o
 .debug_aranges
                0x00000090       0x78 build/stm32f1xx_it.o
 .debug_aranges
                0x00000108       0x20 build/stm32f1xx_hal_msp.o
 .debug_aranges
                0x00000128      0x1d0 build/stm32f1xx_hal_spi.o
 .debug_aranges
                0x000002f8       0xe0 build/stm32f1xx_hal.o
 .debug_aranges
                0x000003d8       0x90 build/stm32f1xx_hal_rcc.o
 .debug_aranges
                0x00000468       0x58 build/stm32f1xx_hal_gpio.o
 .debug_aranges
                0x000004c0       0x80 build/stm32f1xx_hal_dma.o
 .debug_aranges
                0x00000540       0x90 build/stm32f1xx_hal_cortex.o
 .debug_aranges
                0x000005d0      0x3d0 build/stm32f1xx_hal_tim.o
 .debug_aranges
                0x000009a0      0x168 build/stm32f1xx_hal_tim_ex.o
 .debug_aranges
                0x00000b08       0x28 build/system_stm32f1xx.o
 .debug_aranges
                0x00000b30       0x20 build/sysmem.o
 .debug_aranges
                0x00000b50       0x50 build/BMI088driver.o
 .debug_aranges
                0x00000ba0       0x60 build/BMI088Middleware.o
 .debug_aranges
                0x00000c00       0x60 build/ins_task.o
 .debug_aranges
                0x00000c60       0x20 build/dma.o
 .debug_aranges
                0x00000c80       0x50 build/QuaternionEKF.o
 .debug_aranges
                0x00000cd0       0x98 build/user_lib.o
 .debug_aranges
                0x00000d68       0x60 build/kalman_filter.o
 .debug_aranges
                0x00000dc8       0x30 build/freertos.o
 .debug_aranges
                0x00000df8       0x30 build/stm32f1xx_hal_timebase_tim.o
 .debug_aranges
                0x00000e28       0x40 build/list.o
 .debug_aranges
                0x00000e68      0x1b8 build/tasks.o
 .debug_aranges
                0x00001020       0x58 build/heap_4.o
 .debug_aranges
                0x00001078       0x78 build/port.o
 .debug_aranges
                0x000010f0      0x1d8 build/cmsis_os.o
 .debug_aranges
                0x000012c8       0x30 build/plane.o
 .debug_aranges
                0x000012f8       0x30 build/tim.o
 .debug_aranges
                0x00001328       0x28 build/startup_stm32f103xb.o
 .debug_aranges
                0x00001350       0x20 Middlewares/ST/ARM/DSP/Lib/libarm_cortexM3l_math.a(arm_mat_trans_f32.o)
 .debug_aranges
                0x00001370       0x20 Middlewares/ST/ARM/DSP/Lib/libarm_cortexM3l_math.a(arm_mat_sub_f32.o)
 .debug_aranges
                0x00001390       0x20 Middlewares/ST/ARM/DSP/Lib/libarm_cortexM3l_math.a(arm_mat_mult_f32.o)
 .debug_aranges
                0x000013b0       0x20 Middlewares/ST/ARM/DSP/Lib/libarm_cortexM3l_math.a(arm_mat_inverse_f32.o)
 .debug_aranges
                0x000013d0       0x20 Middlewares/ST/ARM/DSP/Lib/libarm_cortexM3l_math.a(arm_mat_init_f32.o)
 .debug_aranges
                0x000013f0       0x20 Middlewares/ST/ARM/DSP/Lib/libarm_cortexM3l_math.a(arm_mat_add_f32.o)
 .debug_aranges
                0x00001410       0x20 Middlewares/ST/ARM/DSP/Lib/libarm_cortexM3l_math.a(arm_sin_f32.o)
 .debug_aranges
                0x00001430       0x20 Middlewares/ST/ARM/DSP/Lib/libarm_cortexM3l_math.a(arm_cos_f32.o)
 .debug_aranges
                0x00001450       0x18 Middlewares/ST/ARM/DSP/Lib/libarm_cortexM3l_math.a(arm_common_tables.o)

.debug_ranges   0x00000000     0x1378
 .debug_ranges  0x00000000       0x28 build/main.o
 .debug_ranges  0x00000028       0x10 build/gpio.o
 .debug_ranges  0x00000038       0x28 build/spi.o
 .debug_ranges  0x00000060       0x68 build/stm32f1xx_it.o
 .debug_ranges  0x000000c8       0x10 build/stm32f1xx_hal_msp.o
 .debug_ranges  0x000000d8      0x1c0 build/stm32f1xx_hal_spi.o
 .debug_ranges  0x00000298       0xd0 build/stm32f1xx_hal.o
 .debug_ranges  0x00000368       0xa0 build/stm32f1xx_hal_rcc.o
 .debug_ranges  0x00000408       0x48 build/stm32f1xx_hal_gpio.o
 .debug_ranges  0x00000450       0x70 build/stm32f1xx_hal_dma.o
 .debug_ranges  0x000004c0       0xe0 build/stm32f1xx_hal_cortex.o
 .debug_ranges  0x000005a0      0x3c0 build/stm32f1xx_hal_tim.o
 .debug_ranges  0x00000960      0x158 build/stm32f1xx_hal_tim_ex.o
 .debug_ranges  0x00000ab8       0x18 build/system_stm32f1xx.o
 .debug_ranges  0x00000ad0       0x10 build/sysmem.o
 .debug_ranges  0x00000ae0       0x40 build/BMI088driver.o
 .debug_ranges  0x00000b20       0x50 build/BMI088Middleware.o
 .debug_ranges  0x00000b70       0x80 build/ins_task.o
 .debug_ranges  0x00000bf0       0x10 build/dma.o
 .debug_ranges  0x00000c00       0x40 build/QuaternionEKF.o
 .debug_ranges  0x00000c40       0xa0 build/user_lib.o
 .debug_ranges  0x00000ce0       0x50 build/kalman_filter.o
 .debug_ranges  0x00000d30       0x20 build/freertos.o
 .debug_ranges  0x00000d50       0x20 build/stm32f1xx_hal_timebase_tim.o
 .debug_ranges  0x00000d70       0x30 build/list.o
 .debug_ranges  0x00000da0      0x280 build/tasks.o
 .debug_ranges  0x00001020       0x48 build/heap_4.o
 .debug_ranges  0x00001068       0x68 build/port.o
 .debug_ranges  0x000010d0      0x1c8 build/cmsis_os.o
 .debug_ranges  0x00001298       0x20 build/plane.o
 .debug_ranges  0x000012b8       0x20 build/tim.o
 .debug_ranges  0x000012d8       0x20 build/startup_stm32f103xb.o
 .debug_ranges  0x000012f8       0x10 Middlewares/ST/ARM/DSP/Lib/libarm_cortexM3l_math.a(arm_mat_trans_f32.o)
 .debug_ranges  0x00001308       0x10 Middlewares/ST/ARM/DSP/Lib/libarm_cortexM3l_math.a(arm_mat_sub_f32.o)
 .debug_ranges  0x00001318       0x10 Middlewares/ST/ARM/DSP/Lib/libarm_cortexM3l_math.a(arm_mat_mult_f32.o)
 .debug_ranges  0x00001328       0x10 Middlewares/ST/ARM/DSP/Lib/libarm_cortexM3l_math.a(arm_mat_inverse_f32.o)
 .debug_ranges  0x00001338       0x10 Middlewares/ST/ARM/DSP/Lib/libarm_cortexM3l_math.a(arm_mat_init_f32.o)
 .debug_ranges  0x00001348       0x10 Middlewares/ST/ARM/DSP/Lib/libarm_cortexM3l_math.a(arm_mat_add_f32.o)
 .debug_ranges  0x00001358       0x10 Middlewares/ST/ARM/DSP/Lib/libarm_cortexM3l_math.a(arm_sin_f32.o)
 .debug_ranges  0x00001368       0x10 Middlewares/ST/ARM/DSP/Lib/libarm_cortexM3l_math.a(arm_cos_f32.o)

.debug_line     0x00000000    0x16506
 .debug_line    0x00000000      0x3a4 build/main.o
 .debug_line    0x000003a4      0x1f8 build/gpio.o
 .debug_line    0x0000059c      0x474 build/spi.o
 .debug_line    0x00000a10      0x300 build/stm32f1xx_it.o
 .debug_line    0x00000d10      0x189 build/stm32f1xx_hal_msp.o
 .debug_line    0x00000e99     0x25e8 build/stm32f1xx_hal_spi.o
 .debug_line    0x00003481      0x4fe build/stm32f1xx_hal.o
 .debug_line    0x0000397f      0xbee build/stm32f1xx_hal_rcc.o
 .debug_line    0x0000456d      0x5b1 build/stm32f1xx_hal_gpio.o
 .debug_line    0x00004b1e      0xa2a build/stm32f1xx_hal_dma.o
 .debug_line    0x00005548      0x609 build/stm32f1xx_hal_cortex.o
 .debug_line    0x00005b51     0x493c build/stm32f1xx_hal_tim.o
 .debug_line    0x0000a48d     0x1b9b build/stm32f1xx_hal_tim_ex.o
 .debug_line    0x0000c028      0x216 build/system_stm32f1xx.o
 .debug_line    0x0000c23e      0x1a4 build/sysmem.o
 .debug_line    0x0000c3e2      0x46a build/BMI088driver.o
 .debug_line    0x0000c84c      0x31a build/BMI088Middleware.o
 .debug_line    0x0000cb66      0xc32 build/ins_task.o
 .debug_line    0x0000d798      0x171 build/dma.o
 .debug_line    0x0000d909      0xd62 build/QuaternionEKF.o
 .debug_line    0x0000e66b      0x622 build/user_lib.o
 .debug_line    0x0000ec8d      0x9ae build/kalman_filter.o
 .debug_line    0x0000f63b      0x22c build/freertos.o
 .debug_line    0x0000f867      0x2d7 build/stm32f1xx_hal_timebase_tim.o
 .debug_line    0x0000fb3e      0x344 build/list.o
 .debug_line    0x0000fe82     0x24bb build/tasks.o
 .debug_line    0x0001233d      0x713 build/heap_4.o
 .debug_line    0x00012a50      0x5f5 build/port.o
 .debug_line    0x00013045     0x1175 build/cmsis_os.o
 .debug_line    0x000141ba      0x28e build/plane.o
 .debug_line    0x00014448      0x2c5 build/tim.o
 .debug_line    0x0001470d       0x74 build/startup_stm32f103xb.o
 .debug_line    0x00014781      0x320 Middlewares/ST/ARM/DSP/Lib/libarm_cortexM3l_math.a(arm_mat_trans_f32.o)
 .debug_line    0x00014aa1      0x32b Middlewares/ST/ARM/DSP/Lib/libarm_cortexM3l_math.a(arm_mat_sub_f32.o)
 .debug_line    0x00014dcc      0x3a1 Middlewares/ST/ARM/DSP/Lib/libarm_cortexM3l_math.a(arm_mat_mult_f32.o)
 .debug_line    0x0001516d      0x620 Middlewares/ST/ARM/DSP/Lib/libarm_cortexM3l_math.a(arm_mat_inverse_f32.o)
 .debug_line    0x0001578d      0x259 Middlewares/ST/ARM/DSP/Lib/libarm_cortexM3l_math.a(arm_mat_init_f32.o)
 .debug_line    0x000159e6      0x32d Middlewares/ST/ARM/DSP/Lib/libarm_cortexM3l_math.a(arm_mat_add_f32.o)
 .debug_line    0x00015d13      0x2d7 Middlewares/ST/ARM/DSP/Lib/libarm_cortexM3l_math.a(arm_sin_f32.o)
 .debug_line    0x00015fea      0x2d9 Middlewares/ST/ARM/DSP/Lib/libarm_cortexM3l_math.a(arm_cos_f32.o)
 .debug_line    0x000162c3      0x243 Middlewares/ST/ARM/DSP/Lib/libarm_cortexM3l_math.a(arm_common_tables.o)

.debug_str      0x00000000     0x71de
 .debug_str     0x00000000      0x7dd build/main.o
                                0x89e (size before relaxing)
 .debug_str     0x000007dd      0x3d8 build/gpio.o
                                0x567 (size before relaxing)
 .debug_str     0x00000bb5      0x25c build/spi.o
                                0x6c1 (size before relaxing)
 .debug_str     0x00000e11      0x140 build/stm32f1xx_it.o
                                0x791 (size before relaxing)
 .debug_str     0x00000f51       0x57 build/stm32f1xx_hal_msp.o
                                0x4f6 (size before relaxing)
 .debug_str     0x00000fa8      0x583 build/stm32f1xx_hal_spi.o
                                0xb4e (size before relaxing)
 .debug_str     0x0000152b      0x2e3 build/stm32f1xx_hal.o
                                0x811 (size before relaxing)
 .debug_str     0x0000180e      0x202 build/stm32f1xx_hal_rcc.o
                                0x618 (size before relaxing)
 .debug_str     0x00001a10       0xf9 build/stm32f1xx_hal_gpio.o
                                0x3ed (size before relaxing)
 .debug_str     0x00001b09      0x1d8 build/stm32f1xx_hal_dma.o
                                0x5ea (size before relaxing)
 .debug_str     0x00001ce1      0x3a6 build/stm32f1xx_hal_cortex.o
                                0x8c0 (size before relaxing)
 .debug_str     0x00002087      0xec6 build/stm32f1xx_hal_tim.o
                               0x163c (size before relaxing)
 .debug_str     0x00002f4d      0x591 build/stm32f1xx_hal_tim_ex.o
                                0xe2d (size before relaxing)
 .debug_str     0x000034de       0x4f build/system_stm32f1xx.o
                                0x241 (size before relaxing)
 .debug_str     0x0000352d       0x7a build/sysmem.o
                                0x205 (size before relaxing)
 .debug_str     0x000035a7      0x406 build/BMI088driver.o
                                0x593 (size before relaxing)
 .debug_str     0x000039ad       0x3c build/BMI088Middleware.o
                                0x6b6 (size before relaxing)
 .debug_str     0x000039e9      0x668 build/ins_task.o
                                0xfa3 (size before relaxing)
 .debug_str     0x00004051        0xf build/dma.o
                                0x4cd (size before relaxing)
 .debug_str     0x00004060      0x22f build/QuaternionEKF.o
                                0x871 (size before relaxing)
 .debug_str     0x0000428f      0x108 build/user_lib.o
                                0x3a8 (size before relaxing)
 .debug_str     0x00004397       0xda build/kalman_filter.o
                                0x5f5 (size before relaxing)
 .debug_str     0x00004471      0x2c1 build/freertos.o
                                0x49a (size before relaxing)
 .debug_str     0x00004732       0x5c build/stm32f1xx_hal_timebase_tim.o
                                0xaff (size before relaxing)
 .debug_str     0x0000478e      0x136 build/list.o
                                0x2e2 (size before relaxing)
 .debug_str     0x000048c4      0xc04 build/tasks.o
                                0xffb (size before relaxing)
 .debug_str     0x000054c8      0x2c8 build/heap_4.o
                                0x4f0 (size before relaxing)
 .debug_str     0x00005790      0x17d build/port.o
                                0x44e (size before relaxing)
 .debug_str     0x0000590d      0x93f build/cmsis_os.o
                               0x1029 (size before relaxing)
 .debug_str     0x0000624c       0x6e build/plane.o
                                0x440 (size before relaxing)
 .debug_str     0x000062ba       0x1e build/tim.o
                                0xb1c (size before relaxing)
 .debug_str     0x000062d8       0x24 build/startup_stm32f103xb.o
                                 0x60 (size before relaxing)
 .debug_str     0x000062fc      0x5e2 Middlewares/ST/ARM/DSP/Lib/libarm_cortexM3l_math.a(arm_mat_trans_f32.o)
                                0x72d (size before relaxing)
 .debug_str     0x000068de       0x57 Middlewares/ST/ARM/DSP/Lib/libarm_cortexM3l_math.a(arm_mat_sub_f32.o)
                                0x740 (size before relaxing)
 .debug_str     0x00006935       0x5c Middlewares/ST/ARM/DSP/Lib/libarm_cortexM3l_math.a(arm_mat_mult_f32.o)
                                0x75c (size before relaxing)
 .debug_str     0x00006991       0x8c Middlewares/ST/ARM/DSP/Lib/libarm_cortexM3l_math.a(arm_mat_inverse_f32.o)
                                0x79b (size before relaxing)
 .debug_str     0x00006a1d       0x39 Middlewares/ST/ARM/DSP/Lib/libarm_cortexM3l_math.a(arm_mat_init_f32.o)
                                0x66b (size before relaxing)
 .debug_str     0x00006a56       0x2f Middlewares/ST/ARM/DSP/Lib/libarm_cortexM3l_math.a(arm_mat_add_f32.o)
                                0x740 (size before relaxing)
 .debug_str     0x00006a85      0x6f7 Middlewares/ST/ARM/DSP/Lib/libarm_cortexM3l_math.a(arm_sin_f32.o)
                                0xd1a (size before relaxing)
 .debug_str     0x0000717c       0x34 Middlewares/ST/ARM/DSP/Lib/libarm_cortexM3l_math.a(arm_cos_f32.o)
                                0xd1a (size before relaxing)
 .debug_str     0x000071b0       0x2e Middlewares/ST/ARM/DSP/Lib/libarm_cortexM3l_math.a(arm_common_tables.o)
                                0xcf5 (size before relaxing)

.debug_frame    0x00000000     0x3e00
 .debug_frame   0x00000000       0x70 build/main.o
 .debug_frame   0x00000070       0x34 build/gpio.o
 .debug_frame   0x000000a4       0x7c build/spi.o
 .debug_frame   0x00000120      0x100 build/stm32f1xx_it.o